[main] INFO  pages.BasePage  - Test
[main] INFO  pages.BasePage  - Test
[main] DEBUG pages.BasePage  - Checking if logs are displayed or not
[main] DEBUG pages.BasePage  - Checking if logs are displayed or not
[main] DEBUG pages.BasePage  - Checking if logs are displayed or not
[main] DEBUG pages.BasePage  - Checking if logs are displayed or not
[main] INFO  pages.BasePage  - Title of the Page is My Store
[main] INFO  pages.BasePage  - Title of the Page is My Store
[main] INFO  pages.BasePage  - Entered dress in the Serach
[main] DEBUG freemarker.cache  - Couldn't find template in cache for "v3html/v3-html-index.ftl"("en", UTF-8, parsed); will try to load it.
[main] DEBUG freemarker.cache  - TemplateLoader.findTemplateSource("v3html/v3-html-index_en.ftl"): Not found
[main] DEBUG freemarker.cache  - TemplateLoader.findTemplateSource("v3html/v3-html-index.ftl"): Found
[main] DEBUG freemarker.cache  - Loading template for "v3html/v3-html-index.ftl"("en", UTF-8, parsed) from "jar:file:/C:/Users/racheeka.ORADEV/.m2/repository/com/aventstack/extentreports/4.0.9/extentreports-4.0.9.jar!/com/aventstack/extentreports/view/v3html/v3-html-index.ftl"
[main] DEBUG freemarker.cache  - Couldn't find template in cache for "v3html/v3-html-head.ftl"("en", UTF-8, parsed); will try to load it.
[main] DEBUG freemarker.cache  - TemplateLoader.findTemplateSource("v3html/v3-html-head_en.ftl"): Not found
[main] DEBUG freemarker.cache  - TemplateLoader.findTemplateSource("v3html/v3-html-head.ftl"): Found
[main] DEBUG freemarker.cache  - Loading template for "v3html/v3-html-head.ftl"("en", UTF-8, parsed) from "jar:file:/C:/Users/racheeka.ORADEV/.m2/repository/com/aventstack/extentreports/4.0.9/extentreports-4.0.9.jar!/com/aventstack/extentreports/view/v3html/v3-html-head.ftl"
[main] DEBUG freemarker.cache  - Couldn't find template in cache for "v3html/v3-html-nav.ftl"("en", UTF-8, parsed); will try to load it.
[main] DEBUG freemarker.cache  - TemplateLoader.findTemplateSource("v3html/v3-html-nav_en.ftl"): Not found
[main] DEBUG freemarker.cache  - TemplateLoader.findTemplateSource("v3html/v3-html-nav.ftl"): Found
[main] DEBUG freemarker.cache  - Loading template for "v3html/v3-html-nav.ftl"("en", UTF-8, parsed) from "jar:file:/C:/Users/racheeka.ORADEV/.m2/repository/com/aventstack/extentreports/4.0.9/extentreports-4.0.9.jar!/com/aventstack/extentreports/view/v3html/v3-html-nav.ftl"
[main] DEBUG freemarker.cache  - Couldn't find template in cache for "v3html/test-view/v3-html-test-view.ftl"("en", UTF-8, parsed); will try to load it.
[main] DEBUG freemarker.cache  - TemplateLoader.findTemplateSource("v3html/test-view/v3-html-test-view_en.ftl"): Not found
[main] DEBUG freemarker.cache  - TemplateLoader.findTemplateSource("v3html/test-view/v3-html-test-view.ftl"): Found
[main] DEBUG freemarker.cache  - Loading template for "v3html/test-view/v3-html-test-view.ftl"("en", UTF-8, parsed) from "jar:file:/C:/Users/racheeka.ORADEV/.m2/repository/com/aventstack/extentreports/4.0.9/extentreports-4.0.9.jar!/com/aventstack/extentreports/view/v3html/test-view/v3-html-test-view.ftl"
[main] DEBUG freemarker.cache  - Couldn't find template in cache for "v3html/test-view/v3-html-test-view-charts.ftl"("en", UTF-8, parsed); will try to load it.
[main] DEBUG freemarker.cache  - TemplateLoader.findTemplateSource("v3html/test-view/v3-html-test-view-charts_en.ftl"): Not found
[main] DEBUG freemarker.cache  - TemplateLoader.findTemplateSource("v3html/test-view/v3-html-test-view-charts.ftl"): Found
[main] DEBUG freemarker.cache  - Loading template for "v3html/test-view/v3-html-test-view-charts.ftl"("en", UTF-8, parsed) from "jar:file:/C:/Users/racheeka.ORADEV/.m2/repository/com/aventstack/extentreports/4.0.9/extentreports-4.0.9.jar!/com/aventstack/extentreports/view/v3html/test-view/v3-html-test-view-charts.ftl"
[main] DEBUG freemarker.cache  - Couldn't find template in cache for "v3html/test-view/v3-html-standard.ftl"("en", UTF-8, parsed); will try to load it.
[main] DEBUG freemarker.cache  - TemplateLoader.findTemplateSource("v3html/test-view/v3-html-standard_en.ftl"): Not found
[main] DEBUG freemarker.cache  - TemplateLoader.findTemplateSource("v3html/test-view/v3-html-standard.ftl"): Found
[main] DEBUG freemarker.cache  - Loading template for "v3html/test-view/v3-html-standard.ftl"("en", UTF-8, parsed) from "jar:file:/C:/Users/racheeka.ORADEV/.m2/repository/com/aventstack/extentreports/4.0.9/extentreports-4.0.9.jar!/com/aventstack/extentreports/view/v3html/test-view/v3-html-standard.ftl"
[main] DEBUG freemarker.cache  - "v3html/test-view/v3-html-standard.ftl"("en", UTF-8, parsed) cached copy not yet stale; using cached.
[main] DEBUG freemarker.cache  - Couldn't find template in cache for "v3html/category-view/v3-html-category-view.ftl"("en", UTF-8, parsed); will try to load it.
[main] DEBUG freemarker.cache  - TemplateLoader.findTemplateSource("v3html/category-view/v3-html-category-view_en.ftl"): Not found
[main] DEBUG freemarker.cache  - TemplateLoader.findTemplateSource("v3html/category-view/v3-html-category-view.ftl"): Found
[main] DEBUG freemarker.cache  - Loading template for "v3html/category-view/v3-html-category-view.ftl"("en", UTF-8, parsed) from "jar:file:/C:/Users/racheeka.ORADEV/.m2/repository/com/aventstack/extentreports/4.0.9/extentreports-4.0.9.jar!/com/aventstack/extentreports/view/v3html/category-view/v3-html-category-view.ftl"
[main] DEBUG freemarker.cache  - Couldn't find template in cache for "v3html/exception-view/v3-html-exception-view.ftl"("en", UTF-8, parsed); will try to load it.
[main] DEBUG freemarker.cache  - TemplateLoader.findTemplateSource("v3html/exception-view/v3-html-exception-view_en.ftl"): Not found
[main] DEBUG freemarker.cache  - TemplateLoader.findTemplateSource("v3html/exception-view/v3-html-exception-view.ftl"): Found
[main] DEBUG freemarker.cache  - Loading template for "v3html/exception-view/v3-html-exception-view.ftl"("en", UTF-8, parsed) from "jar:file:/C:/Users/racheeka.ORADEV/.m2/repository/com/aventstack/extentreports/4.0.9/extentreports-4.0.9.jar!/com/aventstack/extentreports/view/v3html/exception-view/v3-html-exception-view.ftl"
[main] DEBUG freemarker.cache  - Couldn't find template in cache for "v3html/author-view/v3-html-author-view.ftl"("en", UTF-8, parsed); will try to load it.
[main] DEBUG freemarker.cache  - TemplateLoader.findTemplateSource("v3html/author-view/v3-html-author-view_en.ftl"): Not found
[main] DEBUG freemarker.cache  - TemplateLoader.findTemplateSource("v3html/author-view/v3-html-author-view.ftl"): Found
[main] DEBUG freemarker.cache  - Loading template for "v3html/author-view/v3-html-author-view.ftl"("en", UTF-8, parsed) from "jar:file:/C:/Users/racheeka.ORADEV/.m2/repository/com/aventstack/extentreports/4.0.9/extentreports-4.0.9.jar!/com/aventstack/extentreports/view/v3html/author-view/v3-html-author-view.ftl"
[main] DEBUG freemarker.cache  - Couldn't find template in cache for "v3html/dashboard-view/v3-html-dashboard-view.ftl"("en", UTF-8, parsed); will try to load it.
[main] DEBUG freemarker.cache  - TemplateLoader.findTemplateSource("v3html/dashboard-view/v3-html-dashboard-view_en.ftl"): Not found
[main] DEBUG freemarker.cache  - TemplateLoader.findTemplateSource("v3html/dashboard-view/v3-html-dashboard-view.ftl"): Found
[main] DEBUG freemarker.cache  - Loading template for "v3html/dashboard-view/v3-html-dashboard-view.ftl"("en", UTF-8, parsed) from "jar:file:/C:/Users/racheeka.ORADEV/.m2/repository/com/aventstack/extentreports/4.0.9/extentreports-4.0.9.jar!/com/aventstack/extentreports/view/v3html/dashboard-view/v3-html-dashboard-view.ftl"
[main] DEBUG freemarker.cache  - Couldn't find template in cache for "v3html/logs-view/v3-html-testrunner-logs-view.ftl"("en", UTF-8, parsed); will try to load it.
[main] DEBUG freemarker.cache  - TemplateLoader.findTemplateSource("v3html/logs-view/v3-html-testrunner-logs-view_en.ftl"): Not found
[main] DEBUG freemarker.cache  - TemplateLoader.findTemplateSource("v3html/logs-view/v3-html-testrunner-logs-view.ftl"): Found
[main] DEBUG freemarker.cache  - Loading template for "v3html/logs-view/v3-html-testrunner-logs-view.ftl"("en", UTF-8, parsed) from "jar:file:/C:/Users/racheeka.ORADEV/.m2/repository/com/aventstack/extentreports/4.0.9/extentreports-4.0.9.jar!/com/aventstack/extentreports/view/v3html/logs-view/v3-html-testrunner-logs-view.ftl"
[main] DEBUG pages.BasePage  - Checking if logs are displayed or not
[main] INFO  pages.BasePage  - Title of the Page is My Store
[main] INFO  pages.BasePage  - Title of the Page is My Store
[main] INFO  pages.BasePage  - Entered dress in the Serach
[main] DEBUG freemarker.cache  - Couldn't find template in cache for "v3html/v3-html-index.ftl"("en", UTF-8, parsed); will try to load it.
[main] DEBUG freemarker.cache  - TemplateLoader.findTemplateSource("v3html/v3-html-index_en.ftl"): Not found
[main] DEBUG freemarker.cache  - TemplateLoader.findTemplateSource("v3html/v3-html-index.ftl"): Found
[main] DEBUG freemarker.cache  - Loading template for "v3html/v3-html-index.ftl"("en", UTF-8, parsed) from "jar:file:/C:/Users/racheeka.ORADEV/.m2/repository/com/aventstack/extentreports/4.0.9/extentreports-4.0.9.jar!/com/aventstack/extentreports/view/v3html/v3-html-index.ftl"
[main] DEBUG freemarker.cache  - Couldn't find template in cache for "v3html/v3-html-head.ftl"("en", UTF-8, parsed); will try to load it.
[main] DEBUG freemarker.cache  - TemplateLoader.findTemplateSource("v3html/v3-html-head_en.ftl"): Not found
[main] DEBUG freemarker.cache  - TemplateLoader.findTemplateSource("v3html/v3-html-head.ftl"): Found
[main] DEBUG freemarker.cache  - Loading template for "v3html/v3-html-head.ftl"("en", UTF-8, parsed) from "jar:file:/C:/Users/racheeka.ORADEV/.m2/repository/com/aventstack/extentreports/4.0.9/extentreports-4.0.9.jar!/com/aventstack/extentreports/view/v3html/v3-html-head.ftl"
[main] DEBUG freemarker.cache  - Couldn't find template in cache for "v3html/v3-html-nav.ftl"("en", UTF-8, parsed); will try to load it.
[main] DEBUG freemarker.cache  - TemplateLoader.findTemplateSource("v3html/v3-html-nav_en.ftl"): Not found
[main] DEBUG freemarker.cache  - TemplateLoader.findTemplateSource("v3html/v3-html-nav.ftl"): Found
[main] DEBUG freemarker.cache  - Loading template for "v3html/v3-html-nav.ftl"("en", UTF-8, parsed) from "jar:file:/C:/Users/racheeka.ORADEV/.m2/repository/com/aventstack/extentreports/4.0.9/extentreports-4.0.9.jar!/com/aventstack/extentreports/view/v3html/v3-html-nav.ftl"
[main] DEBUG freemarker.cache  - Couldn't find template in cache for "v3html/test-view/v3-html-test-view.ftl"("en", UTF-8, parsed); will try to load it.
[main] DEBUG freemarker.cache  - TemplateLoader.findTemplateSource("v3html/test-view/v3-html-test-view_en.ftl"): Not found
[main] DEBUG freemarker.cache  - TemplateLoader.findTemplateSource("v3html/test-view/v3-html-test-view.ftl"): Found
[main] DEBUG freemarker.cache  - Loading template for "v3html/test-view/v3-html-test-view.ftl"("en", UTF-8, parsed) from "jar:file:/C:/Users/racheeka.ORADEV/.m2/repository/com/aventstack/extentreports/4.0.9/extentreports-4.0.9.jar!/com/aventstack/extentreports/view/v3html/test-view/v3-html-test-view.ftl"
[main] DEBUG freemarker.cache  - Couldn't find template in cache for "v3html/test-view/v3-html-test-view-charts.ftl"("en", UTF-8, parsed); will try to load it.
[main] DEBUG freemarker.cache  - TemplateLoader.findTemplateSource("v3html/test-view/v3-html-test-view-charts_en.ftl"): Not found
[main] DEBUG freemarker.cache  - TemplateLoader.findTemplateSource("v3html/test-view/v3-html-test-view-charts.ftl"): Found
[main] DEBUG freemarker.cache  - Loading template for "v3html/test-view/v3-html-test-view-charts.ftl"("en", UTF-8, parsed) from "jar:file:/C:/Users/racheeka.ORADEV/.m2/repository/com/aventstack/extentreports/4.0.9/extentreports-4.0.9.jar!/com/aventstack/extentreports/view/v3html/test-view/v3-html-test-view-charts.ftl"
[main] DEBUG freemarker.cache  - Couldn't find template in cache for "v3html/test-view/v3-html-standard.ftl"("en", UTF-8, parsed); will try to load it.
[main] DEBUG freemarker.cache  - TemplateLoader.findTemplateSource("v3html/test-view/v3-html-standard_en.ftl"): Not found
[main] DEBUG freemarker.cache  - TemplateLoader.findTemplateSource("v3html/test-view/v3-html-standard.ftl"): Found
[main] DEBUG freemarker.cache  - Loading template for "v3html/test-view/v3-html-standard.ftl"("en", UTF-8, parsed) from "jar:file:/C:/Users/racheeka.ORADEV/.m2/repository/com/aventstack/extentreports/4.0.9/extentreports-4.0.9.jar!/com/aventstack/extentreports/view/v3html/test-view/v3-html-standard.ftl"
[main] DEBUG freemarker.cache  - Couldn't find template in cache for "v3html/category-view/v3-html-category-view.ftl"("en", UTF-8, parsed); will try to load it.
[main] DEBUG freemarker.cache  - TemplateLoader.findTemplateSource("v3html/category-view/v3-html-category-view_en.ftl"): Not found
[main] DEBUG freemarker.cache  - TemplateLoader.findTemplateSource("v3html/category-view/v3-html-category-view.ftl"): Found
[main] DEBUG freemarker.cache  - Loading template for "v3html/category-view/v3-html-category-view.ftl"("en", UTF-8, parsed) from "jar:file:/C:/Users/racheeka.ORADEV/.m2/repository/com/aventstack/extentreports/4.0.9/extentreports-4.0.9.jar!/com/aventstack/extentreports/view/v3html/category-view/v3-html-category-view.ftl"
[main] DEBUG freemarker.cache  - Couldn't find template in cache for "v3html/exception-view/v3-html-exception-view.ftl"("en", UTF-8, parsed); will try to load it.
[main] DEBUG freemarker.cache  - TemplateLoader.findTemplateSource("v3html/exception-view/v3-html-exception-view_en.ftl"): Not found
[main] DEBUG freemarker.cache  - TemplateLoader.findTemplateSource("v3html/exception-view/v3-html-exception-view.ftl"): Found
[main] DEBUG freemarker.cache  - Loading template for "v3html/exception-view/v3-html-exception-view.ftl"("en", UTF-8, parsed) from "jar:file:/C:/Users/racheeka.ORADEV/.m2/repository/com/aventstack/extentreports/4.0.9/extentreports-4.0.9.jar!/com/aventstack/extentreports/view/v3html/exception-view/v3-html-exception-view.ftl"
[main] DEBUG freemarker.cache  - Couldn't find template in cache for "v3html/author-view/v3-html-author-view.ftl"("en", UTF-8, parsed); will try to load it.
[main] DEBUG freemarker.cache  - TemplateLoader.findTemplateSource("v3html/author-view/v3-html-author-view_en.ftl"): Not found
[main] DEBUG freemarker.cache  - TemplateLoader.findTemplateSource("v3html/author-view/v3-html-author-view.ftl"): Found
[main] DEBUG freemarker.cache  - Loading template for "v3html/author-view/v3-html-author-view.ftl"("en", UTF-8, parsed) from "jar:file:/C:/Users/racheeka.ORADEV/.m2/repository/com/aventstack/extentreports/4.0.9/extentreports-4.0.9.jar!/com/aventstack/extentreports/view/v3html/author-view/v3-html-author-view.ftl"
[main] DEBUG freemarker.cache  - Couldn't find template in cache for "v3html/dashboard-view/v3-html-dashboard-view.ftl"("en", UTF-8, parsed); will try to load it.
[main] DEBUG freemarker.cache  - TemplateLoader.findTemplateSource("v3html/dashboard-view/v3-html-dashboard-view_en.ftl"): Not found
[main] DEBUG freemarker.cache  - TemplateLoader.findTemplateSource("v3html/dashboard-view/v3-html-dashboard-view.ftl"): Found
[main] DEBUG freemarker.cache  - Loading template for "v3html/dashboard-view/v3-html-dashboard-view.ftl"("en", UTF-8, parsed) from "jar:file:/C:/Users/racheeka.ORADEV/.m2/repository/com/aventstack/extentreports/4.0.9/extentreports-4.0.9.jar!/com/aventstack/extentreports/view/v3html/dashboard-view/v3-html-dashboard-view.ftl"
[main] DEBUG freemarker.cache  - Couldn't find template in cache for "v3html/logs-view/v3-html-testrunner-logs-view.ftl"("en", UTF-8, parsed); will try to load it.
[main] DEBUG freemarker.cache  - TemplateLoader.findTemplateSource("v3html/logs-view/v3-html-testrunner-logs-view_en.ftl"): Not found
[main] DEBUG freemarker.cache  - TemplateLoader.findTemplateSource("v3html/logs-view/v3-html-testrunner-logs-view.ftl"): Found
[main] DEBUG freemarker.cache  - Loading template for "v3html/logs-view/v3-html-testrunner-logs-view.ftl"("en", UTF-8, parsed) from "jar:file:/C:/Users/racheeka.ORADEV/.m2/repository/com/aventstack/extentreports/4.0.9/extentreports-4.0.9.jar!/com/aventstack/extentreports/view/v3html/logs-view/v3-html-testrunner-logs-view.ftl"
[main] DEBUG pages.BasePage  - Checking if logs are displayed or not
[main] INFO  pages.BasePage  - Title of the Page is My Store
[main] INFO  pages.BasePage  - Title of the Page is My Store
[main] INFO  pages.BasePage  - Entered dress in the Serach
[main] DEBUG freemarker.cache  - Couldn't find template in cache for "v3html/v3-html-index.ftl"("en", UTF-8, parsed); will try to load it.
[main] DEBUG freemarker.cache  - TemplateLoader.findTemplateSource("v3html/v3-html-index_en.ftl"): Not found
[main] DEBUG freemarker.cache  - TemplateLoader.findTemplateSource("v3html/v3-html-index.ftl"): Found
[main] DEBUG freemarker.cache  - Loading template for "v3html/v3-html-index.ftl"("en", UTF-8, parsed) from "jar:file:/C:/Users/racheeka.ORADEV/.m2/repository/com/aventstack/extentreports/4.0.9/extentreports-4.0.9.jar!/com/aventstack/extentreports/view/v3html/v3-html-index.ftl"
[main] DEBUG freemarker.cache  - Couldn't find template in cache for "v3html/v3-html-head.ftl"("en", UTF-8, parsed); will try to load it.
[main] DEBUG freemarker.cache  - TemplateLoader.findTemplateSource("v3html/v3-html-head_en.ftl"): Not found
[main] DEBUG freemarker.cache  - TemplateLoader.findTemplateSource("v3html/v3-html-head.ftl"): Found
[main] DEBUG freemarker.cache  - Loading template for "v3html/v3-html-head.ftl"("en", UTF-8, parsed) from "jar:file:/C:/Users/racheeka.ORADEV/.m2/repository/com/aventstack/extentreports/4.0.9/extentreports-4.0.9.jar!/com/aventstack/extentreports/view/v3html/v3-html-head.ftl"
[main] DEBUG freemarker.cache  - Couldn't find template in cache for "v3html/v3-html-nav.ftl"("en", UTF-8, parsed); will try to load it.
[main] DEBUG freemarker.cache  - TemplateLoader.findTemplateSource("v3html/v3-html-nav_en.ftl"): Not found
[main] DEBUG freemarker.cache  - TemplateLoader.findTemplateSource("v3html/v3-html-nav.ftl"): Found
[main] DEBUG freemarker.cache  - Loading template for "v3html/v3-html-nav.ftl"("en", UTF-8, parsed) from "jar:file:/C:/Users/racheeka.ORADEV/.m2/repository/com/aventstack/extentreports/4.0.9/extentreports-4.0.9.jar!/com/aventstack/extentreports/view/v3html/v3-html-nav.ftl"
[main] DEBUG freemarker.cache  - Couldn't find template in cache for "v3html/test-view/v3-html-test-view.ftl"("en", UTF-8, parsed); will try to load it.
[main] DEBUG freemarker.cache  - TemplateLoader.findTemplateSource("v3html/test-view/v3-html-test-view_en.ftl"): Not found
[main] DEBUG freemarker.cache  - TemplateLoader.findTemplateSource("v3html/test-view/v3-html-test-view.ftl"): Found
[main] DEBUG freemarker.cache  - Loading template for "v3html/test-view/v3-html-test-view.ftl"("en", UTF-8, parsed) from "jar:file:/C:/Users/racheeka.ORADEV/.m2/repository/com/aventstack/extentreports/4.0.9/extentreports-4.0.9.jar!/com/aventstack/extentreports/view/v3html/test-view/v3-html-test-view.ftl"
[main] DEBUG freemarker.cache  - Couldn't find template in cache for "v3html/test-view/v3-html-test-view-charts.ftl"("en", UTF-8, parsed); will try to load it.
[main] DEBUG freemarker.cache  - TemplateLoader.findTemplateSource("v3html/test-view/v3-html-test-view-charts_en.ftl"): Not found
[main] DEBUG freemarker.cache  - TemplateLoader.findTemplateSource("v3html/test-view/v3-html-test-view-charts.ftl"): Found
[main] DEBUG freemarker.cache  - Loading template for "v3html/test-view/v3-html-test-view-charts.ftl"("en", UTF-8, parsed) from "jar:file:/C:/Users/racheeka.ORADEV/.m2/repository/com/aventstack/extentreports/4.0.9/extentreports-4.0.9.jar!/com/aventstack/extentreports/view/v3html/test-view/v3-html-test-view-charts.ftl"
[main] DEBUG freemarker.cache  - Couldn't find template in cache for "v3html/test-view/v3-html-standard.ftl"("en", UTF-8, parsed); will try to load it.
[main] DEBUG freemarker.cache  - TemplateLoader.findTemplateSource("v3html/test-view/v3-html-standard_en.ftl"): Not found
[main] DEBUG freemarker.cache  - TemplateLoader.findTemplateSource("v3html/test-view/v3-html-standard.ftl"): Found
[main] DEBUG freemarker.cache  - Loading template for "v3html/test-view/v3-html-standard.ftl"("en", UTF-8, parsed) from "jar:file:/C:/Users/racheeka.ORADEV/.m2/repository/com/aventstack/extentreports/4.0.9/extentreports-4.0.9.jar!/com/aventstack/extentreports/view/v3html/test-view/v3-html-standard.ftl"
[main] DEBUG freemarker.cache  - Couldn't find template in cache for "v3html/category-view/v3-html-category-view.ftl"("en", UTF-8, parsed); will try to load it.
[main] DEBUG freemarker.cache  - TemplateLoader.findTemplateSource("v3html/category-view/v3-html-category-view_en.ftl"): Not found
[main] DEBUG freemarker.cache  - TemplateLoader.findTemplateSource("v3html/category-view/v3-html-category-view.ftl"): Found
[main] DEBUG freemarker.cache  - Loading template for "v3html/category-view/v3-html-category-view.ftl"("en", UTF-8, parsed) from "jar:file:/C:/Users/racheeka.ORADEV/.m2/repository/com/aventstack/extentreports/4.0.9/extentreports-4.0.9.jar!/com/aventstack/extentreports/view/v3html/category-view/v3-html-category-view.ftl"
[main] DEBUG freemarker.cache  - Couldn't find template in cache for "v3html/exception-view/v3-html-exception-view.ftl"("en", UTF-8, parsed); will try to load it.
[main] DEBUG freemarker.cache  - TemplateLoader.findTemplateSource("v3html/exception-view/v3-html-exception-view_en.ftl"): Not found
[main] DEBUG freemarker.cache  - TemplateLoader.findTemplateSource("v3html/exception-view/v3-html-exception-view.ftl"): Found
[main] DEBUG freemarker.cache  - Loading template for "v3html/exception-view/v3-html-exception-view.ftl"("en", UTF-8, parsed) from "jar:file:/C:/Users/racheeka.ORADEV/.m2/repository/com/aventstack/extentreports/4.0.9/extentreports-4.0.9.jar!/com/aventstack/extentreports/view/v3html/exception-view/v3-html-exception-view.ftl"
[main] DEBUG freemarker.cache  - Couldn't find template in cache for "v3html/author-view/v3-html-author-view.ftl"("en", UTF-8, parsed); will try to load it.
[main] DEBUG freemarker.cache  - TemplateLoader.findTemplateSource("v3html/author-view/v3-html-author-view_en.ftl"): Not found
[main] DEBUG freemarker.cache  - TemplateLoader.findTemplateSource("v3html/author-view/v3-html-author-view.ftl"): Found
[main] DEBUG freemarker.cache  - Loading template for "v3html/author-view/v3-html-author-view.ftl"("en", UTF-8, parsed) from "jar:file:/C:/Users/racheeka.ORADEV/.m2/repository/com/aventstack/extentreports/4.0.9/extentreports-4.0.9.jar!/com/aventstack/extentreports/view/v3html/author-view/v3-html-author-view.ftl"
[main] DEBUG freemarker.cache  - Couldn't find template in cache for "v3html/dashboard-view/v3-html-dashboard-view.ftl"("en", UTF-8, parsed); will try to load it.
[main] DEBUG freemarker.cache  - TemplateLoader.findTemplateSource("v3html/dashboard-view/v3-html-dashboard-view_en.ftl"): Not found
[main] DEBUG freemarker.cache  - TemplateLoader.findTemplateSource("v3html/dashboard-view/v3-html-dashboard-view.ftl"): Found
[main] DEBUG freemarker.cache  - Loading template for "v3html/dashboard-view/v3-html-dashboard-view.ftl"("en", UTF-8, parsed) from "jar:file:/C:/Users/racheeka.ORADEV/.m2/repository/com/aventstack/extentreports/4.0.9/extentreports-4.0.9.jar!/com/aventstack/extentreports/view/v3html/dashboard-view/v3-html-dashboard-view.ftl"
[main] DEBUG freemarker.cache  - Couldn't find template in cache for "v3html/logs-view/v3-html-testrunner-logs-view.ftl"("en", UTF-8, parsed); will try to load it.
[main] DEBUG freemarker.cache  - TemplateLoader.findTemplateSource("v3html/logs-view/v3-html-testrunner-logs-view_en.ftl"): Not found
[main] DEBUG freemarker.cache  - TemplateLoader.findTemplateSource("v3html/logs-view/v3-html-testrunner-logs-view.ftl"): Found
[main] DEBUG freemarker.cache  - Loading template for "v3html/logs-view/v3-html-testrunner-logs-view.ftl"("en", UTF-8, parsed) from "jar:file:/C:/Users/racheeka.ORADEV/.m2/repository/com/aventstack/extentreports/4.0.9/extentreports-4.0.9.jar!/com/aventstack/extentreports/view/v3html/logs-view/v3-html-testrunner-logs-view.ftl"
[main] DEBUG pages.BasePage  - Checking if logs are displayed or not
[main] INFO  pages.BasePage  - Title of the Page is My Store
[main] INFO  pages.BasePage  - Title of the Page is My Store
[main] INFO  pages.BasePage  - Entered dress in the Serach
[main] INFO  pages.BasePage  - Title of the Page is Printed Summer Dress - My Store
[main] DEBUG freemarker.cache  - Couldn't find template in cache for "v3html/v3-html-index.ftl"("en", UTF-8, parsed); will try to load it.
[main] DEBUG freemarker.cache  - TemplateLoader.findTemplateSource("v3html/v3-html-index_en.ftl"): Not found
[main] DEBUG freemarker.cache  - TemplateLoader.findTemplateSource("v3html/v3-html-index.ftl"): Found
[main] DEBUG freemarker.cache  - Loading template for "v3html/v3-html-index.ftl"("en", UTF-8, parsed) from "jar:file:/C:/Users/racheeka.ORADEV/.m2/repository/com/aventstack/extentreports/4.0.9/extentreports-4.0.9.jar!/com/aventstack/extentreports/view/v3html/v3-html-index.ftl"
[main] DEBUG freemarker.cache  - Couldn't find template in cache for "v3html/v3-html-head.ftl"("en", UTF-8, parsed); will try to load it.
[main] DEBUG freemarker.cache  - TemplateLoader.findTemplateSource("v3html/v3-html-head_en.ftl"): Not found
[main] DEBUG freemarker.cache  - TemplateLoader.findTemplateSource("v3html/v3-html-head.ftl"): Found
[main] DEBUG freemarker.cache  - Loading template for "v3html/v3-html-head.ftl"("en", UTF-8, parsed) from "jar:file:/C:/Users/racheeka.ORADEV/.m2/repository/com/aventstack/extentreports/4.0.9/extentreports-4.0.9.jar!/com/aventstack/extentreports/view/v3html/v3-html-head.ftl"
[main] DEBUG freemarker.cache  - Couldn't find template in cache for "v3html/v3-html-nav.ftl"("en", UTF-8, parsed); will try to load it.
[main] DEBUG freemarker.cache  - TemplateLoader.findTemplateSource("v3html/v3-html-nav_en.ftl"): Not found
[main] DEBUG freemarker.cache  - TemplateLoader.findTemplateSource("v3html/v3-html-nav.ftl"): Found
[main] DEBUG freemarker.cache  - Loading template for "v3html/v3-html-nav.ftl"("en", UTF-8, parsed) from "jar:file:/C:/Users/racheeka.ORADEV/.m2/repository/com/aventstack/extentreports/4.0.9/extentreports-4.0.9.jar!/com/aventstack/extentreports/view/v3html/v3-html-nav.ftl"
[main] DEBUG freemarker.cache  - Couldn't find template in cache for "v3html/test-view/v3-html-test-view.ftl"("en", UTF-8, parsed); will try to load it.
[main] DEBUG freemarker.cache  - TemplateLoader.findTemplateSource("v3html/test-view/v3-html-test-view_en.ftl"): Not found
[main] DEBUG freemarker.cache  - TemplateLoader.findTemplateSource("v3html/test-view/v3-html-test-view.ftl"): Found
[main] DEBUG freemarker.cache  - Loading template for "v3html/test-view/v3-html-test-view.ftl"("en", UTF-8, parsed) from "jar:file:/C:/Users/racheeka.ORADEV/.m2/repository/com/aventstack/extentreports/4.0.9/extentreports-4.0.9.jar!/com/aventstack/extentreports/view/v3html/test-view/v3-html-test-view.ftl"
[main] DEBUG freemarker.cache  - Couldn't find template in cache for "v3html/test-view/v3-html-test-view-charts.ftl"("en", UTF-8, parsed); will try to load it.
[main] DEBUG freemarker.cache  - TemplateLoader.findTemplateSource("v3html/test-view/v3-html-test-view-charts_en.ftl"): Not found
[main] DEBUG freemarker.cache  - TemplateLoader.findTemplateSource("v3html/test-view/v3-html-test-view-charts.ftl"): Found
[main] DEBUG freemarker.cache  - Loading template for "v3html/test-view/v3-html-test-view-charts.ftl"("en", UTF-8, parsed) from "jar:file:/C:/Users/racheeka.ORADEV/.m2/repository/com/aventstack/extentreports/4.0.9/extentreports-4.0.9.jar!/com/aventstack/extentreports/view/v3html/test-view/v3-html-test-view-charts.ftl"
[main] DEBUG freemarker.cache  - Couldn't find template in cache for "v3html/test-view/v3-html-standard.ftl"("en", UTF-8, parsed); will try to load it.
[main] DEBUG freemarker.cache  - TemplateLoader.findTemplateSource("v3html/test-view/v3-html-standard_en.ftl"): Not found
[main] DEBUG freemarker.cache  - TemplateLoader.findTemplateSource("v3html/test-view/v3-html-standard.ftl"): Found
[main] DEBUG freemarker.cache  - Loading template for "v3html/test-view/v3-html-standard.ftl"("en", UTF-8, parsed) from "jar:file:/C:/Users/racheeka.ORADEV/.m2/repository/com/aventstack/extentreports/4.0.9/extentreports-4.0.9.jar!/com/aventstack/extentreports/view/v3html/test-view/v3-html-standard.ftl"
[main] DEBUG freemarker.cache  - Couldn't find template in cache for "v3html/category-view/v3-html-category-view.ftl"("en", UTF-8, parsed); will try to load it.
[main] DEBUG freemarker.cache  - TemplateLoader.findTemplateSource("v3html/category-view/v3-html-category-view_en.ftl"): Not found
[main] DEBUG freemarker.cache  - TemplateLoader.findTemplateSource("v3html/category-view/v3-html-category-view.ftl"): Found
[main] DEBUG freemarker.cache  - Loading template for "v3html/category-view/v3-html-category-view.ftl"("en", UTF-8, parsed) from "jar:file:/C:/Users/racheeka.ORADEV/.m2/repository/com/aventstack/extentreports/4.0.9/extentreports-4.0.9.jar!/com/aventstack/extentreports/view/v3html/category-view/v3-html-category-view.ftl"
[main] DEBUG freemarker.cache  - Couldn't find template in cache for "v3html/exception-view/v3-html-exception-view.ftl"("en", UTF-8, parsed); will try to load it.
[main] DEBUG freemarker.cache  - TemplateLoader.findTemplateSource("v3html/exception-view/v3-html-exception-view_en.ftl"): Not found
[main] DEBUG freemarker.cache  - TemplateLoader.findTemplateSource("v3html/exception-view/v3-html-exception-view.ftl"): Found
[main] DEBUG freemarker.cache  - Loading template for "v3html/exception-view/v3-html-exception-view.ftl"("en", UTF-8, parsed) from "jar:file:/C:/Users/racheeka.ORADEV/.m2/repository/com/aventstack/extentreports/4.0.9/extentreports-4.0.9.jar!/com/aventstack/extentreports/view/v3html/exception-view/v3-html-exception-view.ftl"
[main] DEBUG freemarker.cache  - Couldn't find template in cache for "v3html/author-view/v3-html-author-view.ftl"("en", UTF-8, parsed); will try to load it.
[main] DEBUG freemarker.cache  - TemplateLoader.findTemplateSource("v3html/author-view/v3-html-author-view_en.ftl"): Not found
[main] DEBUG freemarker.cache  - TemplateLoader.findTemplateSource("v3html/author-view/v3-html-author-view.ftl"): Found
[main] DEBUG freemarker.cache  - Loading template for "v3html/author-view/v3-html-author-view.ftl"("en", UTF-8, parsed) from "jar:file:/C:/Users/racheeka.ORADEV/.m2/repository/com/aventstack/extentreports/4.0.9/extentreports-4.0.9.jar!/com/aventstack/extentreports/view/v3html/author-view/v3-html-author-view.ftl"
[main] DEBUG freemarker.cache  - Couldn't find template in cache for "v3html/dashboard-view/v3-html-dashboard-view.ftl"("en", UTF-8, parsed); will try to load it.
[main] DEBUG freemarker.cache  - TemplateLoader.findTemplateSource("v3html/dashboard-view/v3-html-dashboard-view_en.ftl"): Not found
[main] DEBUG freemarker.cache  - TemplateLoader.findTemplateSource("v3html/dashboard-view/v3-html-dashboard-view.ftl"): Found
[main] DEBUG freemarker.cache  - Loading template for "v3html/dashboard-view/v3-html-dashboard-view.ftl"("en", UTF-8, parsed) from "jar:file:/C:/Users/racheeka.ORADEV/.m2/repository/com/aventstack/extentreports/4.0.9/extentreports-4.0.9.jar!/com/aventstack/extentreports/view/v3html/dashboard-view/v3-html-dashboard-view.ftl"
[main] DEBUG freemarker.cache  - Couldn't find template in cache for "v3html/logs-view/v3-html-testrunner-logs-view.ftl"("en", UTF-8, parsed); will try to load it.
[main] DEBUG freemarker.cache  - TemplateLoader.findTemplateSource("v3html/logs-view/v3-html-testrunner-logs-view_en.ftl"): Not found
[main] DEBUG freemarker.cache  - TemplateLoader.findTemplateSource("v3html/logs-view/v3-html-testrunner-logs-view.ftl"): Found
[main] DEBUG freemarker.cache  - Loading template for "v3html/logs-view/v3-html-testrunner-logs-view.ftl"("en", UTF-8, parsed) from "jar:file:/C:/Users/racheeka.ORADEV/.m2/repository/com/aventstack/extentreports/4.0.9/extentreports-4.0.9.jar!/com/aventstack/extentreports/view/v3html/logs-view/v3-html-testrunner-logs-view.ftl"
[main] DEBUG pages.BasePage  - Checking if logs are displayed or not
[main] INFO  pages.BasePage  - Title of the Page is My Store
[main] INFO  pages.BasePage  - Title of the Page is My Store
[main] INFO  pages.BasePage  - Entered dress in the Serach
[main] INFO  pages.BasePage  - Title of the Page is Printed Summer Dress - My Store
[main] DEBUG freemarker.cache  - Couldn't find template in cache for "v3html/v3-html-index.ftl"("en", UTF-8, parsed); will try to load it.
[main] DEBUG freemarker.cache  - TemplateLoader.findTemplateSource("v3html/v3-html-index_en.ftl"): Not found
[main] DEBUG freemarker.cache  - TemplateLoader.findTemplateSource("v3html/v3-html-index.ftl"): Found
[main] DEBUG freemarker.cache  - Loading template for "v3html/v3-html-index.ftl"("en", UTF-8, parsed) from "jar:file:/C:/Users/racheeka.ORADEV/.m2/repository/com/aventstack/extentreports/4.0.9/extentreports-4.0.9.jar!/com/aventstack/extentreports/view/v3html/v3-html-index.ftl"
[main] DEBUG freemarker.cache  - Couldn't find template in cache for "v3html/v3-html-head.ftl"("en", UTF-8, parsed); will try to load it.
[main] DEBUG freemarker.cache  - TemplateLoader.findTemplateSource("v3html/v3-html-head_en.ftl"): Not found
[main] DEBUG freemarker.cache  - TemplateLoader.findTemplateSource("v3html/v3-html-head.ftl"): Found
[main] DEBUG freemarker.cache  - Loading template for "v3html/v3-html-head.ftl"("en", UTF-8, parsed) from "jar:file:/C:/Users/racheeka.ORADEV/.m2/repository/com/aventstack/extentreports/4.0.9/extentreports-4.0.9.jar!/com/aventstack/extentreports/view/v3html/v3-html-head.ftl"
[main] DEBUG freemarker.cache  - Couldn't find template in cache for "v3html/v3-html-nav.ftl"("en", UTF-8, parsed); will try to load it.
[main] DEBUG freemarker.cache  - TemplateLoader.findTemplateSource("v3html/v3-html-nav_en.ftl"): Not found
[main] DEBUG freemarker.cache  - TemplateLoader.findTemplateSource("v3html/v3-html-nav.ftl"): Found
[main] DEBUG freemarker.cache  - Loading template for "v3html/v3-html-nav.ftl"("en", UTF-8, parsed) from "jar:file:/C:/Users/racheeka.ORADEV/.m2/repository/com/aventstack/extentreports/4.0.9/extentreports-4.0.9.jar!/com/aventstack/extentreports/view/v3html/v3-html-nav.ftl"
[main] DEBUG freemarker.cache  - Couldn't find template in cache for "v3html/test-view/v3-html-test-view.ftl"("en", UTF-8, parsed); will try to load it.
[main] DEBUG freemarker.cache  - TemplateLoader.findTemplateSource("v3html/test-view/v3-html-test-view_en.ftl"): Not found
[main] DEBUG freemarker.cache  - TemplateLoader.findTemplateSource("v3html/test-view/v3-html-test-view.ftl"): Found
[main] DEBUG freemarker.cache  - Loading template for "v3html/test-view/v3-html-test-view.ftl"("en", UTF-8, parsed) from "jar:file:/C:/Users/racheeka.ORADEV/.m2/repository/com/aventstack/extentreports/4.0.9/extentreports-4.0.9.jar!/com/aventstack/extentreports/view/v3html/test-view/v3-html-test-view.ftl"
[main] DEBUG freemarker.cache  - Couldn't find template in cache for "v3html/test-view/v3-html-test-view-charts.ftl"("en", UTF-8, parsed); will try to load it.
[main] DEBUG freemarker.cache  - TemplateLoader.findTemplateSource("v3html/test-view/v3-html-test-view-charts_en.ftl"): Not found
[main] DEBUG freemarker.cache  - TemplateLoader.findTemplateSource("v3html/test-view/v3-html-test-view-charts.ftl"): Found
[main] DEBUG freemarker.cache  - Loading template for "v3html/test-view/v3-html-test-view-charts.ftl"("en", UTF-8, parsed) from "jar:file:/C:/Users/racheeka.ORADEV/.m2/repository/com/aventstack/extentreports/4.0.9/extentreports-4.0.9.jar!/com/aventstack/extentreports/view/v3html/test-view/v3-html-test-view-charts.ftl"
[main] DEBUG freemarker.cache  - Couldn't find template in cache for "v3html/test-view/v3-html-standard.ftl"("en", UTF-8, parsed); will try to load it.
[main] DEBUG freemarker.cache  - TemplateLoader.findTemplateSource("v3html/test-view/v3-html-standard_en.ftl"): Not found
[main] DEBUG freemarker.cache  - TemplateLoader.findTemplateSource("v3html/test-view/v3-html-standard.ftl"): Found
[main] DEBUG freemarker.cache  - Loading template for "v3html/test-view/v3-html-standard.ftl"("en", UTF-8, parsed) from "jar:file:/C:/Users/racheeka.ORADEV/.m2/repository/com/aventstack/extentreports/4.0.9/extentreports-4.0.9.jar!/com/aventstack/extentreports/view/v3html/test-view/v3-html-standard.ftl"
[main] DEBUG freemarker.cache  - Couldn't find template in cache for "v3html/category-view/v3-html-category-view.ftl"("en", UTF-8, parsed); will try to load it.
[main] DEBUG freemarker.cache  - TemplateLoader.findTemplateSource("v3html/category-view/v3-html-category-view_en.ftl"): Not found
[main] DEBUG freemarker.cache  - TemplateLoader.findTemplateSource("v3html/category-view/v3-html-category-view.ftl"): Found
[main] DEBUG freemarker.cache  - Loading template for "v3html/category-view/v3-html-category-view.ftl"("en", UTF-8, parsed) from "jar:file:/C:/Users/racheeka.ORADEV/.m2/repository/com/aventstack/extentreports/4.0.9/extentreports-4.0.9.jar!/com/aventstack/extentreports/view/v3html/category-view/v3-html-category-view.ftl"
[main] DEBUG freemarker.cache  - Couldn't find template in cache for "v3html/exception-view/v3-html-exception-view.ftl"("en", UTF-8, parsed); will try to load it.
[main] DEBUG freemarker.cache  - TemplateLoader.findTemplateSource("v3html/exception-view/v3-html-exception-view_en.ftl"): Not found
[main] DEBUG freemarker.cache  - TemplateLoader.findTemplateSource("v3html/exception-view/v3-html-exception-view.ftl"): Found
[main] DEBUG freemarker.cache  - Loading template for "v3html/exception-view/v3-html-exception-view.ftl"("en", UTF-8, parsed) from "jar:file:/C:/Users/racheeka.ORADEV/.m2/repository/com/aventstack/extentreports/4.0.9/extentreports-4.0.9.jar!/com/aventstack/extentreports/view/v3html/exception-view/v3-html-exception-view.ftl"
[main] DEBUG freemarker.cache  - Couldn't find template in cache for "v3html/author-view/v3-html-author-view.ftl"("en", UTF-8, parsed); will try to load it.
[main] DEBUG freemarker.cache  - TemplateLoader.findTemplateSource("v3html/author-view/v3-html-author-view_en.ftl"): Not found
[main] DEBUG freemarker.cache  - TemplateLoader.findTemplateSource("v3html/author-view/v3-html-author-view.ftl"): Found
[main] DEBUG freemarker.cache  - Loading template for "v3html/author-view/v3-html-author-view.ftl"("en", UTF-8, parsed) from "jar:file:/C:/Users/racheeka.ORADEV/.m2/repository/com/aventstack/extentreports/4.0.9/extentreports-4.0.9.jar!/com/aventstack/extentreports/view/v3html/author-view/v3-html-author-view.ftl"
[main] DEBUG freemarker.cache  - Couldn't find template in cache for "v3html/dashboard-view/v3-html-dashboard-view.ftl"("en", UTF-8, parsed); will try to load it.
[main] DEBUG freemarker.cache  - TemplateLoader.findTemplateSource("v3html/dashboard-view/v3-html-dashboard-view_en.ftl"): Not found
[main] DEBUG freemarker.cache  - TemplateLoader.findTemplateSource("v3html/dashboard-view/v3-html-dashboard-view.ftl"): Found
[main] DEBUG freemarker.cache  - Loading template for "v3html/dashboard-view/v3-html-dashboard-view.ftl"("en", UTF-8, parsed) from "jar:file:/C:/Users/racheeka.ORADEV/.m2/repository/com/aventstack/extentreports/4.0.9/extentreports-4.0.9.jar!/com/aventstack/extentreports/view/v3html/dashboard-view/v3-html-dashboard-view.ftl"
[main] DEBUG freemarker.cache  - Couldn't find template in cache for "v3html/logs-view/v3-html-testrunner-logs-view.ftl"("en", UTF-8, parsed); will try to load it.
[main] DEBUG freemarker.cache  - TemplateLoader.findTemplateSource("v3html/logs-view/v3-html-testrunner-logs-view_en.ftl"): Not found
[main] DEBUG freemarker.cache  - TemplateLoader.findTemplateSource("v3html/logs-view/v3-html-testrunner-logs-view.ftl"): Found
[main] DEBUG freemarker.cache  - Loading template for "v3html/logs-view/v3-html-testrunner-logs-view.ftl"("en", UTF-8, parsed) from "jar:file:/C:/Users/racheeka.ORADEV/.m2/repository/com/aventstack/extentreports/4.0.9/extentreports-4.0.9.jar!/com/aventstack/extentreports/view/v3html/logs-view/v3-html-testrunner-logs-view.ftl"
[main] DEBUG pages.BasePage  - Checking if logs are displayed or not
[main] INFO  pages.BasePage  - Title of the Page is My Store
[main] INFO  pages.BasePage  - Title of the Page is My Store
[main] INFO  pages.BasePage  - Entered dress in the Serach
[main] INFO  pages.BasePage  - Title of the Page is Printed Summer Dress - My Store
[main] DEBUG freemarker.cache  - Couldn't find template in cache for "v3html/v3-html-index.ftl"("en", UTF-8, parsed); will try to load it.
[main] DEBUG freemarker.cache  - TemplateLoader.findTemplateSource("v3html/v3-html-index_en.ftl"): Not found
[main] DEBUG freemarker.cache  - TemplateLoader.findTemplateSource("v3html/v3-html-index.ftl"): Found
[main] DEBUG freemarker.cache  - Loading template for "v3html/v3-html-index.ftl"("en", UTF-8, parsed) from "jar:file:/C:/Users/racheeka.ORADEV/.m2/repository/com/aventstack/extentreports/4.0.9/extentreports-4.0.9.jar!/com/aventstack/extentreports/view/v3html/v3-html-index.ftl"
[main] DEBUG freemarker.cache  - Couldn't find template in cache for "v3html/v3-html-head.ftl"("en", UTF-8, parsed); will try to load it.
[main] DEBUG freemarker.cache  - TemplateLoader.findTemplateSource("v3html/v3-html-head_en.ftl"): Not found
[main] DEBUG freemarker.cache  - TemplateLoader.findTemplateSource("v3html/v3-html-head.ftl"): Found
[main] DEBUG freemarker.cache  - Loading template for "v3html/v3-html-head.ftl"("en", UTF-8, parsed) from "jar:file:/C:/Users/racheeka.ORADEV/.m2/repository/com/aventstack/extentreports/4.0.9/extentreports-4.0.9.jar!/com/aventstack/extentreports/view/v3html/v3-html-head.ftl"
[main] DEBUG freemarker.cache  - Couldn't find template in cache for "v3html/v3-html-nav.ftl"("en", UTF-8, parsed); will try to load it.
[main] DEBUG freemarker.cache  - TemplateLoader.findTemplateSource("v3html/v3-html-nav_en.ftl"): Not found
[main] DEBUG freemarker.cache  - TemplateLoader.findTemplateSource("v3html/v3-html-nav.ftl"): Found
[main] DEBUG freemarker.cache  - Loading template for "v3html/v3-html-nav.ftl"("en", UTF-8, parsed) from "jar:file:/C:/Users/racheeka.ORADEV/.m2/repository/com/aventstack/extentreports/4.0.9/extentreports-4.0.9.jar!/com/aventstack/extentreports/view/v3html/v3-html-nav.ftl"
[main] DEBUG freemarker.cache  - Couldn't find template in cache for "v3html/test-view/v3-html-test-view.ftl"("en", UTF-8, parsed); will try to load it.
[main] DEBUG freemarker.cache  - TemplateLoader.findTemplateSource("v3html/test-view/v3-html-test-view_en.ftl"): Not found
[main] DEBUG freemarker.cache  - TemplateLoader.findTemplateSource("v3html/test-view/v3-html-test-view.ftl"): Found
[main] DEBUG freemarker.cache  - Loading template for "v3html/test-view/v3-html-test-view.ftl"("en", UTF-8, parsed) from "jar:file:/C:/Users/racheeka.ORADEV/.m2/repository/com/aventstack/extentreports/4.0.9/extentreports-4.0.9.jar!/com/aventstack/extentreports/view/v3html/test-view/v3-html-test-view.ftl"
[main] DEBUG freemarker.cache  - Couldn't find template in cache for "v3html/test-view/v3-html-test-view-charts.ftl"("en", UTF-8, parsed); will try to load it.
[main] DEBUG freemarker.cache  - TemplateLoader.findTemplateSource("v3html/test-view/v3-html-test-view-charts_en.ftl"): Not found
[main] DEBUG freemarker.cache  - TemplateLoader.findTemplateSource("v3html/test-view/v3-html-test-view-charts.ftl"): Found
[main] DEBUG freemarker.cache  - Loading template for "v3html/test-view/v3-html-test-view-charts.ftl"("en", UTF-8, parsed) from "jar:file:/C:/Users/racheeka.ORADEV/.m2/repository/com/aventstack/extentreports/4.0.9/extentreports-4.0.9.jar!/com/aventstack/extentreports/view/v3html/test-view/v3-html-test-view-charts.ftl"
[main] DEBUG freemarker.cache  - Couldn't find template in cache for "v3html/test-view/v3-html-standard.ftl"("en", UTF-8, parsed); will try to load it.
[main] DEBUG freemarker.cache  - TemplateLoader.findTemplateSource("v3html/test-view/v3-html-standard_en.ftl"): Not found
[main] DEBUG freemarker.cache  - TemplateLoader.findTemplateSource("v3html/test-view/v3-html-standard.ftl"): Found
[main] DEBUG freemarker.cache  - Loading template for "v3html/test-view/v3-html-standard.ftl"("en", UTF-8, parsed) from "jar:file:/C:/Users/racheeka.ORADEV/.m2/repository/com/aventstack/extentreports/4.0.9/extentreports-4.0.9.jar!/com/aventstack/extentreports/view/v3html/test-view/v3-html-standard.ftl"
[main] DEBUG freemarker.cache  - Couldn't find template in cache for "v3html/category-view/v3-html-category-view.ftl"("en", UTF-8, parsed); will try to load it.
[main] DEBUG freemarker.cache  - TemplateLoader.findTemplateSource("v3html/category-view/v3-html-category-view_en.ftl"): Not found
[main] DEBUG freemarker.cache  - TemplateLoader.findTemplateSource("v3html/category-view/v3-html-category-view.ftl"): Found
[main] DEBUG freemarker.cache  - Loading template for "v3html/category-view/v3-html-category-view.ftl"("en", UTF-8, parsed) from "jar:file:/C:/Users/racheeka.ORADEV/.m2/repository/com/aventstack/extentreports/4.0.9/extentreports-4.0.9.jar!/com/aventstack/extentreports/view/v3html/category-view/v3-html-category-view.ftl"
[main] DEBUG freemarker.cache  - Couldn't find template in cache for "v3html/exception-view/v3-html-exception-view.ftl"("en", UTF-8, parsed); will try to load it.
[main] DEBUG freemarker.cache  - TemplateLoader.findTemplateSource("v3html/exception-view/v3-html-exception-view_en.ftl"): Not found
[main] DEBUG freemarker.cache  - TemplateLoader.findTemplateSource("v3html/exception-view/v3-html-exception-view.ftl"): Found
[main] DEBUG freemarker.cache  - Loading template for "v3html/exception-view/v3-html-exception-view.ftl"("en", UTF-8, parsed) from "jar:file:/C:/Users/racheeka.ORADEV/.m2/repository/com/aventstack/extentreports/4.0.9/extentreports-4.0.9.jar!/com/aventstack/extentreports/view/v3html/exception-view/v3-html-exception-view.ftl"
[main] DEBUG freemarker.cache  - Couldn't find template in cache for "v3html/author-view/v3-html-author-view.ftl"("en", UTF-8, parsed); will try to load it.
[main] DEBUG freemarker.cache  - TemplateLoader.findTemplateSource("v3html/author-view/v3-html-author-view_en.ftl"): Not found
[main] DEBUG freemarker.cache  - TemplateLoader.findTemplateSource("v3html/author-view/v3-html-author-view.ftl"): Found
[main] DEBUG freemarker.cache  - Loading template for "v3html/author-view/v3-html-author-view.ftl"("en", UTF-8, parsed) from "jar:file:/C:/Users/racheeka.ORADEV/.m2/repository/com/aventstack/extentreports/4.0.9/extentreports-4.0.9.jar!/com/aventstack/extentreports/view/v3html/author-view/v3-html-author-view.ftl"
[main] DEBUG freemarker.cache  - Couldn't find template in cache for "v3html/dashboard-view/v3-html-dashboard-view.ftl"("en", UTF-8, parsed); will try to load it.
[main] DEBUG freemarker.cache  - TemplateLoader.findTemplateSource("v3html/dashboard-view/v3-html-dashboard-view_en.ftl"): Not found
[main] DEBUG freemarker.cache  - TemplateLoader.findTemplateSource("v3html/dashboard-view/v3-html-dashboard-view.ftl"): Found
[main] DEBUG freemarker.cache  - Loading template for "v3html/dashboard-view/v3-html-dashboard-view.ftl"("en", UTF-8, parsed) from "jar:file:/C:/Users/racheeka.ORADEV/.m2/repository/com/aventstack/extentreports/4.0.9/extentreports-4.0.9.jar!/com/aventstack/extentreports/view/v3html/dashboard-view/v3-html-dashboard-view.ftl"
[main] DEBUG freemarker.cache  - Couldn't find template in cache for "v3html/logs-view/v3-html-testrunner-logs-view.ftl"("en", UTF-8, parsed); will try to load it.
[main] DEBUG freemarker.cache  - TemplateLoader.findTemplateSource("v3html/logs-view/v3-html-testrunner-logs-view_en.ftl"): Not found
[main] DEBUG freemarker.cache  - TemplateLoader.findTemplateSource("v3html/logs-view/v3-html-testrunner-logs-view.ftl"): Found
[main] DEBUG freemarker.cache  - Loading template for "v3html/logs-view/v3-html-testrunner-logs-view.ftl"("en", UTF-8, parsed) from "jar:file:/C:/Users/racheeka.ORADEV/.m2/repository/com/aventstack/extentreports/4.0.9/extentreports-4.0.9.jar!/com/aventstack/extentreports/view/v3html/logs-view/v3-html-testrunner-logs-view.ftl"
[main] DEBUG pages.BasePage  - Checking if logs are displayed or not
[main] INFO  pages.BasePage  - Title of the Page is My Store
[main] INFO  pages.BasePage  - Title of the Page is My Store
[main] INFO  pages.BasePage  - Entered dress in the Serach
[main] INFO  pages.BasePage  - Title of the Page is Printed Summer Dress - My Store
[main] DEBUG freemarker.cache  - Couldn't find template in cache for "v3html/v3-html-index.ftl"("en", UTF-8, parsed); will try to load it.
[main] DEBUG freemarker.cache  - TemplateLoader.findTemplateSource("v3html/v3-html-index_en.ftl"): Not found
[main] DEBUG freemarker.cache  - TemplateLoader.findTemplateSource("v3html/v3-html-index.ftl"): Found
[main] DEBUG freemarker.cache  - Loading template for "v3html/v3-html-index.ftl"("en", UTF-8, parsed) from "jar:file:/C:/Users/racheeka.ORADEV/.m2/repository/com/aventstack/extentreports/4.0.9/extentreports-4.0.9.jar!/com/aventstack/extentreports/view/v3html/v3-html-index.ftl"
[main] DEBUG freemarker.cache  - Couldn't find template in cache for "v3html/v3-html-head.ftl"("en", UTF-8, parsed); will try to load it.
[main] DEBUG freemarker.cache  - TemplateLoader.findTemplateSource("v3html/v3-html-head_en.ftl"): Not found
[main] DEBUG freemarker.cache  - TemplateLoader.findTemplateSource("v3html/v3-html-head.ftl"): Found
[main] DEBUG freemarker.cache  - Loading template for "v3html/v3-html-head.ftl"("en", UTF-8, parsed) from "jar:file:/C:/Users/racheeka.ORADEV/.m2/repository/com/aventstack/extentreports/4.0.9/extentreports-4.0.9.jar!/com/aventstack/extentreports/view/v3html/v3-html-head.ftl"
[main] DEBUG freemarker.cache  - Couldn't find template in cache for "v3html/v3-html-nav.ftl"("en", UTF-8, parsed); will try to load it.
[main] DEBUG freemarker.cache  - TemplateLoader.findTemplateSource("v3html/v3-html-nav_en.ftl"): Not found
[main] DEBUG freemarker.cache  - TemplateLoader.findTemplateSource("v3html/v3-html-nav.ftl"): Found
[main] DEBUG freemarker.cache  - Loading template for "v3html/v3-html-nav.ftl"("en", UTF-8, parsed) from "jar:file:/C:/Users/racheeka.ORADEV/.m2/repository/com/aventstack/extentreports/4.0.9/extentreports-4.0.9.jar!/com/aventstack/extentreports/view/v3html/v3-html-nav.ftl"
[main] DEBUG freemarker.cache  - Couldn't find template in cache for "v3html/test-view/v3-html-test-view.ftl"("en", UTF-8, parsed); will try to load it.
[main] DEBUG freemarker.cache  - TemplateLoader.findTemplateSource("v3html/test-view/v3-html-test-view_en.ftl"): Not found
[main] DEBUG freemarker.cache  - TemplateLoader.findTemplateSource("v3html/test-view/v3-html-test-view.ftl"): Found
[main] DEBUG freemarker.cache  - Loading template for "v3html/test-view/v3-html-test-view.ftl"("en", UTF-8, parsed) from "jar:file:/C:/Users/racheeka.ORADEV/.m2/repository/com/aventstack/extentreports/4.0.9/extentreports-4.0.9.jar!/com/aventstack/extentreports/view/v3html/test-view/v3-html-test-view.ftl"
[main] DEBUG freemarker.cache  - Couldn't find template in cache for "v3html/test-view/v3-html-test-view-charts.ftl"("en", UTF-8, parsed); will try to load it.
[main] DEBUG freemarker.cache  - TemplateLoader.findTemplateSource("v3html/test-view/v3-html-test-view-charts_en.ftl"): Not found
[main] DEBUG freemarker.cache  - TemplateLoader.findTemplateSource("v3html/test-view/v3-html-test-view-charts.ftl"): Found
[main] DEBUG freemarker.cache  - Loading template for "v3html/test-view/v3-html-test-view-charts.ftl"("en", UTF-8, parsed) from "jar:file:/C:/Users/racheeka.ORADEV/.m2/repository/com/aventstack/extentreports/4.0.9/extentreports-4.0.9.jar!/com/aventstack/extentreports/view/v3html/test-view/v3-html-test-view-charts.ftl"
[main] DEBUG freemarker.cache  - Couldn't find template in cache for "v3html/test-view/v3-html-standard.ftl"("en", UTF-8, parsed); will try to load it.
[main] DEBUG freemarker.cache  - TemplateLoader.findTemplateSource("v3html/test-view/v3-html-standard_en.ftl"): Not found
[main] DEBUG freemarker.cache  - TemplateLoader.findTemplateSource("v3html/test-view/v3-html-standard.ftl"): Found
[main] DEBUG freemarker.cache  - Loading template for "v3html/test-view/v3-html-standard.ftl"("en", UTF-8, parsed) from "jar:file:/C:/Users/racheeka.ORADEV/.m2/repository/com/aventstack/extentreports/4.0.9/extentreports-4.0.9.jar!/com/aventstack/extentreports/view/v3html/test-view/v3-html-standard.ftl"
[main] DEBUG freemarker.cache  - Couldn't find template in cache for "v3html/category-view/v3-html-category-view.ftl"("en", UTF-8, parsed); will try to load it.
[main] DEBUG freemarker.cache  - TemplateLoader.findTemplateSource("v3html/category-view/v3-html-category-view_en.ftl"): Not found
[main] DEBUG freemarker.cache  - TemplateLoader.findTemplateSource("v3html/category-view/v3-html-category-view.ftl"): Found
[main] DEBUG freemarker.cache  - Loading template for "v3html/category-view/v3-html-category-view.ftl"("en", UTF-8, parsed) from "jar:file:/C:/Users/racheeka.ORADEV/.m2/repository/com/aventstack/extentreports/4.0.9/extentreports-4.0.9.jar!/com/aventstack/extentreports/view/v3html/category-view/v3-html-category-view.ftl"
[main] DEBUG freemarker.cache  - Couldn't find template in cache for "v3html/exception-view/v3-html-exception-view.ftl"("en", UTF-8, parsed); will try to load it.
[main] DEBUG freemarker.cache  - TemplateLoader.findTemplateSource("v3html/exception-view/v3-html-exception-view_en.ftl"): Not found
[main] DEBUG freemarker.cache  - TemplateLoader.findTemplateSource("v3html/exception-view/v3-html-exception-view.ftl"): Found
[main] DEBUG freemarker.cache  - Loading template for "v3html/exception-view/v3-html-exception-view.ftl"("en", UTF-8, parsed) from "jar:file:/C:/Users/racheeka.ORADEV/.m2/repository/com/aventstack/extentreports/4.0.9/extentreports-4.0.9.jar!/com/aventstack/extentreports/view/v3html/exception-view/v3-html-exception-view.ftl"
[main] DEBUG freemarker.cache  - Couldn't find template in cache for "v3html/author-view/v3-html-author-view.ftl"("en", UTF-8, parsed); will try to load it.
[main] DEBUG freemarker.cache  - TemplateLoader.findTemplateSource("v3html/author-view/v3-html-author-view_en.ftl"): Not found
[main] DEBUG freemarker.cache  - TemplateLoader.findTemplateSource("v3html/author-view/v3-html-author-view.ftl"): Found
[main] DEBUG freemarker.cache  - Loading template for "v3html/author-view/v3-html-author-view.ftl"("en", UTF-8, parsed) from "jar:file:/C:/Users/racheeka.ORADEV/.m2/repository/com/aventstack/extentreports/4.0.9/extentreports-4.0.9.jar!/com/aventstack/extentreports/view/v3html/author-view/v3-html-author-view.ftl"
[main] DEBUG freemarker.cache  - Couldn't find template in cache for "v3html/dashboard-view/v3-html-dashboard-view.ftl"("en", UTF-8, parsed); will try to load it.
[main] DEBUG freemarker.cache  - TemplateLoader.findTemplateSource("v3html/dashboard-view/v3-html-dashboard-view_en.ftl"): Not found
[main] DEBUG freemarker.cache  - TemplateLoader.findTemplateSource("v3html/dashboard-view/v3-html-dashboard-view.ftl"): Found
[main] DEBUG freemarker.cache  - Loading template for "v3html/dashboard-view/v3-html-dashboard-view.ftl"("en", UTF-8, parsed) from "jar:file:/C:/Users/racheeka.ORADEV/.m2/repository/com/aventstack/extentreports/4.0.9/extentreports-4.0.9.jar!/com/aventstack/extentreports/view/v3html/dashboard-view/v3-html-dashboard-view.ftl"
[main] DEBUG freemarker.cache  - Couldn't find template in cache for "v3html/logs-view/v3-html-testrunner-logs-view.ftl"("en", UTF-8, parsed); will try to load it.
[main] DEBUG freemarker.cache  - TemplateLoader.findTemplateSource("v3html/logs-view/v3-html-testrunner-logs-view_en.ftl"): Not found
[main] DEBUG freemarker.cache  - TemplateLoader.findTemplateSource("v3html/logs-view/v3-html-testrunner-logs-view.ftl"): Found
[main] DEBUG freemarker.cache  - Loading template for "v3html/logs-view/v3-html-testrunner-logs-view.ftl"("en", UTF-8, parsed) from "jar:file:/C:/Users/racheeka.ORADEV/.m2/repository/com/aventstack/extentreports/4.0.9/extentreports-4.0.9.jar!/com/aventstack/extentreports/view/v3html/logs-view/v3-html-testrunner-logs-view.ftl"
[main] DEBUG pages.BasePage  - Checking if logs are displayed or not
[main] INFO  pages.BasePage  - Title of the Page is My Store
[main] INFO  pages.BasePage  - Title of the Page is My Store
[main] INFO  pages.BasePage  - Entered dress in the Serach
[main] INFO  pages.BasePage  - Title of the Page is Printed Summer Dress - My Store
[main] DEBUG freemarker.cache  - Couldn't find template in cache for "v3html/v3-html-index.ftl"("en", UTF-8, parsed); will try to load it.
[main] DEBUG freemarker.cache  - TemplateLoader.findTemplateSource("v3html/v3-html-index_en.ftl"): Not found
[main] DEBUG freemarker.cache  - TemplateLoader.findTemplateSource("v3html/v3-html-index.ftl"): Found
[main] DEBUG freemarker.cache  - Loading template for "v3html/v3-html-index.ftl"("en", UTF-8, parsed) from "jar:file:/C:/Users/racheeka.ORADEV/.m2/repository/com/aventstack/extentreports/4.0.9/extentreports-4.0.9.jar!/com/aventstack/extentreports/view/v3html/v3-html-index.ftl"
[main] DEBUG freemarker.cache  - Couldn't find template in cache for "v3html/v3-html-head.ftl"("en", UTF-8, parsed); will try to load it.
[main] DEBUG freemarker.cache  - TemplateLoader.findTemplateSource("v3html/v3-html-head_en.ftl"): Not found
[main] DEBUG freemarker.cache  - TemplateLoader.findTemplateSource("v3html/v3-html-head.ftl"): Found
[main] DEBUG freemarker.cache  - Loading template for "v3html/v3-html-head.ftl"("en", UTF-8, parsed) from "jar:file:/C:/Users/racheeka.ORADEV/.m2/repository/com/aventstack/extentreports/4.0.9/extentreports-4.0.9.jar!/com/aventstack/extentreports/view/v3html/v3-html-head.ftl"
[main] DEBUG freemarker.cache  - Couldn't find template in cache for "v3html/v3-html-nav.ftl"("en", UTF-8, parsed); will try to load it.
[main] DEBUG freemarker.cache  - TemplateLoader.findTemplateSource("v3html/v3-html-nav_en.ftl"): Not found
[main] DEBUG freemarker.cache  - TemplateLoader.findTemplateSource("v3html/v3-html-nav.ftl"): Found
[main] DEBUG freemarker.cache  - Loading template for "v3html/v3-html-nav.ftl"("en", UTF-8, parsed) from "jar:file:/C:/Users/racheeka.ORADEV/.m2/repository/com/aventstack/extentreports/4.0.9/extentreports-4.0.9.jar!/com/aventstack/extentreports/view/v3html/v3-html-nav.ftl"
[main] DEBUG freemarker.cache  - Couldn't find template in cache for "v3html/test-view/v3-html-test-view.ftl"("en", UTF-8, parsed); will try to load it.
[main] DEBUG freemarker.cache  - TemplateLoader.findTemplateSource("v3html/test-view/v3-html-test-view_en.ftl"): Not found
[main] DEBUG freemarker.cache  - TemplateLoader.findTemplateSource("v3html/test-view/v3-html-test-view.ftl"): Found
[main] DEBUG freemarker.cache  - Loading template for "v3html/test-view/v3-html-test-view.ftl"("en", UTF-8, parsed) from "jar:file:/C:/Users/racheeka.ORADEV/.m2/repository/com/aventstack/extentreports/4.0.9/extentreports-4.0.9.jar!/com/aventstack/extentreports/view/v3html/test-view/v3-html-test-view.ftl"
[main] DEBUG freemarker.cache  - Couldn't find template in cache for "v3html/test-view/v3-html-test-view-charts.ftl"("en", UTF-8, parsed); will try to load it.
[main] DEBUG freemarker.cache  - TemplateLoader.findTemplateSource("v3html/test-view/v3-html-test-view-charts_en.ftl"): Not found
[main] DEBUG freemarker.cache  - TemplateLoader.findTemplateSource("v3html/test-view/v3-html-test-view-charts.ftl"): Found
[main] DEBUG freemarker.cache  - Loading template for "v3html/test-view/v3-html-test-view-charts.ftl"("en", UTF-8, parsed) from "jar:file:/C:/Users/racheeka.ORADEV/.m2/repository/com/aventstack/extentreports/4.0.9/extentreports-4.0.9.jar!/com/aventstack/extentreports/view/v3html/test-view/v3-html-test-view-charts.ftl"
[main] DEBUG freemarker.cache  - Couldn't find template in cache for "v3html/test-view/v3-html-standard.ftl"("en", UTF-8, parsed); will try to load it.
[main] DEBUG freemarker.cache  - TemplateLoader.findTemplateSource("v3html/test-view/v3-html-standard_en.ftl"): Not found
[main] DEBUG freemarker.cache  - TemplateLoader.findTemplateSource("v3html/test-view/v3-html-standard.ftl"): Found
[main] DEBUG freemarker.cache  - Loading template for "v3html/test-view/v3-html-standard.ftl"("en", UTF-8, parsed) from "jar:file:/C:/Users/racheeka.ORADEV/.m2/repository/com/aventstack/extentreports/4.0.9/extentreports-4.0.9.jar!/com/aventstack/extentreports/view/v3html/test-view/v3-html-standard.ftl"
[main] DEBUG freemarker.cache  - Couldn't find template in cache for "v3html/category-view/v3-html-category-view.ftl"("en", UTF-8, parsed); will try to load it.
[main] DEBUG freemarker.cache  - TemplateLoader.findTemplateSource("v3html/category-view/v3-html-category-view_en.ftl"): Not found
[main] DEBUG freemarker.cache  - TemplateLoader.findTemplateSource("v3html/category-view/v3-html-category-view.ftl"): Found
[main] DEBUG freemarker.cache  - Loading template for "v3html/category-view/v3-html-category-view.ftl"("en", UTF-8, parsed) from "jar:file:/C:/Users/racheeka.ORADEV/.m2/repository/com/aventstack/extentreports/4.0.9/extentreports-4.0.9.jar!/com/aventstack/extentreports/view/v3html/category-view/v3-html-category-view.ftl"
[main] DEBUG freemarker.cache  - Couldn't find template in cache for "v3html/exception-view/v3-html-exception-view.ftl"("en", UTF-8, parsed); will try to load it.
[main] DEBUG freemarker.cache  - TemplateLoader.findTemplateSource("v3html/exception-view/v3-html-exception-view_en.ftl"): Not found
[main] DEBUG freemarker.cache  - TemplateLoader.findTemplateSource("v3html/exception-view/v3-html-exception-view.ftl"): Found
[main] DEBUG freemarker.cache  - Loading template for "v3html/exception-view/v3-html-exception-view.ftl"("en", UTF-8, parsed) from "jar:file:/C:/Users/racheeka.ORADEV/.m2/repository/com/aventstack/extentreports/4.0.9/extentreports-4.0.9.jar!/com/aventstack/extentreports/view/v3html/exception-view/v3-html-exception-view.ftl"
[main] DEBUG freemarker.cache  - Couldn't find template in cache for "v3html/author-view/v3-html-author-view.ftl"("en", UTF-8, parsed); will try to load it.
[main] DEBUG freemarker.cache  - TemplateLoader.findTemplateSource("v3html/author-view/v3-html-author-view_en.ftl"): Not found
[main] DEBUG freemarker.cache  - TemplateLoader.findTemplateSource("v3html/author-view/v3-html-author-view.ftl"): Found
[main] DEBUG freemarker.cache  - Loading template for "v3html/author-view/v3-html-author-view.ftl"("en", UTF-8, parsed) from "jar:file:/C:/Users/racheeka.ORADEV/.m2/repository/com/aventstack/extentreports/4.0.9/extentreports-4.0.9.jar!/com/aventstack/extentreports/view/v3html/author-view/v3-html-author-view.ftl"
[main] DEBUG freemarker.cache  - Couldn't find template in cache for "v3html/dashboard-view/v3-html-dashboard-view.ftl"("en", UTF-8, parsed); will try to load it.
[main] DEBUG freemarker.cache  - TemplateLoader.findTemplateSource("v3html/dashboard-view/v3-html-dashboard-view_en.ftl"): Not found
[main] DEBUG freemarker.cache  - TemplateLoader.findTemplateSource("v3html/dashboard-view/v3-html-dashboard-view.ftl"): Found
[main] DEBUG freemarker.cache  - Loading template for "v3html/dashboard-view/v3-html-dashboard-view.ftl"("en", UTF-8, parsed) from "jar:file:/C:/Users/racheeka.ORADEV/.m2/repository/com/aventstack/extentreports/4.0.9/extentreports-4.0.9.jar!/com/aventstack/extentreports/view/v3html/dashboard-view/v3-html-dashboard-view.ftl"
[main] DEBUG freemarker.cache  - Couldn't find template in cache for "v3html/logs-view/v3-html-testrunner-logs-view.ftl"("en", UTF-8, parsed); will try to load it.
[main] DEBUG freemarker.cache  - TemplateLoader.findTemplateSource("v3html/logs-view/v3-html-testrunner-logs-view_en.ftl"): Not found
[main] DEBUG freemarker.cache  - TemplateLoader.findTemplateSource("v3html/logs-view/v3-html-testrunner-logs-view.ftl"): Found
[main] DEBUG freemarker.cache  - Loading template for "v3html/logs-view/v3-html-testrunner-logs-view.ftl"("en", UTF-8, parsed) from "jar:file:/C:/Users/racheeka.ORADEV/.m2/repository/com/aventstack/extentreports/4.0.9/extentreports-4.0.9.jar!/com/aventstack/extentreports/view/v3html/logs-view/v3-html-testrunner-logs-view.ftl"
[main] DEBUG pages.BasePage  - Checking if logs are displayed or not
[main] INFO  pages.BasePage  - Title of the Page is My Store
[main] INFO  pages.BasePage  - Title of the Page is My Store
[main] INFO  pages.BasePage  - Entered dress in the Serach
[main] INFO  pages.BasePage  - Title of the Page is Printed Summer Dress - My Store
[main] DEBUG pages.BasePage  - Checking if logs are displayed or not
[main] INFO  pages.BasePage  - Title of the Page is My Store
[main] INFO  pages.BasePage  - Title of the Page is My Store
[main] INFO  pages.BasePage  - Entered dress in the Serach
[main] INFO  pages.BasePage  - Title of the Page is Printed Summer Dress - My Store
[main] DEBUG pages.BasePage  - Checking if logs are displayed or not
[main] INFO  pages.BasePage  - Title of the Page is My Store
[main] INFO  pages.BasePage  - Title of the Page is My Store
[main] INFO  pages.BasePage  - Entered dress in the Serach
[main] INFO  pages.BasePage  - Title of the Page is Printed Summer Dress - My Store
[main] INFO  pages.BasePage  - Title of the Page is Order - My Store
[main] INFO  pages.BasePage  - Title of the Page is Order - My Store
[main] INFO  pages.BasePage  - Entered dress in the Serach
[main] INFO  pages.BasePage  - Title of the Page is Printed Summer Dress - My Store
[main] INFO  pages.BasePage  - Title of the Page is Order - My Store
[main] INFO  pages.BasePage  - Title of the Page is Order - My Store
[main] INFO  pages.BasePage  - Entered dress in the Serach
[main] DEBUG freemarker.cache  - Couldn't find template in cache for "v3html/v3-html-index.ftl"("en", UTF-8, parsed); will try to load it.
[main] DEBUG freemarker.cache  - TemplateLoader.findTemplateSource("v3html/v3-html-index_en.ftl"): Not found
[main] DEBUG freemarker.cache  - TemplateLoader.findTemplateSource("v3html/v3-html-index.ftl"): Found
[main] DEBUG freemarker.cache  - Loading template for "v3html/v3-html-index.ftl"("en", UTF-8, parsed) from "jar:file:/C:/Users/racheeka.ORADEV/.m2/repository/com/aventstack/extentreports/4.0.9/extentreports-4.0.9.jar!/com/aventstack/extentreports/view/v3html/v3-html-index.ftl"
[main] DEBUG freemarker.cache  - Couldn't find template in cache for "v3html/v3-html-head.ftl"("en", UTF-8, parsed); will try to load it.
[main] DEBUG freemarker.cache  - TemplateLoader.findTemplateSource("v3html/v3-html-head_en.ftl"): Not found
[main] DEBUG freemarker.cache  - TemplateLoader.findTemplateSource("v3html/v3-html-head.ftl"): Found
[main] DEBUG freemarker.cache  - Loading template for "v3html/v3-html-head.ftl"("en", UTF-8, parsed) from "jar:file:/C:/Users/racheeka.ORADEV/.m2/repository/com/aventstack/extentreports/4.0.9/extentreports-4.0.9.jar!/com/aventstack/extentreports/view/v3html/v3-html-head.ftl"
[main] DEBUG freemarker.cache  - Couldn't find template in cache for "v3html/v3-html-nav.ftl"("en", UTF-8, parsed); will try to load it.
[main] DEBUG freemarker.cache  - TemplateLoader.findTemplateSource("v3html/v3-html-nav_en.ftl"): Not found
[main] DEBUG freemarker.cache  - TemplateLoader.findTemplateSource("v3html/v3-html-nav.ftl"): Found
[main] DEBUG freemarker.cache  - Loading template for "v3html/v3-html-nav.ftl"("en", UTF-8, parsed) from "jar:file:/C:/Users/racheeka.ORADEV/.m2/repository/com/aventstack/extentreports/4.0.9/extentreports-4.0.9.jar!/com/aventstack/extentreports/view/v3html/v3-html-nav.ftl"
[main] DEBUG freemarker.cache  - Couldn't find template in cache for "v3html/test-view/v3-html-test-view.ftl"("en", UTF-8, parsed); will try to load it.
[main] DEBUG freemarker.cache  - TemplateLoader.findTemplateSource("v3html/test-view/v3-html-test-view_en.ftl"): Not found
[main] DEBUG freemarker.cache  - TemplateLoader.findTemplateSource("v3html/test-view/v3-html-test-view.ftl"): Found
[main] DEBUG freemarker.cache  - Loading template for "v3html/test-view/v3-html-test-view.ftl"("en", UTF-8, parsed) from "jar:file:/C:/Users/racheeka.ORADEV/.m2/repository/com/aventstack/extentreports/4.0.9/extentreports-4.0.9.jar!/com/aventstack/extentreports/view/v3html/test-view/v3-html-test-view.ftl"
[main] DEBUG freemarker.cache  - Couldn't find template in cache for "v3html/test-view/v3-html-test-view-charts.ftl"("en", UTF-8, parsed); will try to load it.
[main] DEBUG freemarker.cache  - TemplateLoader.findTemplateSource("v3html/test-view/v3-html-test-view-charts_en.ftl"): Not found
[main] DEBUG freemarker.cache  - TemplateLoader.findTemplateSource("v3html/test-view/v3-html-test-view-charts.ftl"): Found
[main] DEBUG freemarker.cache  - Loading template for "v3html/test-view/v3-html-test-view-charts.ftl"("en", UTF-8, parsed) from "jar:file:/C:/Users/racheeka.ORADEV/.m2/repository/com/aventstack/extentreports/4.0.9/extentreports-4.0.9.jar!/com/aventstack/extentreports/view/v3html/test-view/v3-html-test-view-charts.ftl"
[main] DEBUG freemarker.cache  - Couldn't find template in cache for "v3html/test-view/v3-html-standard.ftl"("en", UTF-8, parsed); will try to load it.
[main] DEBUG freemarker.cache  - TemplateLoader.findTemplateSource("v3html/test-view/v3-html-standard_en.ftl"): Not found
[main] DEBUG freemarker.cache  - TemplateLoader.findTemplateSource("v3html/test-view/v3-html-standard.ftl"): Found
[main] DEBUG freemarker.cache  - Loading template for "v3html/test-view/v3-html-standard.ftl"("en", UTF-8, parsed) from "jar:file:/C:/Users/racheeka.ORADEV/.m2/repository/com/aventstack/extentreports/4.0.9/extentreports-4.0.9.jar!/com/aventstack/extentreports/view/v3html/test-view/v3-html-standard.ftl"
[main] DEBUG freemarker.cache  - "v3html/test-view/v3-html-standard.ftl"("en", UTF-8, parsed) cached copy not yet stale; using cached.
[main] DEBUG freemarker.cache  - "v3html/test-view/v3-html-standard.ftl"("en", UTF-8, parsed) cached copy not yet stale; using cached.
[main] DEBUG freemarker.cache  - Couldn't find template in cache for "v3html/category-view/v3-html-category-view.ftl"("en", UTF-8, parsed); will try to load it.
[main] DEBUG freemarker.cache  - TemplateLoader.findTemplateSource("v3html/category-view/v3-html-category-view_en.ftl"): Not found
[main] DEBUG freemarker.cache  - TemplateLoader.findTemplateSource("v3html/category-view/v3-html-category-view.ftl"): Found
[main] DEBUG freemarker.cache  - Loading template for "v3html/category-view/v3-html-category-view.ftl"("en", UTF-8, parsed) from "jar:file:/C:/Users/racheeka.ORADEV/.m2/repository/com/aventstack/extentreports/4.0.9/extentreports-4.0.9.jar!/com/aventstack/extentreports/view/v3html/category-view/v3-html-category-view.ftl"
[main] DEBUG freemarker.cache  - Couldn't find template in cache for "v3html/exception-view/v3-html-exception-view.ftl"("en", UTF-8, parsed); will try to load it.
[main] DEBUG freemarker.cache  - TemplateLoader.findTemplateSource("v3html/exception-view/v3-html-exception-view_en.ftl"): Not found
[main] DEBUG freemarker.cache  - TemplateLoader.findTemplateSource("v3html/exception-view/v3-html-exception-view.ftl"): Found
[main] DEBUG freemarker.cache  - Loading template for "v3html/exception-view/v3-html-exception-view.ftl"("en", UTF-8, parsed) from "jar:file:/C:/Users/racheeka.ORADEV/.m2/repository/com/aventstack/extentreports/4.0.9/extentreports-4.0.9.jar!/com/aventstack/extentreports/view/v3html/exception-view/v3-html-exception-view.ftl"
[main] DEBUG freemarker.cache  - Couldn't find template in cache for "v3html/author-view/v3-html-author-view.ftl"("en", UTF-8, parsed); will try to load it.
[main] DEBUG freemarker.cache  - TemplateLoader.findTemplateSource("v3html/author-view/v3-html-author-view_en.ftl"): Not found
[main] DEBUG freemarker.cache  - TemplateLoader.findTemplateSource("v3html/author-view/v3-html-author-view.ftl"): Found
[main] DEBUG freemarker.cache  - Loading template for "v3html/author-view/v3-html-author-view.ftl"("en", UTF-8, parsed) from "jar:file:/C:/Users/racheeka.ORADEV/.m2/repository/com/aventstack/extentreports/4.0.9/extentreports-4.0.9.jar!/com/aventstack/extentreports/view/v3html/author-view/v3-html-author-view.ftl"
[main] DEBUG freemarker.cache  - Couldn't find template in cache for "v3html/dashboard-view/v3-html-dashboard-view.ftl"("en", UTF-8, parsed); will try to load it.
[main] DEBUG freemarker.cache  - TemplateLoader.findTemplateSource("v3html/dashboard-view/v3-html-dashboard-view_en.ftl"): Not found
[main] DEBUG freemarker.cache  - TemplateLoader.findTemplateSource("v3html/dashboard-view/v3-html-dashboard-view.ftl"): Found
[main] DEBUG freemarker.cache  - Loading template for "v3html/dashboard-view/v3-html-dashboard-view.ftl"("en", UTF-8, parsed) from "jar:file:/C:/Users/racheeka.ORADEV/.m2/repository/com/aventstack/extentreports/4.0.9/extentreports-4.0.9.jar!/com/aventstack/extentreports/view/v3html/dashboard-view/v3-html-dashboard-view.ftl"
[main] DEBUG freemarker.cache  - Couldn't find template in cache for "v3html/logs-view/v3-html-testrunner-logs-view.ftl"("en", UTF-8, parsed); will try to load it.
[main] DEBUG freemarker.cache  - TemplateLoader.findTemplateSource("v3html/logs-view/v3-html-testrunner-logs-view_en.ftl"): Not found
[main] DEBUG freemarker.cache  - TemplateLoader.findTemplateSource("v3html/logs-view/v3-html-testrunner-logs-view.ftl"): Found
[main] DEBUG freemarker.cache  - Loading template for "v3html/logs-view/v3-html-testrunner-logs-view.ftl"("en", UTF-8, parsed) from "jar:file:/C:/Users/racheeka.ORADEV/.m2/repository/com/aventstack/extentreports/4.0.9/extentreports-4.0.9.jar!/com/aventstack/extentreports/view/v3html/logs-view/v3-html-testrunner-logs-view.ftl"
[main] DEBUG pages.BasePage  - Checking if logs are displayed or not
[main] INFO  pages.BasePage  - Title of the Page is My Store
[main] INFO  pages.BasePage  - Title of the Page is My Store
[main] INFO  pages.BasePage  - Entered dress in the Serach
[main] INFO  pages.BasePage  - Title of the Page is Printed Summer Dress - My Store
[main] INFO  pages.BasePage  - Title of the Page is Order - My Store
[main] INFO  pages.BasePage  - Title of the Page is Order - My Store
[main] INFO  pages.BasePage  - Entered dress in the Serach
[main] INFO  pages.BasePage  - Title of the Page is Printed Summer Dress - My Store
[main] INFO  pages.BasePage  - Title of the Page is Order - My Store
[main] INFO  pages.BasePage  - Title of the Page is Order - My Store
[main] INFO  pages.BasePage  - Entered dress in the Serach
[main] DEBUG freemarker.cache  - Couldn't find template in cache for "v3html/v3-html-index.ftl"("en", UTF-8, parsed); will try to load it.
[main] DEBUG freemarker.cache  - TemplateLoader.findTemplateSource("v3html/v3-html-index_en.ftl"): Not found
[main] DEBUG freemarker.cache  - TemplateLoader.findTemplateSource("v3html/v3-html-index.ftl"): Found
[main] DEBUG freemarker.cache  - Loading template for "v3html/v3-html-index.ftl"("en", UTF-8, parsed) from "jar:file:/C:/Users/racheeka.ORADEV/.m2/repository/com/aventstack/extentreports/4.0.9/extentreports-4.0.9.jar!/com/aventstack/extentreports/view/v3html/v3-html-index.ftl"
[main] DEBUG freemarker.cache  - Couldn't find template in cache for "v3html/v3-html-head.ftl"("en", UTF-8, parsed); will try to load it.
[main] DEBUG freemarker.cache  - TemplateLoader.findTemplateSource("v3html/v3-html-head_en.ftl"): Not found
[main] DEBUG freemarker.cache  - TemplateLoader.findTemplateSource("v3html/v3-html-head.ftl"): Found
[main] DEBUG freemarker.cache  - Loading template for "v3html/v3-html-head.ftl"("en", UTF-8, parsed) from "jar:file:/C:/Users/racheeka.ORADEV/.m2/repository/com/aventstack/extentreports/4.0.9/extentreports-4.0.9.jar!/com/aventstack/extentreports/view/v3html/v3-html-head.ftl"
[main] DEBUG freemarker.cache  - Couldn't find template in cache for "v3html/v3-html-nav.ftl"("en", UTF-8, parsed); will try to load it.
[main] DEBUG freemarker.cache  - TemplateLoader.findTemplateSource("v3html/v3-html-nav_en.ftl"): Not found
[main] DEBUG freemarker.cache  - TemplateLoader.findTemplateSource("v3html/v3-html-nav.ftl"): Found
[main] DEBUG freemarker.cache  - Loading template for "v3html/v3-html-nav.ftl"("en", UTF-8, parsed) from "jar:file:/C:/Users/racheeka.ORADEV/.m2/repository/com/aventstack/extentreports/4.0.9/extentreports-4.0.9.jar!/com/aventstack/extentreports/view/v3html/v3-html-nav.ftl"
[main] DEBUG freemarker.cache  - Couldn't find template in cache for "v3html/test-view/v3-html-test-view.ftl"("en", UTF-8, parsed); will try to load it.
[main] DEBUG freemarker.cache  - TemplateLoader.findTemplateSource("v3html/test-view/v3-html-test-view_en.ftl"): Not found
[main] DEBUG freemarker.cache  - TemplateLoader.findTemplateSource("v3html/test-view/v3-html-test-view.ftl"): Found
[main] DEBUG freemarker.cache  - Loading template for "v3html/test-view/v3-html-test-view.ftl"("en", UTF-8, parsed) from "jar:file:/C:/Users/racheeka.ORADEV/.m2/repository/com/aventstack/extentreports/4.0.9/extentreports-4.0.9.jar!/com/aventstack/extentreports/view/v3html/test-view/v3-html-test-view.ftl"
[main] DEBUG freemarker.cache  - Couldn't find template in cache for "v3html/test-view/v3-html-test-view-charts.ftl"("en", UTF-8, parsed); will try to load it.
[main] DEBUG freemarker.cache  - TemplateLoader.findTemplateSource("v3html/test-view/v3-html-test-view-charts_en.ftl"): Not found
[main] DEBUG freemarker.cache  - TemplateLoader.findTemplateSource("v3html/test-view/v3-html-test-view-charts.ftl"): Found
[main] DEBUG freemarker.cache  - Loading template for "v3html/test-view/v3-html-test-view-charts.ftl"("en", UTF-8, parsed) from "jar:file:/C:/Users/racheeka.ORADEV/.m2/repository/com/aventstack/extentreports/4.0.9/extentreports-4.0.9.jar!/com/aventstack/extentreports/view/v3html/test-view/v3-html-test-view-charts.ftl"
[main] DEBUG freemarker.cache  - Couldn't find template in cache for "v3html/test-view/v3-html-standard.ftl"("en", UTF-8, parsed); will try to load it.
[main] DEBUG freemarker.cache  - TemplateLoader.findTemplateSource("v3html/test-view/v3-html-standard_en.ftl"): Not found
[main] DEBUG freemarker.cache  - TemplateLoader.findTemplateSource("v3html/test-view/v3-html-standard.ftl"): Found
[main] DEBUG freemarker.cache  - Loading template for "v3html/test-view/v3-html-standard.ftl"("en", UTF-8, parsed) from "jar:file:/C:/Users/racheeka.ORADEV/.m2/repository/com/aventstack/extentreports/4.0.9/extentreports-4.0.9.jar!/com/aventstack/extentreports/view/v3html/test-view/v3-html-standard.ftl"
[main] DEBUG freemarker.cache  - "v3html/test-view/v3-html-standard.ftl"("en", UTF-8, parsed) cached copy not yet stale; using cached.
[main] DEBUG freemarker.cache  - "v3html/test-view/v3-html-standard.ftl"("en", UTF-8, parsed) cached copy not yet stale; using cached.
[main] DEBUG freemarker.cache  - Couldn't find template in cache for "v3html/category-view/v3-html-category-view.ftl"("en", UTF-8, parsed); will try to load it.
[main] DEBUG freemarker.cache  - TemplateLoader.findTemplateSource("v3html/category-view/v3-html-category-view_en.ftl"): Not found
[main] DEBUG freemarker.cache  - TemplateLoader.findTemplateSource("v3html/category-view/v3-html-category-view.ftl"): Found
[main] DEBUG freemarker.cache  - Loading template for "v3html/category-view/v3-html-category-view.ftl"("en", UTF-8, parsed) from "jar:file:/C:/Users/racheeka.ORADEV/.m2/repository/com/aventstack/extentreports/4.0.9/extentreports-4.0.9.jar!/com/aventstack/extentreports/view/v3html/category-view/v3-html-category-view.ftl"
[main] DEBUG freemarker.cache  - Couldn't find template in cache for "v3html/exception-view/v3-html-exception-view.ftl"("en", UTF-8, parsed); will try to load it.
[main] DEBUG freemarker.cache  - TemplateLoader.findTemplateSource("v3html/exception-view/v3-html-exception-view_en.ftl"): Not found
[main] DEBUG freemarker.cache  - TemplateLoader.findTemplateSource("v3html/exception-view/v3-html-exception-view.ftl"): Found
[main] DEBUG freemarker.cache  - Loading template for "v3html/exception-view/v3-html-exception-view.ftl"("en", UTF-8, parsed) from "jar:file:/C:/Users/racheeka.ORADEV/.m2/repository/com/aventstack/extentreports/4.0.9/extentreports-4.0.9.jar!/com/aventstack/extentreports/view/v3html/exception-view/v3-html-exception-view.ftl"
[main] DEBUG freemarker.cache  - Couldn't find template in cache for "v3html/author-view/v3-html-author-view.ftl"("en", UTF-8, parsed); will try to load it.
[main] DEBUG freemarker.cache  - TemplateLoader.findTemplateSource("v3html/author-view/v3-html-author-view_en.ftl"): Not found
[main] DEBUG freemarker.cache  - TemplateLoader.findTemplateSource("v3html/author-view/v3-html-author-view.ftl"): Found
[main] DEBUG freemarker.cache  - Loading template for "v3html/author-view/v3-html-author-view.ftl"("en", UTF-8, parsed) from "jar:file:/C:/Users/racheeka.ORADEV/.m2/repository/com/aventstack/extentreports/4.0.9/extentreports-4.0.9.jar!/com/aventstack/extentreports/view/v3html/author-view/v3-html-author-view.ftl"
[main] DEBUG freemarker.cache  - Couldn't find template in cache for "v3html/dashboard-view/v3-html-dashboard-view.ftl"("en", UTF-8, parsed); will try to load it.
[main] DEBUG freemarker.cache  - TemplateLoader.findTemplateSource("v3html/dashboard-view/v3-html-dashboard-view_en.ftl"): Not found
[main] DEBUG freemarker.cache  - TemplateLoader.findTemplateSource("v3html/dashboard-view/v3-html-dashboard-view.ftl"): Found
[main] DEBUG freemarker.cache  - Loading template for "v3html/dashboard-view/v3-html-dashboard-view.ftl"("en", UTF-8, parsed) from "jar:file:/C:/Users/racheeka.ORADEV/.m2/repository/com/aventstack/extentreports/4.0.9/extentreports-4.0.9.jar!/com/aventstack/extentreports/view/v3html/dashboard-view/v3-html-dashboard-view.ftl"
[main] DEBUG freemarker.cache  - Couldn't find template in cache for "v3html/logs-view/v3-html-testrunner-logs-view.ftl"("en", UTF-8, parsed); will try to load it.
[main] DEBUG freemarker.cache  - TemplateLoader.findTemplateSource("v3html/logs-view/v3-html-testrunner-logs-view_en.ftl"): Not found
[main] DEBUG freemarker.cache  - TemplateLoader.findTemplateSource("v3html/logs-view/v3-html-testrunner-logs-view.ftl"): Found
[main] DEBUG freemarker.cache  - Loading template for "v3html/logs-view/v3-html-testrunner-logs-view.ftl"("en", UTF-8, parsed) from "jar:file:/C:/Users/racheeka.ORADEV/.m2/repository/com/aventstack/extentreports/4.0.9/extentreports-4.0.9.jar!/com/aventstack/extentreports/view/v3html/logs-view/v3-html-testrunner-logs-view.ftl"
[main] DEBUG pages.BasePage  - Checking if logs are displayed or not
[main] INFO  pages.BasePage  - Title of the Page is My Store
[main] INFO  pages.BasePage  - Title of the Page is My Store
[main] INFO  pages.BasePage  - Entered dress in the Serach
[main] INFO  pages.BasePage  - Title of the Page is Printed Summer Dress - My Store
[main] DEBUG pages.BasePage  - Checking if logs are displayed or not
[main] INFO  pages.BasePage  - Title of the Page is My Store
[main] INFO  pages.BasePage  - Title of the Page is My Store
[main] INFO  pages.BasePage  - Entered dress in the Serach
[main] INFO  pages.BasePage  - Title of the Page is Printed Summer Dress - My Store
[main] DEBUG pages.BasePage  - Checking if logs are displayed or not
[main] INFO  pages.BasePage  - Title of the Page is My Store
[main] INFO  pages.BasePage  - Title of the Page is My Store
[main] INFO  pages.BasePage  - Entered dress in the Serach
[main] INFO  pages.BasePage  - Title of the Page is Printed Summer Dress - My Store
[main] DEBUG pages.BasePage  - Checking if logs are displayed or not
[main] INFO  pages.BasePage  - Title of the Page is My Store
[main] INFO  pages.BasePage  - Title of the Page is My Store
[main] INFO  pages.BasePage  - Entered dress in the Serach
[main] DEBUG freemarker.cache  - Couldn't find template in cache for "v3html/v3-html-index.ftl"("en", UTF-8, parsed); will try to load it.
[main] DEBUG freemarker.cache  - TemplateLoader.findTemplateSource("v3html/v3-html-index_en.ftl"): Not found
[main] DEBUG freemarker.cache  - TemplateLoader.findTemplateSource("v3html/v3-html-index.ftl"): Found
[main] DEBUG freemarker.cache  - Loading template for "v3html/v3-html-index.ftl"("en", UTF-8, parsed) from "jar:file:/C:/Users/racheeka.ORADEV/.m2/repository/com/aventstack/extentreports/4.0.9/extentreports-4.0.9.jar!/com/aventstack/extentreports/view/v3html/v3-html-index.ftl"
[main] DEBUG freemarker.cache  - Couldn't find template in cache for "v3html/v3-html-head.ftl"("en", UTF-8, parsed); will try to load it.
[main] DEBUG freemarker.cache  - TemplateLoader.findTemplateSource("v3html/v3-html-head_en.ftl"): Not found
[main] DEBUG freemarker.cache  - TemplateLoader.findTemplateSource("v3html/v3-html-head.ftl"): Found
[main] DEBUG freemarker.cache  - Loading template for "v3html/v3-html-head.ftl"("en", UTF-8, parsed) from "jar:file:/C:/Users/racheeka.ORADEV/.m2/repository/com/aventstack/extentreports/4.0.9/extentreports-4.0.9.jar!/com/aventstack/extentreports/view/v3html/v3-html-head.ftl"
[main] DEBUG freemarker.cache  - Couldn't find template in cache for "v3html/v3-html-nav.ftl"("en", UTF-8, parsed); will try to load it.
[main] DEBUG freemarker.cache  - TemplateLoader.findTemplateSource("v3html/v3-html-nav_en.ftl"): Not found
[main] DEBUG freemarker.cache  - TemplateLoader.findTemplateSource("v3html/v3-html-nav.ftl"): Found
[main] DEBUG freemarker.cache  - Loading template for "v3html/v3-html-nav.ftl"("en", UTF-8, parsed) from "jar:file:/C:/Users/racheeka.ORADEV/.m2/repository/com/aventstack/extentreports/4.0.9/extentreports-4.0.9.jar!/com/aventstack/extentreports/view/v3html/v3-html-nav.ftl"
[main] DEBUG freemarker.cache  - Couldn't find template in cache for "v3html/test-view/v3-html-test-view.ftl"("en", UTF-8, parsed); will try to load it.
[main] DEBUG freemarker.cache  - TemplateLoader.findTemplateSource("v3html/test-view/v3-html-test-view_en.ftl"): Not found
[main] DEBUG freemarker.cache  - TemplateLoader.findTemplateSource("v3html/test-view/v3-html-test-view.ftl"): Found
[main] DEBUG freemarker.cache  - Loading template for "v3html/test-view/v3-html-test-view.ftl"("en", UTF-8, parsed) from "jar:file:/C:/Users/racheeka.ORADEV/.m2/repository/com/aventstack/extentreports/4.0.9/extentreports-4.0.9.jar!/com/aventstack/extentreports/view/v3html/test-view/v3-html-test-view.ftl"
[main] DEBUG freemarker.cache  - Couldn't find template in cache for "v3html/test-view/v3-html-test-view-charts.ftl"("en", UTF-8, parsed); will try to load it.
[main] DEBUG freemarker.cache  - TemplateLoader.findTemplateSource("v3html/test-view/v3-html-test-view-charts_en.ftl"): Not found
[main] DEBUG freemarker.cache  - TemplateLoader.findTemplateSource("v3html/test-view/v3-html-test-view-charts.ftl"): Found
[main] DEBUG freemarker.cache  - Loading template for "v3html/test-view/v3-html-test-view-charts.ftl"("en", UTF-8, parsed) from "jar:file:/C:/Users/racheeka.ORADEV/.m2/repository/com/aventstack/extentreports/4.0.9/extentreports-4.0.9.jar!/com/aventstack/extentreports/view/v3html/test-view/v3-html-test-view-charts.ftl"
[main] DEBUG freemarker.cache  - Couldn't find template in cache for "v3html/test-view/v3-html-standard.ftl"("en", UTF-8, parsed); will try to load it.
[main] DEBUG freemarker.cache  - TemplateLoader.findTemplateSource("v3html/test-view/v3-html-standard_en.ftl"): Not found
[main] DEBUG freemarker.cache  - TemplateLoader.findTemplateSource("v3html/test-view/v3-html-standard.ftl"): Found
[main] DEBUG freemarker.cache  - Loading template for "v3html/test-view/v3-html-standard.ftl"("en", UTF-8, parsed) from "jar:file:/C:/Users/racheeka.ORADEV/.m2/repository/com/aventstack/extentreports/4.0.9/extentreports-4.0.9.jar!/com/aventstack/extentreports/view/v3html/test-view/v3-html-standard.ftl"
[main] DEBUG freemarker.cache  - "v3html/test-view/v3-html-standard.ftl"("en", UTF-8, parsed) cached copy not yet stale; using cached.
[main] DEBUG freemarker.cache  - "v3html/test-view/v3-html-standard.ftl"("en", UTF-8, parsed) cached copy not yet stale; using cached.
[main] DEBUG freemarker.cache  - Couldn't find template in cache for "v3html/category-view/v3-html-category-view.ftl"("en", UTF-8, parsed); will try to load it.
[main] DEBUG freemarker.cache  - TemplateLoader.findTemplateSource("v3html/category-view/v3-html-category-view_en.ftl"): Not found
[main] DEBUG freemarker.cache  - TemplateLoader.findTemplateSource("v3html/category-view/v3-html-category-view.ftl"): Found
[main] DEBUG freemarker.cache  - Loading template for "v3html/category-view/v3-html-category-view.ftl"("en", UTF-8, parsed) from "jar:file:/C:/Users/racheeka.ORADEV/.m2/repository/com/aventstack/extentreports/4.0.9/extentreports-4.0.9.jar!/com/aventstack/extentreports/view/v3html/category-view/v3-html-category-view.ftl"
[main] DEBUG freemarker.cache  - Couldn't find template in cache for "v3html/exception-view/v3-html-exception-view.ftl"("en", UTF-8, parsed); will try to load it.
[main] DEBUG freemarker.cache  - TemplateLoader.findTemplateSource("v3html/exception-view/v3-html-exception-view_en.ftl"): Not found
[main] DEBUG freemarker.cache  - TemplateLoader.findTemplateSource("v3html/exception-view/v3-html-exception-view.ftl"): Found
[main] DEBUG freemarker.cache  - Loading template for "v3html/exception-view/v3-html-exception-view.ftl"("en", UTF-8, parsed) from "jar:file:/C:/Users/racheeka.ORADEV/.m2/repository/com/aventstack/extentreports/4.0.9/extentreports-4.0.9.jar!/com/aventstack/extentreports/view/v3html/exception-view/v3-html-exception-view.ftl"
[main] DEBUG freemarker.cache  - Couldn't find template in cache for "v3html/author-view/v3-html-author-view.ftl"("en", UTF-8, parsed); will try to load it.
[main] DEBUG freemarker.cache  - TemplateLoader.findTemplateSource("v3html/author-view/v3-html-author-view_en.ftl"): Not found
[main] DEBUG freemarker.cache  - TemplateLoader.findTemplateSource("v3html/author-view/v3-html-author-view.ftl"): Found
[main] DEBUG freemarker.cache  - Loading template for "v3html/author-view/v3-html-author-view.ftl"("en", UTF-8, parsed) from "jar:file:/C:/Users/racheeka.ORADEV/.m2/repository/com/aventstack/extentreports/4.0.9/extentreports-4.0.9.jar!/com/aventstack/extentreports/view/v3html/author-view/v3-html-author-view.ftl"
[main] DEBUG freemarker.cache  - Couldn't find template in cache for "v3html/dashboard-view/v3-html-dashboard-view.ftl"("en", UTF-8, parsed); will try to load it.
[main] DEBUG freemarker.cache  - TemplateLoader.findTemplateSource("v3html/dashboard-view/v3-html-dashboard-view_en.ftl"): Not found
[main] DEBUG freemarker.cache  - TemplateLoader.findTemplateSource("v3html/dashboard-view/v3-html-dashboard-view.ftl"): Found
[main] DEBUG freemarker.cache  - Loading template for "v3html/dashboard-view/v3-html-dashboard-view.ftl"("en", UTF-8, parsed) from "jar:file:/C:/Users/racheeka.ORADEV/.m2/repository/com/aventstack/extentreports/4.0.9/extentreports-4.0.9.jar!/com/aventstack/extentreports/view/v3html/dashboard-view/v3-html-dashboard-view.ftl"
[main] DEBUG freemarker.cache  - Couldn't find template in cache for "v3html/logs-view/v3-html-testrunner-logs-view.ftl"("en", UTF-8, parsed); will try to load it.
[main] DEBUG freemarker.cache  - TemplateLoader.findTemplateSource("v3html/logs-view/v3-html-testrunner-logs-view_en.ftl"): Not found
[main] DEBUG freemarker.cache  - TemplateLoader.findTemplateSource("v3html/logs-view/v3-html-testrunner-logs-view.ftl"): Found
[main] DEBUG freemarker.cache  - Loading template for "v3html/logs-view/v3-html-testrunner-logs-view.ftl"("en", UTF-8, parsed) from "jar:file:/C:/Users/racheeka.ORADEV/.m2/repository/com/aventstack/extentreports/4.0.9/extentreports-4.0.9.jar!/com/aventstack/extentreports/view/v3html/logs-view/v3-html-testrunner-logs-view.ftl"
[main] DEBUG pages.BasePage  - Checking if logs are displayed or not
[main] INFO  pages.BasePage  - Title of the Page is My Store
[main] INFO  pages.BasePage  - Title of the Page is My Store
[main] INFO  pages.BasePage  - Entered dress in the Serach
[main] INFO  pages.BasePage  - Title of the Page is Printed Summer Dress - My Store
[main] INFO  pages.BasePage  - Entered dress in the Serach
[main] INFO  pages.BasePage  - Entered dress in the Serach
[main] DEBUG freemarker.cache  - Couldn't find template in cache for "v3html/v3-html-index.ftl"("en", UTF-8, parsed); will try to load it.
[main] DEBUG freemarker.cache  - TemplateLoader.findTemplateSource("v3html/v3-html-index_en.ftl"): Not found
[main] DEBUG freemarker.cache  - TemplateLoader.findTemplateSource("v3html/v3-html-index.ftl"): Found
[main] DEBUG freemarker.cache  - Loading template for "v3html/v3-html-index.ftl"("en", UTF-8, parsed) from "jar:file:/C:/Users/racheeka.ORADEV/.m2/repository/com/aventstack/extentreports/4.0.9/extentreports-4.0.9.jar!/com/aventstack/extentreports/view/v3html/v3-html-index.ftl"
[main] DEBUG freemarker.cache  - Couldn't find template in cache for "v3html/v3-html-head.ftl"("en", UTF-8, parsed); will try to load it.
[main] DEBUG freemarker.cache  - TemplateLoader.findTemplateSource("v3html/v3-html-head_en.ftl"): Not found
[main] DEBUG freemarker.cache  - TemplateLoader.findTemplateSource("v3html/v3-html-head.ftl"): Found
[main] DEBUG freemarker.cache  - Loading template for "v3html/v3-html-head.ftl"("en", UTF-8, parsed) from "jar:file:/C:/Users/racheeka.ORADEV/.m2/repository/com/aventstack/extentreports/4.0.9/extentreports-4.0.9.jar!/com/aventstack/extentreports/view/v3html/v3-html-head.ftl"
[main] DEBUG freemarker.cache  - Couldn't find template in cache for "v3html/v3-html-nav.ftl"("en", UTF-8, parsed); will try to load it.
[main] DEBUG freemarker.cache  - TemplateLoader.findTemplateSource("v3html/v3-html-nav_en.ftl"): Not found
[main] DEBUG freemarker.cache  - TemplateLoader.findTemplateSource("v3html/v3-html-nav.ftl"): Found
[main] DEBUG freemarker.cache  - Loading template for "v3html/v3-html-nav.ftl"("en", UTF-8, parsed) from "jar:file:/C:/Users/racheeka.ORADEV/.m2/repository/com/aventstack/extentreports/4.0.9/extentreports-4.0.9.jar!/com/aventstack/extentreports/view/v3html/v3-html-nav.ftl"
[main] DEBUG freemarker.cache  - Couldn't find template in cache for "v3html/test-view/v3-html-test-view.ftl"("en", UTF-8, parsed); will try to load it.
[main] DEBUG freemarker.cache  - TemplateLoader.findTemplateSource("v3html/test-view/v3-html-test-view_en.ftl"): Not found
[main] DEBUG freemarker.cache  - TemplateLoader.findTemplateSource("v3html/test-view/v3-html-test-view.ftl"): Found
[main] DEBUG freemarker.cache  - Loading template for "v3html/test-view/v3-html-test-view.ftl"("en", UTF-8, parsed) from "jar:file:/C:/Users/racheeka.ORADEV/.m2/repository/com/aventstack/extentreports/4.0.9/extentreports-4.0.9.jar!/com/aventstack/extentreports/view/v3html/test-view/v3-html-test-view.ftl"
[main] DEBUG freemarker.cache  - Couldn't find template in cache for "v3html/test-view/v3-html-test-view-charts.ftl"("en", UTF-8, parsed); will try to load it.
[main] DEBUG freemarker.cache  - TemplateLoader.findTemplateSource("v3html/test-view/v3-html-test-view-charts_en.ftl"): Not found
[main] DEBUG freemarker.cache  - TemplateLoader.findTemplateSource("v3html/test-view/v3-html-test-view-charts.ftl"): Found
[main] DEBUG freemarker.cache  - Loading template for "v3html/test-view/v3-html-test-view-charts.ftl"("en", UTF-8, parsed) from "jar:file:/C:/Users/racheeka.ORADEV/.m2/repository/com/aventstack/extentreports/4.0.9/extentreports-4.0.9.jar!/com/aventstack/extentreports/view/v3html/test-view/v3-html-test-view-charts.ftl"
[main] DEBUG freemarker.cache  - Couldn't find template in cache for "v3html/test-view/v3-html-standard.ftl"("en", UTF-8, parsed); will try to load it.
[main] DEBUG freemarker.cache  - TemplateLoader.findTemplateSource("v3html/test-view/v3-html-standard_en.ftl"): Not found
[main] DEBUG freemarker.cache  - TemplateLoader.findTemplateSource("v3html/test-view/v3-html-standard.ftl"): Found
[main] DEBUG freemarker.cache  - Loading template for "v3html/test-view/v3-html-standard.ftl"("en", UTF-8, parsed) from "jar:file:/C:/Users/racheeka.ORADEV/.m2/repository/com/aventstack/extentreports/4.0.9/extentreports-4.0.9.jar!/com/aventstack/extentreports/view/v3html/test-view/v3-html-standard.ftl"
[main] DEBUG freemarker.cache  - Couldn't find template in cache for "v3html/category-view/v3-html-category-view.ftl"("en", UTF-8, parsed); will try to load it.
[main] DEBUG freemarker.cache  - TemplateLoader.findTemplateSource("v3html/category-view/v3-html-category-view_en.ftl"): Not found
[main] DEBUG freemarker.cache  - TemplateLoader.findTemplateSource("v3html/category-view/v3-html-category-view.ftl"): Found
[main] DEBUG freemarker.cache  - Loading template for "v3html/category-view/v3-html-category-view.ftl"("en", UTF-8, parsed) from "jar:file:/C:/Users/racheeka.ORADEV/.m2/repository/com/aventstack/extentreports/4.0.9/extentreports-4.0.9.jar!/com/aventstack/extentreports/view/v3html/category-view/v3-html-category-view.ftl"
[main] DEBUG freemarker.cache  - Couldn't find template in cache for "v3html/exception-view/v3-html-exception-view.ftl"("en", UTF-8, parsed); will try to load it.
[main] DEBUG freemarker.cache  - TemplateLoader.findTemplateSource("v3html/exception-view/v3-html-exception-view_en.ftl"): Not found
[main] DEBUG freemarker.cache  - TemplateLoader.findTemplateSource("v3html/exception-view/v3-html-exception-view.ftl"): Found
[main] DEBUG freemarker.cache  - Loading template for "v3html/exception-view/v3-html-exception-view.ftl"("en", UTF-8, parsed) from "jar:file:/C:/Users/racheeka.ORADEV/.m2/repository/com/aventstack/extentreports/4.0.9/extentreports-4.0.9.jar!/com/aventstack/extentreports/view/v3html/exception-view/v3-html-exception-view.ftl"
[main] DEBUG freemarker.cache  - Couldn't find template in cache for "v3html/author-view/v3-html-author-view.ftl"("en", UTF-8, parsed); will try to load it.
[main] DEBUG freemarker.cache  - TemplateLoader.findTemplateSource("v3html/author-view/v3-html-author-view_en.ftl"): Not found
[main] DEBUG freemarker.cache  - TemplateLoader.findTemplateSource("v3html/author-view/v3-html-author-view.ftl"): Found
[main] DEBUG freemarker.cache  - Loading template for "v3html/author-view/v3-html-author-view.ftl"("en", UTF-8, parsed) from "jar:file:/C:/Users/racheeka.ORADEV/.m2/repository/com/aventstack/extentreports/4.0.9/extentreports-4.0.9.jar!/com/aventstack/extentreports/view/v3html/author-view/v3-html-author-view.ftl"
[main] DEBUG freemarker.cache  - Couldn't find template in cache for "v3html/dashboard-view/v3-html-dashboard-view.ftl"("en", UTF-8, parsed); will try to load it.
[main] DEBUG freemarker.cache  - TemplateLoader.findTemplateSource("v3html/dashboard-view/v3-html-dashboard-view_en.ftl"): Not found
[main] DEBUG freemarker.cache  - TemplateLoader.findTemplateSource("v3html/dashboard-view/v3-html-dashboard-view.ftl"): Found
[main] DEBUG freemarker.cache  - Loading template for "v3html/dashboard-view/v3-html-dashboard-view.ftl"("en", UTF-8, parsed) from "jar:file:/C:/Users/racheeka.ORADEV/.m2/repository/com/aventstack/extentreports/4.0.9/extentreports-4.0.9.jar!/com/aventstack/extentreports/view/v3html/dashboard-view/v3-html-dashboard-view.ftl"
[main] DEBUG freemarker.cache  - Couldn't find template in cache for "v3html/logs-view/v3-html-testrunner-logs-view.ftl"("en", UTF-8, parsed); will try to load it.
[main] DEBUG freemarker.cache  - TemplateLoader.findTemplateSource("v3html/logs-view/v3-html-testrunner-logs-view_en.ftl"): Not found
[main] DEBUG freemarker.cache  - TemplateLoader.findTemplateSource("v3html/logs-view/v3-html-testrunner-logs-view.ftl"): Found
[main] DEBUG freemarker.cache  - Loading template for "v3html/logs-view/v3-html-testrunner-logs-view.ftl"("en", UTF-8, parsed) from "jar:file:/C:/Users/racheeka.ORADEV/.m2/repository/com/aventstack/extentreports/4.0.9/extentreports-4.0.9.jar!/com/aventstack/extentreports/view/v3html/logs-view/v3-html-testrunner-logs-view.ftl"
[main] DEBUG pages.BasePage  - Checking if logs are displayed or not
[main] INFO  pages.BasePage  - Title of the Page is My Store
[main] INFO  pages.BasePage  - Title of the Page is My Store
[main] INFO  pages.BasePage  - Entered dress in the Serach
[main] INFO  pages.BasePage  - Title of the Page is Printed Summer Dress - My Store
[main] INFO  pages.BasePage  - Entered dress in the Serach
[main] DEBUG freemarker.cache  - Couldn't find template in cache for "v3html/v3-html-index.ftl"("en", UTF-8, parsed); will try to load it.
[main] DEBUG freemarker.cache  - TemplateLoader.findTemplateSource("v3html/v3-html-index_en.ftl"): Not found
[main] DEBUG freemarker.cache  - TemplateLoader.findTemplateSource("v3html/v3-html-index.ftl"): Found
[main] DEBUG freemarker.cache  - Loading template for "v3html/v3-html-index.ftl"("en", UTF-8, parsed) from "jar:file:/C:/Users/racheeka.ORADEV/.m2/repository/com/aventstack/extentreports/4.0.9/extentreports-4.0.9.jar!/com/aventstack/extentreports/view/v3html/v3-html-index.ftl"
[main] DEBUG freemarker.cache  - Couldn't find template in cache for "v3html/v3-html-head.ftl"("en", UTF-8, parsed); will try to load it.
[main] DEBUG freemarker.cache  - TemplateLoader.findTemplateSource("v3html/v3-html-head_en.ftl"): Not found
[main] DEBUG freemarker.cache  - TemplateLoader.findTemplateSource("v3html/v3-html-head.ftl"): Found
[main] DEBUG freemarker.cache  - Loading template for "v3html/v3-html-head.ftl"("en", UTF-8, parsed) from "jar:file:/C:/Users/racheeka.ORADEV/.m2/repository/com/aventstack/extentreports/4.0.9/extentreports-4.0.9.jar!/com/aventstack/extentreports/view/v3html/v3-html-head.ftl"
[main] DEBUG freemarker.cache  - Couldn't find template in cache for "v3html/v3-html-nav.ftl"("en", UTF-8, parsed); will try to load it.
[main] DEBUG freemarker.cache  - TemplateLoader.findTemplateSource("v3html/v3-html-nav_en.ftl"): Not found
[main] DEBUG freemarker.cache  - TemplateLoader.findTemplateSource("v3html/v3-html-nav.ftl"): Found
[main] DEBUG freemarker.cache  - Loading template for "v3html/v3-html-nav.ftl"("en", UTF-8, parsed) from "jar:file:/C:/Users/racheeka.ORADEV/.m2/repository/com/aventstack/extentreports/4.0.9/extentreports-4.0.9.jar!/com/aventstack/extentreports/view/v3html/v3-html-nav.ftl"
[main] DEBUG freemarker.cache  - Couldn't find template in cache for "v3html/test-view/v3-html-test-view.ftl"("en", UTF-8, parsed); will try to load it.
[main] DEBUG freemarker.cache  - TemplateLoader.findTemplateSource("v3html/test-view/v3-html-test-view_en.ftl"): Not found
[main] DEBUG freemarker.cache  - TemplateLoader.findTemplateSource("v3html/test-view/v3-html-test-view.ftl"): Found
[main] DEBUG freemarker.cache  - Loading template for "v3html/test-view/v3-html-test-view.ftl"("en", UTF-8, parsed) from "jar:file:/C:/Users/racheeka.ORADEV/.m2/repository/com/aventstack/extentreports/4.0.9/extentreports-4.0.9.jar!/com/aventstack/extentreports/view/v3html/test-view/v3-html-test-view.ftl"
[main] DEBUG freemarker.cache  - Couldn't find template in cache for "v3html/test-view/v3-html-test-view-charts.ftl"("en", UTF-8, parsed); will try to load it.
[main] DEBUG freemarker.cache  - TemplateLoader.findTemplateSource("v3html/test-view/v3-html-test-view-charts_en.ftl"): Not found
[main] DEBUG freemarker.cache  - TemplateLoader.findTemplateSource("v3html/test-view/v3-html-test-view-charts.ftl"): Found
[main] DEBUG freemarker.cache  - Loading template for "v3html/test-view/v3-html-test-view-charts.ftl"("en", UTF-8, parsed) from "jar:file:/C:/Users/racheeka.ORADEV/.m2/repository/com/aventstack/extentreports/4.0.9/extentreports-4.0.9.jar!/com/aventstack/extentreports/view/v3html/test-view/v3-html-test-view-charts.ftl"
[main] DEBUG freemarker.cache  - Couldn't find template in cache for "v3html/test-view/v3-html-standard.ftl"("en", UTF-8, parsed); will try to load it.
[main] DEBUG freemarker.cache  - TemplateLoader.findTemplateSource("v3html/test-view/v3-html-standard_en.ftl"): Not found
[main] DEBUG freemarker.cache  - TemplateLoader.findTemplateSource("v3html/test-view/v3-html-standard.ftl"): Found
[main] DEBUG freemarker.cache  - Loading template for "v3html/test-view/v3-html-standard.ftl"("en", UTF-8, parsed) from "jar:file:/C:/Users/racheeka.ORADEV/.m2/repository/com/aventstack/extentreports/4.0.9/extentreports-4.0.9.jar!/com/aventstack/extentreports/view/v3html/test-view/v3-html-standard.ftl"
[main] DEBUG freemarker.cache  - Couldn't find template in cache for "v3html/category-view/v3-html-category-view.ftl"("en", UTF-8, parsed); will try to load it.
[main] DEBUG freemarker.cache  - TemplateLoader.findTemplateSource("v3html/category-view/v3-html-category-view_en.ftl"): Not found
[main] DEBUG freemarker.cache  - TemplateLoader.findTemplateSource("v3html/category-view/v3-html-category-view.ftl"): Found
[main] DEBUG freemarker.cache  - Loading template for "v3html/category-view/v3-html-category-view.ftl"("en", UTF-8, parsed) from "jar:file:/C:/Users/racheeka.ORADEV/.m2/repository/com/aventstack/extentreports/4.0.9/extentreports-4.0.9.jar!/com/aventstack/extentreports/view/v3html/category-view/v3-html-category-view.ftl"
[main] DEBUG freemarker.cache  - Couldn't find template in cache for "v3html/exception-view/v3-html-exception-view.ftl"("en", UTF-8, parsed); will try to load it.
[main] DEBUG freemarker.cache  - TemplateLoader.findTemplateSource("v3html/exception-view/v3-html-exception-view_en.ftl"): Not found
[main] DEBUG freemarker.cache  - TemplateLoader.findTemplateSource("v3html/exception-view/v3-html-exception-view.ftl"): Found
[main] DEBUG freemarker.cache  - Loading template for "v3html/exception-view/v3-html-exception-view.ftl"("en", UTF-8, parsed) from "jar:file:/C:/Users/racheeka.ORADEV/.m2/repository/com/aventstack/extentreports/4.0.9/extentreports-4.0.9.jar!/com/aventstack/extentreports/view/v3html/exception-view/v3-html-exception-view.ftl"
[main] DEBUG freemarker.cache  - Couldn't find template in cache for "v3html/author-view/v3-html-author-view.ftl"("en", UTF-8, parsed); will try to load it.
[main] DEBUG freemarker.cache  - TemplateLoader.findTemplateSource("v3html/author-view/v3-html-author-view_en.ftl"): Not found
[main] DEBUG freemarker.cache  - TemplateLoader.findTemplateSource("v3html/author-view/v3-html-author-view.ftl"): Found
[main] DEBUG freemarker.cache  - Loading template for "v3html/author-view/v3-html-author-view.ftl"("en", UTF-8, parsed) from "jar:file:/C:/Users/racheeka.ORADEV/.m2/repository/com/aventstack/extentreports/4.0.9/extentreports-4.0.9.jar!/com/aventstack/extentreports/view/v3html/author-view/v3-html-author-view.ftl"
[main] DEBUG freemarker.cache  - Couldn't find template in cache for "v3html/dashboard-view/v3-html-dashboard-view.ftl"("en", UTF-8, parsed); will try to load it.
[main] DEBUG freemarker.cache  - TemplateLoader.findTemplateSource("v3html/dashboard-view/v3-html-dashboard-view_en.ftl"): Not found
[main] DEBUG freemarker.cache  - TemplateLoader.findTemplateSource("v3html/dashboard-view/v3-html-dashboard-view.ftl"): Found
[main] DEBUG freemarker.cache  - Loading template for "v3html/dashboard-view/v3-html-dashboard-view.ftl"("en", UTF-8, parsed) from "jar:file:/C:/Users/racheeka.ORADEV/.m2/repository/com/aventstack/extentreports/4.0.9/extentreports-4.0.9.jar!/com/aventstack/extentreports/view/v3html/dashboard-view/v3-html-dashboard-view.ftl"
[main] DEBUG freemarker.cache  - Couldn't find template in cache for "v3html/logs-view/v3-html-testrunner-logs-view.ftl"("en", UTF-8, parsed); will try to load it.
[main] DEBUG freemarker.cache  - TemplateLoader.findTemplateSource("v3html/logs-view/v3-html-testrunner-logs-view_en.ftl"): Not found
[main] DEBUG freemarker.cache  - TemplateLoader.findTemplateSource("v3html/logs-view/v3-html-testrunner-logs-view.ftl"): Found
[main] DEBUG freemarker.cache  - Loading template for "v3html/logs-view/v3-html-testrunner-logs-view.ftl"("en", UTF-8, parsed) from "jar:file:/C:/Users/racheeka.ORADEV/.m2/repository/com/aventstack/extentreports/4.0.9/extentreports-4.0.9.jar!/com/aventstack/extentreports/view/v3html/logs-view/v3-html-testrunner-logs-view.ftl"
[main] DEBUG pages.BasePage  - Checking if logs are displayed or not
[main] INFO  pages.BasePage  - Title of the Page is My Store
[main] INFO  pages.BasePage  - Title of the Page is My Store
[main] INFO  pages.BasePage  - Entered dress in the Serach
[main] INFO  pages.BasePage  - Title of the Page is Printed Summer Dress - My Store
[main] DEBUG freemarker.cache  - Couldn't find template in cache for "v3html/v3-html-index.ftl"("en", UTF-8, parsed); will try to load it.
[main] DEBUG freemarker.cache  - TemplateLoader.findTemplateSource("v3html/v3-html-index_en.ftl"): Not found
[main] DEBUG freemarker.cache  - TemplateLoader.findTemplateSource("v3html/v3-html-index.ftl"): Found
[main] DEBUG freemarker.cache  - Loading template for "v3html/v3-html-index.ftl"("en", UTF-8, parsed) from "jar:file:/C:/Users/racheeka.ORADEV/.m2/repository/com/aventstack/extentreports/4.0.9/extentreports-4.0.9.jar!/com/aventstack/extentreports/view/v3html/v3-html-index.ftl"
[main] DEBUG freemarker.cache  - Couldn't find template in cache for "v3html/v3-html-head.ftl"("en", UTF-8, parsed); will try to load it.
[main] DEBUG freemarker.cache  - TemplateLoader.findTemplateSource("v3html/v3-html-head_en.ftl"): Not found
[main] DEBUG freemarker.cache  - TemplateLoader.findTemplateSource("v3html/v3-html-head.ftl"): Found
[main] DEBUG freemarker.cache  - Loading template for "v3html/v3-html-head.ftl"("en", UTF-8, parsed) from "jar:file:/C:/Users/racheeka.ORADEV/.m2/repository/com/aventstack/extentreports/4.0.9/extentreports-4.0.9.jar!/com/aventstack/extentreports/view/v3html/v3-html-head.ftl"
[main] DEBUG freemarker.cache  - Couldn't find template in cache for "v3html/v3-html-nav.ftl"("en", UTF-8, parsed); will try to load it.
[main] DEBUG freemarker.cache  - TemplateLoader.findTemplateSource("v3html/v3-html-nav_en.ftl"): Not found
[main] DEBUG freemarker.cache  - TemplateLoader.findTemplateSource("v3html/v3-html-nav.ftl"): Found
[main] DEBUG freemarker.cache  - Loading template for "v3html/v3-html-nav.ftl"("en", UTF-8, parsed) from "jar:file:/C:/Users/racheeka.ORADEV/.m2/repository/com/aventstack/extentreports/4.0.9/extentreports-4.0.9.jar!/com/aventstack/extentreports/view/v3html/v3-html-nav.ftl"
[main] DEBUG freemarker.cache  - Couldn't find template in cache for "v3html/test-view/v3-html-test-view.ftl"("en", UTF-8, parsed); will try to load it.
[main] DEBUG freemarker.cache  - TemplateLoader.findTemplateSource("v3html/test-view/v3-html-test-view_en.ftl"): Not found
[main] DEBUG freemarker.cache  - TemplateLoader.findTemplateSource("v3html/test-view/v3-html-test-view.ftl"): Found
[main] DEBUG freemarker.cache  - Loading template for "v3html/test-view/v3-html-test-view.ftl"("en", UTF-8, parsed) from "jar:file:/C:/Users/racheeka.ORADEV/.m2/repository/com/aventstack/extentreports/4.0.9/extentreports-4.0.9.jar!/com/aventstack/extentreports/view/v3html/test-view/v3-html-test-view.ftl"
[main] DEBUG freemarker.cache  - Couldn't find template in cache for "v3html/test-view/v3-html-test-view-charts.ftl"("en", UTF-8, parsed); will try to load it.
[main] DEBUG freemarker.cache  - TemplateLoader.findTemplateSource("v3html/test-view/v3-html-test-view-charts_en.ftl"): Not found
[main] DEBUG freemarker.cache  - TemplateLoader.findTemplateSource("v3html/test-view/v3-html-test-view-charts.ftl"): Found
[main] DEBUG freemarker.cache  - Loading template for "v3html/test-view/v3-html-test-view-charts.ftl"("en", UTF-8, parsed) from "jar:file:/C:/Users/racheeka.ORADEV/.m2/repository/com/aventstack/extentreports/4.0.9/extentreports-4.0.9.jar!/com/aventstack/extentreports/view/v3html/test-view/v3-html-test-view-charts.ftl"
[main] DEBUG freemarker.cache  - Couldn't find template in cache for "v3html/test-view/v3-html-standard.ftl"("en", UTF-8, parsed); will try to load it.
[main] DEBUG freemarker.cache  - TemplateLoader.findTemplateSource("v3html/test-view/v3-html-standard_en.ftl"): Not found
[main] DEBUG freemarker.cache  - TemplateLoader.findTemplateSource("v3html/test-view/v3-html-standard.ftl"): Found
[main] DEBUG freemarker.cache  - Loading template for "v3html/test-view/v3-html-standard.ftl"("en", UTF-8, parsed) from "jar:file:/C:/Users/racheeka.ORADEV/.m2/repository/com/aventstack/extentreports/4.0.9/extentreports-4.0.9.jar!/com/aventstack/extentreports/view/v3html/test-view/v3-html-standard.ftl"
[main] DEBUG freemarker.cache  - Couldn't find template in cache for "v3html/category-view/v3-html-category-view.ftl"("en", UTF-8, parsed); will try to load it.
[main] DEBUG freemarker.cache  - TemplateLoader.findTemplateSource("v3html/category-view/v3-html-category-view_en.ftl"): Not found
[main] DEBUG freemarker.cache  - TemplateLoader.findTemplateSource("v3html/category-view/v3-html-category-view.ftl"): Found
[main] DEBUG freemarker.cache  - Loading template for "v3html/category-view/v3-html-category-view.ftl"("en", UTF-8, parsed) from "jar:file:/C:/Users/racheeka.ORADEV/.m2/repository/com/aventstack/extentreports/4.0.9/extentreports-4.0.9.jar!/com/aventstack/extentreports/view/v3html/category-view/v3-html-category-view.ftl"
[main] DEBUG freemarker.cache  - Couldn't find template in cache for "v3html/exception-view/v3-html-exception-view.ftl"("en", UTF-8, parsed); will try to load it.
[main] DEBUG freemarker.cache  - TemplateLoader.findTemplateSource("v3html/exception-view/v3-html-exception-view_en.ftl"): Not found
[main] DEBUG freemarker.cache  - TemplateLoader.findTemplateSource("v3html/exception-view/v3-html-exception-view.ftl"): Found
[main] DEBUG freemarker.cache  - Loading template for "v3html/exception-view/v3-html-exception-view.ftl"("en", UTF-8, parsed) from "jar:file:/C:/Users/racheeka.ORADEV/.m2/repository/com/aventstack/extentreports/4.0.9/extentreports-4.0.9.jar!/com/aventstack/extentreports/view/v3html/exception-view/v3-html-exception-view.ftl"
[main] DEBUG freemarker.cache  - Couldn't find template in cache for "v3html/author-view/v3-html-author-view.ftl"("en", UTF-8, parsed); will try to load it.
[main] DEBUG freemarker.cache  - TemplateLoader.findTemplateSource("v3html/author-view/v3-html-author-view_en.ftl"): Not found
[main] DEBUG freemarker.cache  - TemplateLoader.findTemplateSource("v3html/author-view/v3-html-author-view.ftl"): Found
[main] DEBUG freemarker.cache  - Loading template for "v3html/author-view/v3-html-author-view.ftl"("en", UTF-8, parsed) from "jar:file:/C:/Users/racheeka.ORADEV/.m2/repository/com/aventstack/extentreports/4.0.9/extentreports-4.0.9.jar!/com/aventstack/extentreports/view/v3html/author-view/v3-html-author-view.ftl"
[main] DEBUG freemarker.cache  - Couldn't find template in cache for "v3html/dashboard-view/v3-html-dashboard-view.ftl"("en", UTF-8, parsed); will try to load it.
[main] DEBUG freemarker.cache  - TemplateLoader.findTemplateSource("v3html/dashboard-view/v3-html-dashboard-view_en.ftl"): Not found
[main] DEBUG freemarker.cache  - TemplateLoader.findTemplateSource("v3html/dashboard-view/v3-html-dashboard-view.ftl"): Found
[main] DEBUG freemarker.cache  - Loading template for "v3html/dashboard-view/v3-html-dashboard-view.ftl"("en", UTF-8, parsed) from "jar:file:/C:/Users/racheeka.ORADEV/.m2/repository/com/aventstack/extentreports/4.0.9/extentreports-4.0.9.jar!/com/aventstack/extentreports/view/v3html/dashboard-view/v3-html-dashboard-view.ftl"
[main] DEBUG freemarker.cache  - Couldn't find template in cache for "v3html/logs-view/v3-html-testrunner-logs-view.ftl"("en", UTF-8, parsed); will try to load it.
[main] DEBUG freemarker.cache  - TemplateLoader.findTemplateSource("v3html/logs-view/v3-html-testrunner-logs-view_en.ftl"): Not found
[main] DEBUG freemarker.cache  - TemplateLoader.findTemplateSource("v3html/logs-view/v3-html-testrunner-logs-view.ftl"): Found
[main] DEBUG freemarker.cache  - Loading template for "v3html/logs-view/v3-html-testrunner-logs-view.ftl"("en", UTF-8, parsed) from "jar:file:/C:/Users/racheeka.ORADEV/.m2/repository/com/aventstack/extentreports/4.0.9/extentreports-4.0.9.jar!/com/aventstack/extentreports/view/v3html/logs-view/v3-html-testrunner-logs-view.ftl"
[main] DEBUG pages.BasePage  - Checking if logs are displayed or not
[main] INFO  pages.BasePage  - Title of the Page is My Store
[main] INFO  pages.BasePage  - Title of the Page is My Store
[main] INFO  pages.BasePage  - Entered dress in the Serach
[main] INFO  pages.BasePage  - Title of the Page is Printed Summer Dress - My Store
[main] DEBUG freemarker.cache  - Couldn't find template in cache for "v3html/v3-html-index.ftl"("en", UTF-8, parsed); will try to load it.
[main] DEBUG freemarker.cache  - TemplateLoader.findTemplateSource("v3html/v3-html-index_en.ftl"): Not found
[main] DEBUG freemarker.cache  - TemplateLoader.findTemplateSource("v3html/v3-html-index.ftl"): Found
[main] DEBUG freemarker.cache  - Loading template for "v3html/v3-html-index.ftl"("en", UTF-8, parsed) from "jar:file:/C:/Users/racheeka.ORADEV/.m2/repository/com/aventstack/extentreports/4.0.9/extentreports-4.0.9.jar!/com/aventstack/extentreports/view/v3html/v3-html-index.ftl"
[main] DEBUG freemarker.cache  - Couldn't find template in cache for "v3html/v3-html-head.ftl"("en", UTF-8, parsed); will try to load it.
[main] DEBUG freemarker.cache  - TemplateLoader.findTemplateSource("v3html/v3-html-head_en.ftl"): Not found
[main] DEBUG freemarker.cache  - TemplateLoader.findTemplateSource("v3html/v3-html-head.ftl"): Found
[main] DEBUG freemarker.cache  - Loading template for "v3html/v3-html-head.ftl"("en", UTF-8, parsed) from "jar:file:/C:/Users/racheeka.ORADEV/.m2/repository/com/aventstack/extentreports/4.0.9/extentreports-4.0.9.jar!/com/aventstack/extentreports/view/v3html/v3-html-head.ftl"
[main] DEBUG freemarker.cache  - Couldn't find template in cache for "v3html/v3-html-nav.ftl"("en", UTF-8, parsed); will try to load it.
[main] DEBUG freemarker.cache  - TemplateLoader.findTemplateSource("v3html/v3-html-nav_en.ftl"): Not found
[main] DEBUG freemarker.cache  - TemplateLoader.findTemplateSource("v3html/v3-html-nav.ftl"): Found
[main] DEBUG freemarker.cache  - Loading template for "v3html/v3-html-nav.ftl"("en", UTF-8, parsed) from "jar:file:/C:/Users/racheeka.ORADEV/.m2/repository/com/aventstack/extentreports/4.0.9/extentreports-4.0.9.jar!/com/aventstack/extentreports/view/v3html/v3-html-nav.ftl"
[main] DEBUG freemarker.cache  - Couldn't find template in cache for "v3html/test-view/v3-html-test-view.ftl"("en", UTF-8, parsed); will try to load it.
[main] DEBUG freemarker.cache  - TemplateLoader.findTemplateSource("v3html/test-view/v3-html-test-view_en.ftl"): Not found
[main] DEBUG freemarker.cache  - TemplateLoader.findTemplateSource("v3html/test-view/v3-html-test-view.ftl"): Found
[main] DEBUG freemarker.cache  - Loading template for "v3html/test-view/v3-html-test-view.ftl"("en", UTF-8, parsed) from "jar:file:/C:/Users/racheeka.ORADEV/.m2/repository/com/aventstack/extentreports/4.0.9/extentreports-4.0.9.jar!/com/aventstack/extentreports/view/v3html/test-view/v3-html-test-view.ftl"
[main] DEBUG freemarker.cache  - Couldn't find template in cache for "v3html/test-view/v3-html-test-view-charts.ftl"("en", UTF-8, parsed); will try to load it.
[main] DEBUG freemarker.cache  - TemplateLoader.findTemplateSource("v3html/test-view/v3-html-test-view-charts_en.ftl"): Not found
[main] DEBUG freemarker.cache  - TemplateLoader.findTemplateSource("v3html/test-view/v3-html-test-view-charts.ftl"): Found
[main] DEBUG freemarker.cache  - Loading template for "v3html/test-view/v3-html-test-view-charts.ftl"("en", UTF-8, parsed) from "jar:file:/C:/Users/racheeka.ORADEV/.m2/repository/com/aventstack/extentreports/4.0.9/extentreports-4.0.9.jar!/com/aventstack/extentreports/view/v3html/test-view/v3-html-test-view-charts.ftl"
[main] DEBUG freemarker.cache  - Couldn't find template in cache for "v3html/test-view/v3-html-standard.ftl"("en", UTF-8, parsed); will try to load it.
[main] DEBUG freemarker.cache  - TemplateLoader.findTemplateSource("v3html/test-view/v3-html-standard_en.ftl"): Not found
[main] DEBUG freemarker.cache  - TemplateLoader.findTemplateSource("v3html/test-view/v3-html-standard.ftl"): Found
[main] DEBUG freemarker.cache  - Loading template for "v3html/test-view/v3-html-standard.ftl"("en", UTF-8, parsed) from "jar:file:/C:/Users/racheeka.ORADEV/.m2/repository/com/aventstack/extentreports/4.0.9/extentreports-4.0.9.jar!/com/aventstack/extentreports/view/v3html/test-view/v3-html-standard.ftl"
[main] DEBUG freemarker.cache  - Couldn't find template in cache for "v3html/category-view/v3-html-category-view.ftl"("en", UTF-8, parsed); will try to load it.
[main] DEBUG freemarker.cache  - TemplateLoader.findTemplateSource("v3html/category-view/v3-html-category-view_en.ftl"): Not found
[main] DEBUG freemarker.cache  - TemplateLoader.findTemplateSource("v3html/category-view/v3-html-category-view.ftl"): Found
[main] DEBUG freemarker.cache  - Loading template for "v3html/category-view/v3-html-category-view.ftl"("en", UTF-8, parsed) from "jar:file:/C:/Users/racheeka.ORADEV/.m2/repository/com/aventstack/extentreports/4.0.9/extentreports-4.0.9.jar!/com/aventstack/extentreports/view/v3html/category-view/v3-html-category-view.ftl"
[main] DEBUG freemarker.cache  - Couldn't find template in cache for "v3html/exception-view/v3-html-exception-view.ftl"("en", UTF-8, parsed); will try to load it.
[main] DEBUG freemarker.cache  - TemplateLoader.findTemplateSource("v3html/exception-view/v3-html-exception-view_en.ftl"): Not found
[main] DEBUG freemarker.cache  - TemplateLoader.findTemplateSource("v3html/exception-view/v3-html-exception-view.ftl"): Found
[main] DEBUG freemarker.cache  - Loading template for "v3html/exception-view/v3-html-exception-view.ftl"("en", UTF-8, parsed) from "jar:file:/C:/Users/racheeka.ORADEV/.m2/repository/com/aventstack/extentreports/4.0.9/extentreports-4.0.9.jar!/com/aventstack/extentreports/view/v3html/exception-view/v3-html-exception-view.ftl"
[main] DEBUG freemarker.cache  - Couldn't find template in cache for "v3html/author-view/v3-html-author-view.ftl"("en", UTF-8, parsed); will try to load it.
[main] DEBUG freemarker.cache  - TemplateLoader.findTemplateSource("v3html/author-view/v3-html-author-view_en.ftl"): Not found
[main] DEBUG freemarker.cache  - TemplateLoader.findTemplateSource("v3html/author-view/v3-html-author-view.ftl"): Found
[main] DEBUG freemarker.cache  - Loading template for "v3html/author-view/v3-html-author-view.ftl"("en", UTF-8, parsed) from "jar:file:/C:/Users/racheeka.ORADEV/.m2/repository/com/aventstack/extentreports/4.0.9/extentreports-4.0.9.jar!/com/aventstack/extentreports/view/v3html/author-view/v3-html-author-view.ftl"
[main] DEBUG freemarker.cache  - Couldn't find template in cache for "v3html/dashboard-view/v3-html-dashboard-view.ftl"("en", UTF-8, parsed); will try to load it.
[main] DEBUG freemarker.cache  - TemplateLoader.findTemplateSource("v3html/dashboard-view/v3-html-dashboard-view_en.ftl"): Not found
[main] DEBUG freemarker.cache  - TemplateLoader.findTemplateSource("v3html/dashboard-view/v3-html-dashboard-view.ftl"): Found
[main] DEBUG freemarker.cache  - Loading template for "v3html/dashboard-view/v3-html-dashboard-view.ftl"("en", UTF-8, parsed) from "jar:file:/C:/Users/racheeka.ORADEV/.m2/repository/com/aventstack/extentreports/4.0.9/extentreports-4.0.9.jar!/com/aventstack/extentreports/view/v3html/dashboard-view/v3-html-dashboard-view.ftl"
[main] DEBUG freemarker.cache  - Couldn't find template in cache for "v3html/logs-view/v3-html-testrunner-logs-view.ftl"("en", UTF-8, parsed); will try to load it.
[main] DEBUG freemarker.cache  - TemplateLoader.findTemplateSource("v3html/logs-view/v3-html-testrunner-logs-view_en.ftl"): Not found
[main] DEBUG freemarker.cache  - TemplateLoader.findTemplateSource("v3html/logs-view/v3-html-testrunner-logs-view.ftl"): Found
[main] DEBUG freemarker.cache  - Loading template for "v3html/logs-view/v3-html-testrunner-logs-view.ftl"("en", UTF-8, parsed) from "jar:file:/C:/Users/racheeka.ORADEV/.m2/repository/com/aventstack/extentreports/4.0.9/extentreports-4.0.9.jar!/com/aventstack/extentreports/view/v3html/logs-view/v3-html-testrunner-logs-view.ftl"
[main] DEBUG pages.BasePage  - Checking if logs are displayed or not
[main] INFO  pages.BasePage  - Title of the Page is My Store
[main] INFO  pages.BasePage  - Title of the Page is My Store
[main] INFO  pages.BasePage  - Entered dress in the Serach
[main] INFO  pages.BasePage  - Title of the Page is Printed Summer Dress - My Store
[main] DEBUG freemarker.cache  - Couldn't find template in cache for "v3html/v3-html-index.ftl"("en", UTF-8, parsed); will try to load it.
[main] DEBUG freemarker.cache  - TemplateLoader.findTemplateSource("v3html/v3-html-index_en.ftl"): Not found
[main] DEBUG freemarker.cache  - TemplateLoader.findTemplateSource("v3html/v3-html-index.ftl"): Found
[main] DEBUG freemarker.cache  - Loading template for "v3html/v3-html-index.ftl"("en", UTF-8, parsed) from "jar:file:/C:/Users/racheeka.ORADEV/.m2/repository/com/aventstack/extentreports/4.0.9/extentreports-4.0.9.jar!/com/aventstack/extentreports/view/v3html/v3-html-index.ftl"
[main] DEBUG freemarker.cache  - Couldn't find template in cache for "v3html/v3-html-head.ftl"("en", UTF-8, parsed); will try to load it.
[main] DEBUG freemarker.cache  - TemplateLoader.findTemplateSource("v3html/v3-html-head_en.ftl"): Not found
[main] DEBUG freemarker.cache  - TemplateLoader.findTemplateSource("v3html/v3-html-head.ftl"): Found
[main] DEBUG freemarker.cache  - Loading template for "v3html/v3-html-head.ftl"("en", UTF-8, parsed) from "jar:file:/C:/Users/racheeka.ORADEV/.m2/repository/com/aventstack/extentreports/4.0.9/extentreports-4.0.9.jar!/com/aventstack/extentreports/view/v3html/v3-html-head.ftl"
[main] DEBUG freemarker.cache  - Couldn't find template in cache for "v3html/v3-html-nav.ftl"("en", UTF-8, parsed); will try to load it.
[main] DEBUG freemarker.cache  - TemplateLoader.findTemplateSource("v3html/v3-html-nav_en.ftl"): Not found
[main] DEBUG freemarker.cache  - TemplateLoader.findTemplateSource("v3html/v3-html-nav.ftl"): Found
[main] DEBUG freemarker.cache  - Loading template for "v3html/v3-html-nav.ftl"("en", UTF-8, parsed) from "jar:file:/C:/Users/racheeka.ORADEV/.m2/repository/com/aventstack/extentreports/4.0.9/extentreports-4.0.9.jar!/com/aventstack/extentreports/view/v3html/v3-html-nav.ftl"
[main] DEBUG freemarker.cache  - Couldn't find template in cache for "v3html/test-view/v3-html-test-view.ftl"("en", UTF-8, parsed); will try to load it.
[main] DEBUG freemarker.cache  - TemplateLoader.findTemplateSource("v3html/test-view/v3-html-test-view_en.ftl"): Not found
[main] DEBUG freemarker.cache  - TemplateLoader.findTemplateSource("v3html/test-view/v3-html-test-view.ftl"): Found
[main] DEBUG freemarker.cache  - Loading template for "v3html/test-view/v3-html-test-view.ftl"("en", UTF-8, parsed) from "jar:file:/C:/Users/racheeka.ORADEV/.m2/repository/com/aventstack/extentreports/4.0.9/extentreports-4.0.9.jar!/com/aventstack/extentreports/view/v3html/test-view/v3-html-test-view.ftl"
[main] DEBUG freemarker.cache  - Couldn't find template in cache for "v3html/test-view/v3-html-test-view-charts.ftl"("en", UTF-8, parsed); will try to load it.
[main] DEBUG freemarker.cache  - TemplateLoader.findTemplateSource("v3html/test-view/v3-html-test-view-charts_en.ftl"): Not found
[main] DEBUG freemarker.cache  - TemplateLoader.findTemplateSource("v3html/test-view/v3-html-test-view-charts.ftl"): Found
[main] DEBUG freemarker.cache  - Loading template for "v3html/test-view/v3-html-test-view-charts.ftl"("en", UTF-8, parsed) from "jar:file:/C:/Users/racheeka.ORADEV/.m2/repository/com/aventstack/extentreports/4.0.9/extentreports-4.0.9.jar!/com/aventstack/extentreports/view/v3html/test-view/v3-html-test-view-charts.ftl"
[main] DEBUG freemarker.cache  - Couldn't find template in cache for "v3html/test-view/v3-html-standard.ftl"("en", UTF-8, parsed); will try to load it.
[main] DEBUG freemarker.cache  - TemplateLoader.findTemplateSource("v3html/test-view/v3-html-standard_en.ftl"): Not found
[main] DEBUG freemarker.cache  - TemplateLoader.findTemplateSource("v3html/test-view/v3-html-standard.ftl"): Found
[main] DEBUG freemarker.cache  - Loading template for "v3html/test-view/v3-html-standard.ftl"("en", UTF-8, parsed) from "jar:file:/C:/Users/racheeka.ORADEV/.m2/repository/com/aventstack/extentreports/4.0.9/extentreports-4.0.9.jar!/com/aventstack/extentreports/view/v3html/test-view/v3-html-standard.ftl"
[main] DEBUG freemarker.cache  - Couldn't find template in cache for "v3html/category-view/v3-html-category-view.ftl"("en", UTF-8, parsed); will try to load it.
[main] DEBUG freemarker.cache  - TemplateLoader.findTemplateSource("v3html/category-view/v3-html-category-view_en.ftl"): Not found
[main] DEBUG freemarker.cache  - TemplateLoader.findTemplateSource("v3html/category-view/v3-html-category-view.ftl"): Found
[main] DEBUG freemarker.cache  - Loading template for "v3html/category-view/v3-html-category-view.ftl"("en", UTF-8, parsed) from "jar:file:/C:/Users/racheeka.ORADEV/.m2/repository/com/aventstack/extentreports/4.0.9/extentreports-4.0.9.jar!/com/aventstack/extentreports/view/v3html/category-view/v3-html-category-view.ftl"
[main] DEBUG freemarker.cache  - Couldn't find template in cache for "v3html/exception-view/v3-html-exception-view.ftl"("en", UTF-8, parsed); will try to load it.
[main] DEBUG freemarker.cache  - TemplateLoader.findTemplateSource("v3html/exception-view/v3-html-exception-view_en.ftl"): Not found
[main] DEBUG freemarker.cache  - TemplateLoader.findTemplateSource("v3html/exception-view/v3-html-exception-view.ftl"): Found
[main] DEBUG freemarker.cache  - Loading template for "v3html/exception-view/v3-html-exception-view.ftl"("en", UTF-8, parsed) from "jar:file:/C:/Users/racheeka.ORADEV/.m2/repository/com/aventstack/extentreports/4.0.9/extentreports-4.0.9.jar!/com/aventstack/extentreports/view/v3html/exception-view/v3-html-exception-view.ftl"
[main] DEBUG freemarker.cache  - Couldn't find template in cache for "v3html/author-view/v3-html-author-view.ftl"("en", UTF-8, parsed); will try to load it.
[main] DEBUG freemarker.cache  - TemplateLoader.findTemplateSource("v3html/author-view/v3-html-author-view_en.ftl"): Not found
[main] DEBUG freemarker.cache  - TemplateLoader.findTemplateSource("v3html/author-view/v3-html-author-view.ftl"): Found
[main] DEBUG freemarker.cache  - Loading template for "v3html/author-view/v3-html-author-view.ftl"("en", UTF-8, parsed) from "jar:file:/C:/Users/racheeka.ORADEV/.m2/repository/com/aventstack/extentreports/4.0.9/extentreports-4.0.9.jar!/com/aventstack/extentreports/view/v3html/author-view/v3-html-author-view.ftl"
[main] DEBUG freemarker.cache  - Couldn't find template in cache for "v3html/dashboard-view/v3-html-dashboard-view.ftl"("en", UTF-8, parsed); will try to load it.
[main] DEBUG freemarker.cache  - TemplateLoader.findTemplateSource("v3html/dashboard-view/v3-html-dashboard-view_en.ftl"): Not found
[main] DEBUG freemarker.cache  - TemplateLoader.findTemplateSource("v3html/dashboard-view/v3-html-dashboard-view.ftl"): Found
[main] DEBUG freemarker.cache  - Loading template for "v3html/dashboard-view/v3-html-dashboard-view.ftl"("en", UTF-8, parsed) from "jar:file:/C:/Users/racheeka.ORADEV/.m2/repository/com/aventstack/extentreports/4.0.9/extentreports-4.0.9.jar!/com/aventstack/extentreports/view/v3html/dashboard-view/v3-html-dashboard-view.ftl"
[main] DEBUG freemarker.cache  - Couldn't find template in cache for "v3html/logs-view/v3-html-testrunner-logs-view.ftl"("en", UTF-8, parsed); will try to load it.
[main] DEBUG freemarker.cache  - TemplateLoader.findTemplateSource("v3html/logs-view/v3-html-testrunner-logs-view_en.ftl"): Not found
[main] DEBUG freemarker.cache  - TemplateLoader.findTemplateSource("v3html/logs-view/v3-html-testrunner-logs-view.ftl"): Found
[main] DEBUG freemarker.cache  - Loading template for "v3html/logs-view/v3-html-testrunner-logs-view.ftl"("en", UTF-8, parsed) from "jar:file:/C:/Users/racheeka.ORADEV/.m2/repository/com/aventstack/extentreports/4.0.9/extentreports-4.0.9.jar!/com/aventstack/extentreports/view/v3html/logs-view/v3-html-testrunner-logs-view.ftl"
[main] DEBUG pages.BasePage  - Checking if logs are displayed or not
[main] INFO  pages.BasePage  - Title of the Page is My Store
[main] INFO  pages.BasePage  - Title of the Page is My Store
[main] INFO  pages.BasePage  - Entered dress in the Serach
[main] INFO  pages.BasePage  - Title of the Page is Printed Summer Dress - My Store
[main] DEBUG freemarker.cache  - Couldn't find template in cache for "v3html/v3-html-index.ftl"("en", UTF-8, parsed); will try to load it.
[main] DEBUG freemarker.cache  - TemplateLoader.findTemplateSource("v3html/v3-html-index_en.ftl"): Not found
[main] DEBUG freemarker.cache  - TemplateLoader.findTemplateSource("v3html/v3-html-index.ftl"): Found
[main] DEBUG freemarker.cache  - Loading template for "v3html/v3-html-index.ftl"("en", UTF-8, parsed) from "jar:file:/C:/Users/racheeka.ORADEV/.m2/repository/com/aventstack/extentreports/4.0.9/extentreports-4.0.9.jar!/com/aventstack/extentreports/view/v3html/v3-html-index.ftl"
[main] DEBUG freemarker.cache  - Couldn't find template in cache for "v3html/v3-html-head.ftl"("en", UTF-8, parsed); will try to load it.
[main] DEBUG freemarker.cache  - TemplateLoader.findTemplateSource("v3html/v3-html-head_en.ftl"): Not found
[main] DEBUG freemarker.cache  - TemplateLoader.findTemplateSource("v3html/v3-html-head.ftl"): Found
[main] DEBUG freemarker.cache  - Loading template for "v3html/v3-html-head.ftl"("en", UTF-8, parsed) from "jar:file:/C:/Users/racheeka.ORADEV/.m2/repository/com/aventstack/extentreports/4.0.9/extentreports-4.0.9.jar!/com/aventstack/extentreports/view/v3html/v3-html-head.ftl"
[main] DEBUG freemarker.cache  - Couldn't find template in cache for "v3html/v3-html-nav.ftl"("en", UTF-8, parsed); will try to load it.
[main] DEBUG freemarker.cache  - TemplateLoader.findTemplateSource("v3html/v3-html-nav_en.ftl"): Not found
[main] DEBUG freemarker.cache  - TemplateLoader.findTemplateSource("v3html/v3-html-nav.ftl"): Found
[main] DEBUG freemarker.cache  - Loading template for "v3html/v3-html-nav.ftl"("en", UTF-8, parsed) from "jar:file:/C:/Users/racheeka.ORADEV/.m2/repository/com/aventstack/extentreports/4.0.9/extentreports-4.0.9.jar!/com/aventstack/extentreports/view/v3html/v3-html-nav.ftl"
[main] DEBUG freemarker.cache  - Couldn't find template in cache for "v3html/test-view/v3-html-test-view.ftl"("en", UTF-8, parsed); will try to load it.
[main] DEBUG freemarker.cache  - TemplateLoader.findTemplateSource("v3html/test-view/v3-html-test-view_en.ftl"): Not found
[main] DEBUG freemarker.cache  - TemplateLoader.findTemplateSource("v3html/test-view/v3-html-test-view.ftl"): Found
[main] DEBUG freemarker.cache  - Loading template for "v3html/test-view/v3-html-test-view.ftl"("en", UTF-8, parsed) from "jar:file:/C:/Users/racheeka.ORADEV/.m2/repository/com/aventstack/extentreports/4.0.9/extentreports-4.0.9.jar!/com/aventstack/extentreports/view/v3html/test-view/v3-html-test-view.ftl"
[main] DEBUG freemarker.cache  - Couldn't find template in cache for "v3html/test-view/v3-html-test-view-charts.ftl"("en", UTF-8, parsed); will try to load it.
[main] DEBUG freemarker.cache  - TemplateLoader.findTemplateSource("v3html/test-view/v3-html-test-view-charts_en.ftl"): Not found
[main] DEBUG freemarker.cache  - TemplateLoader.findTemplateSource("v3html/test-view/v3-html-test-view-charts.ftl"): Found
[main] DEBUG freemarker.cache  - Loading template for "v3html/test-view/v3-html-test-view-charts.ftl"("en", UTF-8, parsed) from "jar:file:/C:/Users/racheeka.ORADEV/.m2/repository/com/aventstack/extentreports/4.0.9/extentreports-4.0.9.jar!/com/aventstack/extentreports/view/v3html/test-view/v3-html-test-view-charts.ftl"
[main] DEBUG freemarker.cache  - Couldn't find template in cache for "v3html/test-view/v3-html-standard.ftl"("en", UTF-8, parsed); will try to load it.
[main] DEBUG freemarker.cache  - TemplateLoader.findTemplateSource("v3html/test-view/v3-html-standard_en.ftl"): Not found
[main] DEBUG freemarker.cache  - TemplateLoader.findTemplateSource("v3html/test-view/v3-html-standard.ftl"): Found
[main] DEBUG freemarker.cache  - Loading template for "v3html/test-view/v3-html-standard.ftl"("en", UTF-8, parsed) from "jar:file:/C:/Users/racheeka.ORADEV/.m2/repository/com/aventstack/extentreports/4.0.9/extentreports-4.0.9.jar!/com/aventstack/extentreports/view/v3html/test-view/v3-html-standard.ftl"
[main] DEBUG freemarker.cache  - Couldn't find template in cache for "v3html/category-view/v3-html-category-view.ftl"("en", UTF-8, parsed); will try to load it.
[main] DEBUG freemarker.cache  - TemplateLoader.findTemplateSource("v3html/category-view/v3-html-category-view_en.ftl"): Not found
[main] DEBUG freemarker.cache  - TemplateLoader.findTemplateSource("v3html/category-view/v3-html-category-view.ftl"): Found
[main] DEBUG freemarker.cache  - Loading template for "v3html/category-view/v3-html-category-view.ftl"("en", UTF-8, parsed) from "jar:file:/C:/Users/racheeka.ORADEV/.m2/repository/com/aventstack/extentreports/4.0.9/extentreports-4.0.9.jar!/com/aventstack/extentreports/view/v3html/category-view/v3-html-category-view.ftl"
[main] DEBUG freemarker.cache  - Couldn't find template in cache for "v3html/exception-view/v3-html-exception-view.ftl"("en", UTF-8, parsed); will try to load it.
[main] DEBUG freemarker.cache  - TemplateLoader.findTemplateSource("v3html/exception-view/v3-html-exception-view_en.ftl"): Not found
[main] DEBUG freemarker.cache  - TemplateLoader.findTemplateSource("v3html/exception-view/v3-html-exception-view.ftl"): Found
[main] DEBUG freemarker.cache  - Loading template for "v3html/exception-view/v3-html-exception-view.ftl"("en", UTF-8, parsed) from "jar:file:/C:/Users/racheeka.ORADEV/.m2/repository/com/aventstack/extentreports/4.0.9/extentreports-4.0.9.jar!/com/aventstack/extentreports/view/v3html/exception-view/v3-html-exception-view.ftl"
[main] DEBUG freemarker.cache  - Couldn't find template in cache for "v3html/author-view/v3-html-author-view.ftl"("en", UTF-8, parsed); will try to load it.
[main] DEBUG freemarker.cache  - TemplateLoader.findTemplateSource("v3html/author-view/v3-html-author-view_en.ftl"): Not found
[main] DEBUG freemarker.cache  - TemplateLoader.findTemplateSource("v3html/author-view/v3-html-author-view.ftl"): Found
[main] DEBUG freemarker.cache  - Loading template for "v3html/author-view/v3-html-author-view.ftl"("en", UTF-8, parsed) from "jar:file:/C:/Users/racheeka.ORADEV/.m2/repository/com/aventstack/extentreports/4.0.9/extentreports-4.0.9.jar!/com/aventstack/extentreports/view/v3html/author-view/v3-html-author-view.ftl"
[main] DEBUG freemarker.cache  - Couldn't find template in cache for "v3html/dashboard-view/v3-html-dashboard-view.ftl"("en", UTF-8, parsed); will try to load it.
[main] DEBUG freemarker.cache  - TemplateLoader.findTemplateSource("v3html/dashboard-view/v3-html-dashboard-view_en.ftl"): Not found
[main] DEBUG freemarker.cache  - TemplateLoader.findTemplateSource("v3html/dashboard-view/v3-html-dashboard-view.ftl"): Found
[main] DEBUG freemarker.cache  - Loading template for "v3html/dashboard-view/v3-html-dashboard-view.ftl"("en", UTF-8, parsed) from "jar:file:/C:/Users/racheeka.ORADEV/.m2/repository/com/aventstack/extentreports/4.0.9/extentreports-4.0.9.jar!/com/aventstack/extentreports/view/v3html/dashboard-view/v3-html-dashboard-view.ftl"
[main] DEBUG freemarker.cache  - Couldn't find template in cache for "v3html/logs-view/v3-html-testrunner-logs-view.ftl"("en", UTF-8, parsed); will try to load it.
[main] DEBUG freemarker.cache  - TemplateLoader.findTemplateSource("v3html/logs-view/v3-html-testrunner-logs-view_en.ftl"): Not found
[main] DEBUG freemarker.cache  - TemplateLoader.findTemplateSource("v3html/logs-view/v3-html-testrunner-logs-view.ftl"): Found
[main] DEBUG freemarker.cache  - Loading template for "v3html/logs-view/v3-html-testrunner-logs-view.ftl"("en", UTF-8, parsed) from "jar:file:/C:/Users/racheeka.ORADEV/.m2/repository/com/aventstack/extentreports/4.0.9/extentreports-4.0.9.jar!/com/aventstack/extentreports/view/v3html/logs-view/v3-html-testrunner-logs-view.ftl"
[main] DEBUG pages.BasePage  - Checking if logs are displayed or not
[main] INFO  pages.BasePage  - Title of the Page is My Store
[main] INFO  pages.BasePage  - Title of the Page is My Store
[main] INFO  pages.BasePage  - Entered dress in the Serach
[main] INFO  pages.BasePage  - Title of the Page is Printed Summer Dress - My Store
[main] INFO  pages.BasePage  - Entered dress in the Serach
[main] INFO  pages.BasePage  - Entered dress in the Serach
[main] DEBUG freemarker.cache  - Couldn't find template in cache for "v3html/v3-html-index.ftl"("en", UTF-8, parsed); will try to load it.
[main] DEBUG freemarker.cache  - TemplateLoader.findTemplateSource("v3html/v3-html-index_en.ftl"): Not found
[main] DEBUG freemarker.cache  - TemplateLoader.findTemplateSource("v3html/v3-html-index.ftl"): Found
[main] DEBUG freemarker.cache  - Loading template for "v3html/v3-html-index.ftl"("en", UTF-8, parsed) from "jar:file:/C:/Users/racheeka.ORADEV/.m2/repository/com/aventstack/extentreports/4.0.9/extentreports-4.0.9.jar!/com/aventstack/extentreports/view/v3html/v3-html-index.ftl"
[main] DEBUG freemarker.cache  - Couldn't find template in cache for "v3html/v3-html-head.ftl"("en", UTF-8, parsed); will try to load it.
[main] DEBUG freemarker.cache  - TemplateLoader.findTemplateSource("v3html/v3-html-head_en.ftl"): Not found
[main] DEBUG freemarker.cache  - TemplateLoader.findTemplateSource("v3html/v3-html-head.ftl"): Found
[main] DEBUG freemarker.cache  - Loading template for "v3html/v3-html-head.ftl"("en", UTF-8, parsed) from "jar:file:/C:/Users/racheeka.ORADEV/.m2/repository/com/aventstack/extentreports/4.0.9/extentreports-4.0.9.jar!/com/aventstack/extentreports/view/v3html/v3-html-head.ftl"
[main] DEBUG freemarker.cache  - Couldn't find template in cache for "v3html/v3-html-nav.ftl"("en", UTF-8, parsed); will try to load it.
[main] DEBUG freemarker.cache  - TemplateLoader.findTemplateSource("v3html/v3-html-nav_en.ftl"): Not found
[main] DEBUG freemarker.cache  - TemplateLoader.findTemplateSource("v3html/v3-html-nav.ftl"): Found
[main] DEBUG freemarker.cache  - Loading template for "v3html/v3-html-nav.ftl"("en", UTF-8, parsed) from "jar:file:/C:/Users/racheeka.ORADEV/.m2/repository/com/aventstack/extentreports/4.0.9/extentreports-4.0.9.jar!/com/aventstack/extentreports/view/v3html/v3-html-nav.ftl"
[main] DEBUG freemarker.cache  - Couldn't find template in cache for "v3html/test-view/v3-html-test-view.ftl"("en", UTF-8, parsed); will try to load it.
[main] DEBUG freemarker.cache  - TemplateLoader.findTemplateSource("v3html/test-view/v3-html-test-view_en.ftl"): Not found
[main] DEBUG freemarker.cache  - TemplateLoader.findTemplateSource("v3html/test-view/v3-html-test-view.ftl"): Found
[main] DEBUG freemarker.cache  - Loading template for "v3html/test-view/v3-html-test-view.ftl"("en", UTF-8, parsed) from "jar:file:/C:/Users/racheeka.ORADEV/.m2/repository/com/aventstack/extentreports/4.0.9/extentreports-4.0.9.jar!/com/aventstack/extentreports/view/v3html/test-view/v3-html-test-view.ftl"
[main] DEBUG freemarker.cache  - Couldn't find template in cache for "v3html/test-view/v3-html-test-view-charts.ftl"("en", UTF-8, parsed); will try to load it.
[main] DEBUG freemarker.cache  - TemplateLoader.findTemplateSource("v3html/test-view/v3-html-test-view-charts_en.ftl"): Not found
[main] DEBUG freemarker.cache  - TemplateLoader.findTemplateSource("v3html/test-view/v3-html-test-view-charts.ftl"): Found
[main] DEBUG freemarker.cache  - Loading template for "v3html/test-view/v3-html-test-view-charts.ftl"("en", UTF-8, parsed) from "jar:file:/C:/Users/racheeka.ORADEV/.m2/repository/com/aventstack/extentreports/4.0.9/extentreports-4.0.9.jar!/com/aventstack/extentreports/view/v3html/test-view/v3-html-test-view-charts.ftl"
[main] DEBUG freemarker.cache  - Couldn't find template in cache for "v3html/test-view/v3-html-standard.ftl"("en", UTF-8, parsed); will try to load it.
[main] DEBUG freemarker.cache  - TemplateLoader.findTemplateSource("v3html/test-view/v3-html-standard_en.ftl"): Not found
[main] DEBUG freemarker.cache  - TemplateLoader.findTemplateSource("v3html/test-view/v3-html-standard.ftl"): Found
[main] DEBUG freemarker.cache  - Loading template for "v3html/test-view/v3-html-standard.ftl"("en", UTF-8, parsed) from "jar:file:/C:/Users/racheeka.ORADEV/.m2/repository/com/aventstack/extentreports/4.0.9/extentreports-4.0.9.jar!/com/aventstack/extentreports/view/v3html/test-view/v3-html-standard.ftl"
[main] DEBUG freemarker.cache  - Couldn't find template in cache for "v3html/category-view/v3-html-category-view.ftl"("en", UTF-8, parsed); will try to load it.
[main] DEBUG freemarker.cache  - TemplateLoader.findTemplateSource("v3html/category-view/v3-html-category-view_en.ftl"): Not found
[main] DEBUG freemarker.cache  - TemplateLoader.findTemplateSource("v3html/category-view/v3-html-category-view.ftl"): Found
[main] DEBUG freemarker.cache  - Loading template for "v3html/category-view/v3-html-category-view.ftl"("en", UTF-8, parsed) from "jar:file:/C:/Users/racheeka.ORADEV/.m2/repository/com/aventstack/extentreports/4.0.9/extentreports-4.0.9.jar!/com/aventstack/extentreports/view/v3html/category-view/v3-html-category-view.ftl"
[main] DEBUG freemarker.cache  - Couldn't find template in cache for "v3html/exception-view/v3-html-exception-view.ftl"("en", UTF-8, parsed); will try to load it.
[main] DEBUG freemarker.cache  - TemplateLoader.findTemplateSource("v3html/exception-view/v3-html-exception-view_en.ftl"): Not found
[main] DEBUG freemarker.cache  - TemplateLoader.findTemplateSource("v3html/exception-view/v3-html-exception-view.ftl"): Found
[main] DEBUG freemarker.cache  - Loading template for "v3html/exception-view/v3-html-exception-view.ftl"("en", UTF-8, parsed) from "jar:file:/C:/Users/racheeka.ORADEV/.m2/repository/com/aventstack/extentreports/4.0.9/extentreports-4.0.9.jar!/com/aventstack/extentreports/view/v3html/exception-view/v3-html-exception-view.ftl"
[main] DEBUG freemarker.cache  - Couldn't find template in cache for "v3html/author-view/v3-html-author-view.ftl"("en", UTF-8, parsed); will try to load it.
[main] DEBUG freemarker.cache  - TemplateLoader.findTemplateSource("v3html/author-view/v3-html-author-view_en.ftl"): Not found
[main] DEBUG freemarker.cache  - TemplateLoader.findTemplateSource("v3html/author-view/v3-html-author-view.ftl"): Found
[main] DEBUG freemarker.cache  - Loading template for "v3html/author-view/v3-html-author-view.ftl"("en", UTF-8, parsed) from "jar:file:/C:/Users/racheeka.ORADEV/.m2/repository/com/aventstack/extentreports/4.0.9/extentreports-4.0.9.jar!/com/aventstack/extentreports/view/v3html/author-view/v3-html-author-view.ftl"
[main] DEBUG freemarker.cache  - Couldn't find template in cache for "v3html/dashboard-view/v3-html-dashboard-view.ftl"("en", UTF-8, parsed); will try to load it.
[main] DEBUG freemarker.cache  - TemplateLoader.findTemplateSource("v3html/dashboard-view/v3-html-dashboard-view_en.ftl"): Not found
[main] DEBUG freemarker.cache  - TemplateLoader.findTemplateSource("v3html/dashboard-view/v3-html-dashboard-view.ftl"): Found
[main] DEBUG freemarker.cache  - Loading template for "v3html/dashboard-view/v3-html-dashboard-view.ftl"("en", UTF-8, parsed) from "jar:file:/C:/Users/racheeka.ORADEV/.m2/repository/com/aventstack/extentreports/4.0.9/extentreports-4.0.9.jar!/com/aventstack/extentreports/view/v3html/dashboard-view/v3-html-dashboard-view.ftl"
[main] DEBUG freemarker.cache  - Couldn't find template in cache for "v3html/logs-view/v3-html-testrunner-logs-view.ftl"("en", UTF-8, parsed); will try to load it.
[main] DEBUG freemarker.cache  - TemplateLoader.findTemplateSource("v3html/logs-view/v3-html-testrunner-logs-view_en.ftl"): Not found
[main] DEBUG freemarker.cache  - TemplateLoader.findTemplateSource("v3html/logs-view/v3-html-testrunner-logs-view.ftl"): Found
[main] DEBUG freemarker.cache  - Loading template for "v3html/logs-view/v3-html-testrunner-logs-view.ftl"("en", UTF-8, parsed) from "jar:file:/C:/Users/racheeka.ORADEV/.m2/repository/com/aventstack/extentreports/4.0.9/extentreports-4.0.9.jar!/com/aventstack/extentreports/view/v3html/logs-view/v3-html-testrunner-logs-view.ftl"
[main] DEBUG pages.BasePage  - Checking if logs are displayed or not
[main] INFO  pages.BasePage  - Title of the Page is My Store
[main] INFO  pages.BasePage  - Title of the Page is My Store
[main] INFO  pages.BasePage  - Entered dress in the Serach
[main] INFO  pages.BasePage  - Title of the Page is Printed Summer Dress - My Store
[main] INFO  pages.BasePage  - Entered dress in the Serach
[main] INFO  pages.BasePage  - Entered dress in the Serach
[main] DEBUG freemarker.cache  - Couldn't find template in cache for "v3html/v3-html-index.ftl"("en", UTF-8, parsed); will try to load it.
[main] DEBUG freemarker.cache  - TemplateLoader.findTemplateSource("v3html/v3-html-index_en.ftl"): Not found
[main] DEBUG freemarker.cache  - TemplateLoader.findTemplateSource("v3html/v3-html-index.ftl"): Found
[main] DEBUG freemarker.cache  - Loading template for "v3html/v3-html-index.ftl"("en", UTF-8, parsed) from "jar:file:/C:/Users/racheeka.ORADEV/.m2/repository/com/aventstack/extentreports/4.0.9/extentreports-4.0.9.jar!/com/aventstack/extentreports/view/v3html/v3-html-index.ftl"
[main] DEBUG freemarker.cache  - Couldn't find template in cache for "v3html/v3-html-head.ftl"("en", UTF-8, parsed); will try to load it.
[main] DEBUG freemarker.cache  - TemplateLoader.findTemplateSource("v3html/v3-html-head_en.ftl"): Not found
[main] DEBUG freemarker.cache  - TemplateLoader.findTemplateSource("v3html/v3-html-head.ftl"): Found
[main] DEBUG freemarker.cache  - Loading template for "v3html/v3-html-head.ftl"("en", UTF-8, parsed) from "jar:file:/C:/Users/racheeka.ORADEV/.m2/repository/com/aventstack/extentreports/4.0.9/extentreports-4.0.9.jar!/com/aventstack/extentreports/view/v3html/v3-html-head.ftl"
[main] DEBUG freemarker.cache  - Couldn't find template in cache for "v3html/v3-html-nav.ftl"("en", UTF-8, parsed); will try to load it.
[main] DEBUG freemarker.cache  - TemplateLoader.findTemplateSource("v3html/v3-html-nav_en.ftl"): Not found
[main] DEBUG freemarker.cache  - TemplateLoader.findTemplateSource("v3html/v3-html-nav.ftl"): Found
[main] DEBUG freemarker.cache  - Loading template for "v3html/v3-html-nav.ftl"("en", UTF-8, parsed) from "jar:file:/C:/Users/racheeka.ORADEV/.m2/repository/com/aventstack/extentreports/4.0.9/extentreports-4.0.9.jar!/com/aventstack/extentreports/view/v3html/v3-html-nav.ftl"
[main] DEBUG freemarker.cache  - Couldn't find template in cache for "v3html/test-view/v3-html-test-view.ftl"("en", UTF-8, parsed); will try to load it.
[main] DEBUG freemarker.cache  - TemplateLoader.findTemplateSource("v3html/test-view/v3-html-test-view_en.ftl"): Not found
[main] DEBUG freemarker.cache  - TemplateLoader.findTemplateSource("v3html/test-view/v3-html-test-view.ftl"): Found
[main] DEBUG freemarker.cache  - Loading template for "v3html/test-view/v3-html-test-view.ftl"("en", UTF-8, parsed) from "jar:file:/C:/Users/racheeka.ORADEV/.m2/repository/com/aventstack/extentreports/4.0.9/extentreports-4.0.9.jar!/com/aventstack/extentreports/view/v3html/test-view/v3-html-test-view.ftl"
[main] DEBUG freemarker.cache  - Couldn't find template in cache for "v3html/test-view/v3-html-test-view-charts.ftl"("en", UTF-8, parsed); will try to load it.
[main] DEBUG freemarker.cache  - TemplateLoader.findTemplateSource("v3html/test-view/v3-html-test-view-charts_en.ftl"): Not found
[main] DEBUG freemarker.cache  - TemplateLoader.findTemplateSource("v3html/test-view/v3-html-test-view-charts.ftl"): Found
[main] DEBUG freemarker.cache  - Loading template for "v3html/test-view/v3-html-test-view-charts.ftl"("en", UTF-8, parsed) from "jar:file:/C:/Users/racheeka.ORADEV/.m2/repository/com/aventstack/extentreports/4.0.9/extentreports-4.0.9.jar!/com/aventstack/extentreports/view/v3html/test-view/v3-html-test-view-charts.ftl"
[main] DEBUG freemarker.cache  - Couldn't find template in cache for "v3html/test-view/v3-html-standard.ftl"("en", UTF-8, parsed); will try to load it.
[main] DEBUG freemarker.cache  - TemplateLoader.findTemplateSource("v3html/test-view/v3-html-standard_en.ftl"): Not found
[main] DEBUG freemarker.cache  - TemplateLoader.findTemplateSource("v3html/test-view/v3-html-standard.ftl"): Found
[main] DEBUG freemarker.cache  - Loading template for "v3html/test-view/v3-html-standard.ftl"("en", UTF-8, parsed) from "jar:file:/C:/Users/racheeka.ORADEV/.m2/repository/com/aventstack/extentreports/4.0.9/extentreports-4.0.9.jar!/com/aventstack/extentreports/view/v3html/test-view/v3-html-standard.ftl"
[main] DEBUG freemarker.cache  - Couldn't find template in cache for "v3html/category-view/v3-html-category-view.ftl"("en", UTF-8, parsed); will try to load it.
[main] DEBUG freemarker.cache  - TemplateLoader.findTemplateSource("v3html/category-view/v3-html-category-view_en.ftl"): Not found
[main] DEBUG freemarker.cache  - TemplateLoader.findTemplateSource("v3html/category-view/v3-html-category-view.ftl"): Found
[main] DEBUG freemarker.cache  - Loading template for "v3html/category-view/v3-html-category-view.ftl"("en", UTF-8, parsed) from "jar:file:/C:/Users/racheeka.ORADEV/.m2/repository/com/aventstack/extentreports/4.0.9/extentreports-4.0.9.jar!/com/aventstack/extentreports/view/v3html/category-view/v3-html-category-view.ftl"
[main] DEBUG freemarker.cache  - Couldn't find template in cache for "v3html/exception-view/v3-html-exception-view.ftl"("en", UTF-8, parsed); will try to load it.
[main] DEBUG freemarker.cache  - TemplateLoader.findTemplateSource("v3html/exception-view/v3-html-exception-view_en.ftl"): Not found
[main] DEBUG freemarker.cache  - TemplateLoader.findTemplateSource("v3html/exception-view/v3-html-exception-view.ftl"): Found
[main] DEBUG freemarker.cache  - Loading template for "v3html/exception-view/v3-html-exception-view.ftl"("en", UTF-8, parsed) from "jar:file:/C:/Users/racheeka.ORADEV/.m2/repository/com/aventstack/extentreports/4.0.9/extentreports-4.0.9.jar!/com/aventstack/extentreports/view/v3html/exception-view/v3-html-exception-view.ftl"
[main] DEBUG freemarker.cache  - Couldn't find template in cache for "v3html/author-view/v3-html-author-view.ftl"("en", UTF-8, parsed); will try to load it.
[main] DEBUG freemarker.cache  - TemplateLoader.findTemplateSource("v3html/author-view/v3-html-author-view_en.ftl"): Not found
[main] DEBUG freemarker.cache  - TemplateLoader.findTemplateSource("v3html/author-view/v3-html-author-view.ftl"): Found
[main] DEBUG freemarker.cache  - Loading template for "v3html/author-view/v3-html-author-view.ftl"("en", UTF-8, parsed) from "jar:file:/C:/Users/racheeka.ORADEV/.m2/repository/com/aventstack/extentreports/4.0.9/extentreports-4.0.9.jar!/com/aventstack/extentreports/view/v3html/author-view/v3-html-author-view.ftl"
[main] DEBUG freemarker.cache  - Couldn't find template in cache for "v3html/dashboard-view/v3-html-dashboard-view.ftl"("en", UTF-8, parsed); will try to load it.
[main] DEBUG freemarker.cache  - TemplateLoader.findTemplateSource("v3html/dashboard-view/v3-html-dashboard-view_en.ftl"): Not found
[main] DEBUG freemarker.cache  - TemplateLoader.findTemplateSource("v3html/dashboard-view/v3-html-dashboard-view.ftl"): Found
[main] DEBUG freemarker.cache  - Loading template for "v3html/dashboard-view/v3-html-dashboard-view.ftl"("en", UTF-8, parsed) from "jar:file:/C:/Users/racheeka.ORADEV/.m2/repository/com/aventstack/extentreports/4.0.9/extentreports-4.0.9.jar!/com/aventstack/extentreports/view/v3html/dashboard-view/v3-html-dashboard-view.ftl"
[main] DEBUG freemarker.cache  - Couldn't find template in cache for "v3html/logs-view/v3-html-testrunner-logs-view.ftl"("en", UTF-8, parsed); will try to load it.
[main] DEBUG freemarker.cache  - TemplateLoader.findTemplateSource("v3html/logs-view/v3-html-testrunner-logs-view_en.ftl"): Not found
[main] DEBUG freemarker.cache  - TemplateLoader.findTemplateSource("v3html/logs-view/v3-html-testrunner-logs-view.ftl"): Found
[main] DEBUG freemarker.cache  - Loading template for "v3html/logs-view/v3-html-testrunner-logs-view.ftl"("en", UTF-8, parsed) from "jar:file:/C:/Users/racheeka.ORADEV/.m2/repository/com/aventstack/extentreports/4.0.9/extentreports-4.0.9.jar!/com/aventstack/extentreports/view/v3html/logs-view/v3-html-testrunner-logs-view.ftl"
[main] DEBUG pages.BasePage  - Checking if logs are displayed or not
[main] INFO  pages.BasePage  - Title of the Page is My Store
[main] INFO  pages.BasePage  - Title of the Page is My Store
[main] INFO  pages.BasePage  - Entered dress in the Serach
[main] INFO  pages.BasePage  - Title of the Page is Printed Summer Dress - My Store
[main] INFO  pages.BasePage  - Entered dress in the Serach
[main] INFO  pages.BasePage  - Entered dress in the Serach
[main] INFO  pages.BasePage  - Entered dress in the Serach
[main] DEBUG freemarker.cache  - Couldn't find template in cache for "v3html/v3-html-index.ftl"("en", UTF-8, parsed); will try to load it.
[main] DEBUG freemarker.cache  - TemplateLoader.findTemplateSource("v3html/v3-html-index_en.ftl"): Not found
[main] DEBUG freemarker.cache  - TemplateLoader.findTemplateSource("v3html/v3-html-index.ftl"): Found
[main] DEBUG freemarker.cache  - Loading template for "v3html/v3-html-index.ftl"("en", UTF-8, parsed) from "jar:file:/C:/Users/racheeka.ORADEV/.m2/repository/com/aventstack/extentreports/4.0.9/extentreports-4.0.9.jar!/com/aventstack/extentreports/view/v3html/v3-html-index.ftl"
[main] DEBUG freemarker.cache  - Couldn't find template in cache for "v3html/v3-html-head.ftl"("en", UTF-8, parsed); will try to load it.
[main] DEBUG freemarker.cache  - TemplateLoader.findTemplateSource("v3html/v3-html-head_en.ftl"): Not found
[main] DEBUG freemarker.cache  - TemplateLoader.findTemplateSource("v3html/v3-html-head.ftl"): Found
[main] DEBUG freemarker.cache  - Loading template for "v3html/v3-html-head.ftl"("en", UTF-8, parsed) from "jar:file:/C:/Users/racheeka.ORADEV/.m2/repository/com/aventstack/extentreports/4.0.9/extentreports-4.0.9.jar!/com/aventstack/extentreports/view/v3html/v3-html-head.ftl"
[main] DEBUG freemarker.cache  - Couldn't find template in cache for "v3html/v3-html-nav.ftl"("en", UTF-8, parsed); will try to load it.
[main] DEBUG freemarker.cache  - TemplateLoader.findTemplateSource("v3html/v3-html-nav_en.ftl"): Not found
[main] DEBUG freemarker.cache  - TemplateLoader.findTemplateSource("v3html/v3-html-nav.ftl"): Found
[main] DEBUG freemarker.cache  - Loading template for "v3html/v3-html-nav.ftl"("en", UTF-8, parsed) from "jar:file:/C:/Users/racheeka.ORADEV/.m2/repository/com/aventstack/extentreports/4.0.9/extentreports-4.0.9.jar!/com/aventstack/extentreports/view/v3html/v3-html-nav.ftl"
[main] DEBUG freemarker.cache  - Couldn't find template in cache for "v3html/test-view/v3-html-test-view.ftl"("en", UTF-8, parsed); will try to load it.
[main] DEBUG freemarker.cache  - TemplateLoader.findTemplateSource("v3html/test-view/v3-html-test-view_en.ftl"): Not found
[main] DEBUG freemarker.cache  - TemplateLoader.findTemplateSource("v3html/test-view/v3-html-test-view.ftl"): Found
[main] DEBUG freemarker.cache  - Loading template for "v3html/test-view/v3-html-test-view.ftl"("en", UTF-8, parsed) from "jar:file:/C:/Users/racheeka.ORADEV/.m2/repository/com/aventstack/extentreports/4.0.9/extentreports-4.0.9.jar!/com/aventstack/extentreports/view/v3html/test-view/v3-html-test-view.ftl"
[main] DEBUG freemarker.cache  - Couldn't find template in cache for "v3html/test-view/v3-html-test-view-charts.ftl"("en", UTF-8, parsed); will try to load it.
[main] DEBUG freemarker.cache  - TemplateLoader.findTemplateSource("v3html/test-view/v3-html-test-view-charts_en.ftl"): Not found
[main] DEBUG freemarker.cache  - TemplateLoader.findTemplateSource("v3html/test-view/v3-html-test-view-charts.ftl"): Found
[main] DEBUG freemarker.cache  - Loading template for "v3html/test-view/v3-html-test-view-charts.ftl"("en", UTF-8, parsed) from "jar:file:/C:/Users/racheeka.ORADEV/.m2/repository/com/aventstack/extentreports/4.0.9/extentreports-4.0.9.jar!/com/aventstack/extentreports/view/v3html/test-view/v3-html-test-view-charts.ftl"
[main] DEBUG freemarker.cache  - Couldn't find template in cache for "v3html/test-view/v3-html-standard.ftl"("en", UTF-8, parsed); will try to load it.
[main] DEBUG freemarker.cache  - TemplateLoader.findTemplateSource("v3html/test-view/v3-html-standard_en.ftl"): Not found
[main] DEBUG freemarker.cache  - TemplateLoader.findTemplateSource("v3html/test-view/v3-html-standard.ftl"): Found
[main] DEBUG freemarker.cache  - Loading template for "v3html/test-view/v3-html-standard.ftl"("en", UTF-8, parsed) from "jar:file:/C:/Users/racheeka.ORADEV/.m2/repository/com/aventstack/extentreports/4.0.9/extentreports-4.0.9.jar!/com/aventstack/extentreports/view/v3html/test-view/v3-html-standard.ftl"
[main] DEBUG freemarker.cache  - Couldn't find template in cache for "v3html/category-view/v3-html-category-view.ftl"("en", UTF-8, parsed); will try to load it.
[main] DEBUG freemarker.cache  - TemplateLoader.findTemplateSource("v3html/category-view/v3-html-category-view_en.ftl"): Not found
[main] DEBUG freemarker.cache  - TemplateLoader.findTemplateSource("v3html/category-view/v3-html-category-view.ftl"): Found
[main] DEBUG freemarker.cache  - Loading template for "v3html/category-view/v3-html-category-view.ftl"("en", UTF-8, parsed) from "jar:file:/C:/Users/racheeka.ORADEV/.m2/repository/com/aventstack/extentreports/4.0.9/extentreports-4.0.9.jar!/com/aventstack/extentreports/view/v3html/category-view/v3-html-category-view.ftl"
[main] DEBUG freemarker.cache  - Couldn't find template in cache for "v3html/exception-view/v3-html-exception-view.ftl"("en", UTF-8, parsed); will try to load it.
[main] DEBUG freemarker.cache  - TemplateLoader.findTemplateSource("v3html/exception-view/v3-html-exception-view_en.ftl"): Not found
[main] DEBUG freemarker.cache  - TemplateLoader.findTemplateSource("v3html/exception-view/v3-html-exception-view.ftl"): Found
[main] DEBUG freemarker.cache  - Loading template for "v3html/exception-view/v3-html-exception-view.ftl"("en", UTF-8, parsed) from "jar:file:/C:/Users/racheeka.ORADEV/.m2/repository/com/aventstack/extentreports/4.0.9/extentreports-4.0.9.jar!/com/aventstack/extentreports/view/v3html/exception-view/v3-html-exception-view.ftl"
[main] DEBUG freemarker.cache  - Couldn't find template in cache for "v3html/author-view/v3-html-author-view.ftl"("en", UTF-8, parsed); will try to load it.
[main] DEBUG freemarker.cache  - TemplateLoader.findTemplateSource("v3html/author-view/v3-html-author-view_en.ftl"): Not found
[main] DEBUG freemarker.cache  - TemplateLoader.findTemplateSource("v3html/author-view/v3-html-author-view.ftl"): Found
[main] DEBUG freemarker.cache  - Loading template for "v3html/author-view/v3-html-author-view.ftl"("en", UTF-8, parsed) from "jar:file:/C:/Users/racheeka.ORADEV/.m2/repository/com/aventstack/extentreports/4.0.9/extentreports-4.0.9.jar!/com/aventstack/extentreports/view/v3html/author-view/v3-html-author-view.ftl"
[main] DEBUG freemarker.cache  - Couldn't find template in cache for "v3html/dashboard-view/v3-html-dashboard-view.ftl"("en", UTF-8, parsed); will try to load it.
[main] DEBUG freemarker.cache  - TemplateLoader.findTemplateSource("v3html/dashboard-view/v3-html-dashboard-view_en.ftl"): Not found
[main] DEBUG freemarker.cache  - TemplateLoader.findTemplateSource("v3html/dashboard-view/v3-html-dashboard-view.ftl"): Found
[main] DEBUG freemarker.cache  - Loading template for "v3html/dashboard-view/v3-html-dashboard-view.ftl"("en", UTF-8, parsed) from "jar:file:/C:/Users/racheeka.ORADEV/.m2/repository/com/aventstack/extentreports/4.0.9/extentreports-4.0.9.jar!/com/aventstack/extentreports/view/v3html/dashboard-view/v3-html-dashboard-view.ftl"
[main] DEBUG freemarker.cache  - Couldn't find template in cache for "v3html/logs-view/v3-html-testrunner-logs-view.ftl"("en", UTF-8, parsed); will try to load it.
[main] DEBUG freemarker.cache  - TemplateLoader.findTemplateSource("v3html/logs-view/v3-html-testrunner-logs-view_en.ftl"): Not found
[main] DEBUG freemarker.cache  - TemplateLoader.findTemplateSource("v3html/logs-view/v3-html-testrunner-logs-view.ftl"): Found
[main] DEBUG freemarker.cache  - Loading template for "v3html/logs-view/v3-html-testrunner-logs-view.ftl"("en", UTF-8, parsed) from "jar:file:/C:/Users/racheeka.ORADEV/.m2/repository/com/aventstack/extentreports/4.0.9/extentreports-4.0.9.jar!/com/aventstack/extentreports/view/v3html/logs-view/v3-html-testrunner-logs-view.ftl"
[main] DEBUG pages.BasePage  - Checking if logs are displayed or not
[main] INFO  pages.BasePage  - Title of the Page is My Store
[main] INFO  pages.BasePage  - Title of the Page is My Store
[main] INFO  pages.BasePage  - Entered dress in the Serach
[main] INFO  pages.BasePage  - Title of the Page is Printed Summer Dress - My Store
[main] INFO  pages.BasePage  - Entered dress in the Serach
[main] INFO  pages.BasePage  - Entered dress in the Serach
[main] INFO  pages.BasePage  - Entered dress in the Serach
[main] DEBUG freemarker.cache  - Couldn't find template in cache for "v3html/v3-html-index.ftl"("en", UTF-8, parsed); will try to load it.
[main] DEBUG freemarker.cache  - TemplateLoader.findTemplateSource("v3html/v3-html-index_en.ftl"): Not found
[main] DEBUG freemarker.cache  - TemplateLoader.findTemplateSource("v3html/v3-html-index.ftl"): Found
[main] DEBUG freemarker.cache  - Loading template for "v3html/v3-html-index.ftl"("en", UTF-8, parsed) from "jar:file:/C:/Users/racheeka.ORADEV/.m2/repository/com/aventstack/extentreports/4.0.9/extentreports-4.0.9.jar!/com/aventstack/extentreports/view/v3html/v3-html-index.ftl"
[main] DEBUG freemarker.cache  - Couldn't find template in cache for "v3html/v3-html-head.ftl"("en", UTF-8, parsed); will try to load it.
[main] DEBUG freemarker.cache  - TemplateLoader.findTemplateSource("v3html/v3-html-head_en.ftl"): Not found
[main] DEBUG freemarker.cache  - TemplateLoader.findTemplateSource("v3html/v3-html-head.ftl"): Found
[main] DEBUG freemarker.cache  - Loading template for "v3html/v3-html-head.ftl"("en", UTF-8, parsed) from "jar:file:/C:/Users/racheeka.ORADEV/.m2/repository/com/aventstack/extentreports/4.0.9/extentreports-4.0.9.jar!/com/aventstack/extentreports/view/v3html/v3-html-head.ftl"
[main] DEBUG freemarker.cache  - Couldn't find template in cache for "v3html/v3-html-nav.ftl"("en", UTF-8, parsed); will try to load it.
[main] DEBUG freemarker.cache  - TemplateLoader.findTemplateSource("v3html/v3-html-nav_en.ftl"): Not found
[main] DEBUG freemarker.cache  - TemplateLoader.findTemplateSource("v3html/v3-html-nav.ftl"): Found
[main] DEBUG freemarker.cache  - Loading template for "v3html/v3-html-nav.ftl"("en", UTF-8, parsed) from "jar:file:/C:/Users/racheeka.ORADEV/.m2/repository/com/aventstack/extentreports/4.0.9/extentreports-4.0.9.jar!/com/aventstack/extentreports/view/v3html/v3-html-nav.ftl"
[main] DEBUG freemarker.cache  - Couldn't find template in cache for "v3html/test-view/v3-html-test-view.ftl"("en", UTF-8, parsed); will try to load it.
[main] DEBUG freemarker.cache  - TemplateLoader.findTemplateSource("v3html/test-view/v3-html-test-view_en.ftl"): Not found
[main] DEBUG freemarker.cache  - TemplateLoader.findTemplateSource("v3html/test-view/v3-html-test-view.ftl"): Found
[main] DEBUG freemarker.cache  - Loading template for "v3html/test-view/v3-html-test-view.ftl"("en", UTF-8, parsed) from "jar:file:/C:/Users/racheeka.ORADEV/.m2/repository/com/aventstack/extentreports/4.0.9/extentreports-4.0.9.jar!/com/aventstack/extentreports/view/v3html/test-view/v3-html-test-view.ftl"
[main] DEBUG freemarker.cache  - Couldn't find template in cache for "v3html/test-view/v3-html-test-view-charts.ftl"("en", UTF-8, parsed); will try to load it.
[main] DEBUG freemarker.cache  - TemplateLoader.findTemplateSource("v3html/test-view/v3-html-test-view-charts_en.ftl"): Not found
[main] DEBUG freemarker.cache  - TemplateLoader.findTemplateSource("v3html/test-view/v3-html-test-view-charts.ftl"): Found
[main] DEBUG freemarker.cache  - Loading template for "v3html/test-view/v3-html-test-view-charts.ftl"("en", UTF-8, parsed) from "jar:file:/C:/Users/racheeka.ORADEV/.m2/repository/com/aventstack/extentreports/4.0.9/extentreports-4.0.9.jar!/com/aventstack/extentreports/view/v3html/test-view/v3-html-test-view-charts.ftl"
[main] DEBUG freemarker.cache  - Couldn't find template in cache for "v3html/test-view/v3-html-standard.ftl"("en", UTF-8, parsed); will try to load it.
[main] DEBUG freemarker.cache  - TemplateLoader.findTemplateSource("v3html/test-view/v3-html-standard_en.ftl"): Not found
[main] DEBUG freemarker.cache  - TemplateLoader.findTemplateSource("v3html/test-view/v3-html-standard.ftl"): Found
[main] DEBUG freemarker.cache  - Loading template for "v3html/test-view/v3-html-standard.ftl"("en", UTF-8, parsed) from "jar:file:/C:/Users/racheeka.ORADEV/.m2/repository/com/aventstack/extentreports/4.0.9/extentreports-4.0.9.jar!/com/aventstack/extentreports/view/v3html/test-view/v3-html-standard.ftl"
[main] DEBUG freemarker.cache  - Couldn't find template in cache for "v3html/category-view/v3-html-category-view.ftl"("en", UTF-8, parsed); will try to load it.
[main] DEBUG freemarker.cache  - TemplateLoader.findTemplateSource("v3html/category-view/v3-html-category-view_en.ftl"): Not found
[main] DEBUG freemarker.cache  - TemplateLoader.findTemplateSource("v3html/category-view/v3-html-category-view.ftl"): Found
[main] DEBUG freemarker.cache  - Loading template for "v3html/category-view/v3-html-category-view.ftl"("en", UTF-8, parsed) from "jar:file:/C:/Users/racheeka.ORADEV/.m2/repository/com/aventstack/extentreports/4.0.9/extentreports-4.0.9.jar!/com/aventstack/extentreports/view/v3html/category-view/v3-html-category-view.ftl"
[main] DEBUG freemarker.cache  - Couldn't find template in cache for "v3html/exception-view/v3-html-exception-view.ftl"("en", UTF-8, parsed); will try to load it.
[main] DEBUG freemarker.cache  - TemplateLoader.findTemplateSource("v3html/exception-view/v3-html-exception-view_en.ftl"): Not found
[main] DEBUG freemarker.cache  - TemplateLoader.findTemplateSource("v3html/exception-view/v3-html-exception-view.ftl"): Found
[main] DEBUG freemarker.cache  - Loading template for "v3html/exception-view/v3-html-exception-view.ftl"("en", UTF-8, parsed) from "jar:file:/C:/Users/racheeka.ORADEV/.m2/repository/com/aventstack/extentreports/4.0.9/extentreports-4.0.9.jar!/com/aventstack/extentreports/view/v3html/exception-view/v3-html-exception-view.ftl"
[main] DEBUG freemarker.cache  - Couldn't find template in cache for "v3html/author-view/v3-html-author-view.ftl"("en", UTF-8, parsed); will try to load it.
[main] DEBUG freemarker.cache  - TemplateLoader.findTemplateSource("v3html/author-view/v3-html-author-view_en.ftl"): Not found
[main] DEBUG freemarker.cache  - TemplateLoader.findTemplateSource("v3html/author-view/v3-html-author-view.ftl"): Found
[main] DEBUG freemarker.cache  - Loading template for "v3html/author-view/v3-html-author-view.ftl"("en", UTF-8, parsed) from "jar:file:/C:/Users/racheeka.ORADEV/.m2/repository/com/aventstack/extentreports/4.0.9/extentreports-4.0.9.jar!/com/aventstack/extentreports/view/v3html/author-view/v3-html-author-view.ftl"
[main] DEBUG freemarker.cache  - Couldn't find template in cache for "v3html/dashboard-view/v3-html-dashboard-view.ftl"("en", UTF-8, parsed); will try to load it.
[main] DEBUG freemarker.cache  - TemplateLoader.findTemplateSource("v3html/dashboard-view/v3-html-dashboard-view_en.ftl"): Not found
[main] DEBUG freemarker.cache  - TemplateLoader.findTemplateSource("v3html/dashboard-view/v3-html-dashboard-view.ftl"): Found
[main] DEBUG freemarker.cache  - Loading template for "v3html/dashboard-view/v3-html-dashboard-view.ftl"("en", UTF-8, parsed) from "jar:file:/C:/Users/racheeka.ORADEV/.m2/repository/com/aventstack/extentreports/4.0.9/extentreports-4.0.9.jar!/com/aventstack/extentreports/view/v3html/dashboard-view/v3-html-dashboard-view.ftl"
[main] DEBUG freemarker.cache  - Couldn't find template in cache for "v3html/logs-view/v3-html-testrunner-logs-view.ftl"("en", UTF-8, parsed); will try to load it.
[main] DEBUG freemarker.cache  - TemplateLoader.findTemplateSource("v3html/logs-view/v3-html-testrunner-logs-view_en.ftl"): Not found
[main] DEBUG freemarker.cache  - TemplateLoader.findTemplateSource("v3html/logs-view/v3-html-testrunner-logs-view.ftl"): Found
[main] DEBUG freemarker.cache  - Loading template for "v3html/logs-view/v3-html-testrunner-logs-view.ftl"("en", UTF-8, parsed) from "jar:file:/C:/Users/racheeka.ORADEV/.m2/repository/com/aventstack/extentreports/4.0.9/extentreports-4.0.9.jar!/com/aventstack/extentreports/view/v3html/logs-view/v3-html-testrunner-logs-view.ftl"
[main] DEBUG pages.BasePage  - Checking if logs are displayed or not
[main] INFO  pages.BasePage  - Title of the Page is My Store
[main] INFO  pages.BasePage  - Title of the Page is My Store
[main] INFO  pages.BasePage  - Entered dress in the Serach
[main] INFO  pages.BasePage  - Title of the Page is Printed Summer Dress - My Store
[main] DEBUG pages.BasePage  - Checking if logs are displayed or not
[main] INFO  pages.BasePage  - Title of the Page is My Store
[main] INFO  pages.BasePage  - Title of the Page is My Store
[main] INFO  pages.BasePage  - Entered dress in the Serach
[main] INFO  pages.BasePage  - Title of the Page is Printed Summer Dress - My Store
[main] INFO  pages.BasePage  - Entered dress in the Serach
[main] INFO  pages.BasePage  - Entered dress in the Serach
[main] INFO  pages.BasePage  - Entered dress in the Serach
[main] DEBUG pages.BasePage  - Checking if logs are displayed or not
[main] INFO  pages.BasePage  - Title of the Page is My Store
[main] INFO  pages.BasePage  - Title of the Page is My Store
[main] INFO  pages.BasePage  - Entered dress in the Serach
[main] DEBUG freemarker.cache  - Couldn't find template in cache for "v3html/v3-html-index.ftl"("en", UTF-8, parsed); will try to load it.
[main] DEBUG freemarker.cache  - TemplateLoader.findTemplateSource("v3html/v3-html-index_en.ftl"): Not found
[main] DEBUG freemarker.cache  - TemplateLoader.findTemplateSource("v3html/v3-html-index.ftl"): Found
[main] DEBUG freemarker.cache  - Loading template for "v3html/v3-html-index.ftl"("en", UTF-8, parsed) from "jar:file:/C:/Users/racheeka.ORADEV/.m2/repository/com/aventstack/extentreports/4.0.9/extentreports-4.0.9.jar!/com/aventstack/extentreports/view/v3html/v3-html-index.ftl"
[main] DEBUG freemarker.cache  - Couldn't find template in cache for "v3html/v3-html-head.ftl"("en", UTF-8, parsed); will try to load it.
[main] DEBUG freemarker.cache  - TemplateLoader.findTemplateSource("v3html/v3-html-head_en.ftl"): Not found
[main] DEBUG freemarker.cache  - TemplateLoader.findTemplateSource("v3html/v3-html-head.ftl"): Found
[main] DEBUG freemarker.cache  - Loading template for "v3html/v3-html-head.ftl"("en", UTF-8, parsed) from "jar:file:/C:/Users/racheeka.ORADEV/.m2/repository/com/aventstack/extentreports/4.0.9/extentreports-4.0.9.jar!/com/aventstack/extentreports/view/v3html/v3-html-head.ftl"
[main] DEBUG freemarker.cache  - Couldn't find template in cache for "v3html/v3-html-nav.ftl"("en", UTF-8, parsed); will try to load it.
[main] DEBUG freemarker.cache  - TemplateLoader.findTemplateSource("v3html/v3-html-nav_en.ftl"): Not found
[main] DEBUG freemarker.cache  - TemplateLoader.findTemplateSource("v3html/v3-html-nav.ftl"): Found
[main] DEBUG freemarker.cache  - Loading template for "v3html/v3-html-nav.ftl"("en", UTF-8, parsed) from "jar:file:/C:/Users/racheeka.ORADEV/.m2/repository/com/aventstack/extentreports/4.0.9/extentreports-4.0.9.jar!/com/aventstack/extentreports/view/v3html/v3-html-nav.ftl"
[main] DEBUG freemarker.cache  - Couldn't find template in cache for "v3html/test-view/v3-html-test-view.ftl"("en", UTF-8, parsed); will try to load it.
[main] DEBUG freemarker.cache  - TemplateLoader.findTemplateSource("v3html/test-view/v3-html-test-view_en.ftl"): Not found
[main] DEBUG freemarker.cache  - TemplateLoader.findTemplateSource("v3html/test-view/v3-html-test-view.ftl"): Found
[main] DEBUG freemarker.cache  - Loading template for "v3html/test-view/v3-html-test-view.ftl"("en", UTF-8, parsed) from "jar:file:/C:/Users/racheeka.ORADEV/.m2/repository/com/aventstack/extentreports/4.0.9/extentreports-4.0.9.jar!/com/aventstack/extentreports/view/v3html/test-view/v3-html-test-view.ftl"
[main] DEBUG freemarker.cache  - Couldn't find template in cache for "v3html/test-view/v3-html-test-view-charts.ftl"("en", UTF-8, parsed); will try to load it.
[main] DEBUG freemarker.cache  - TemplateLoader.findTemplateSource("v3html/test-view/v3-html-test-view-charts_en.ftl"): Not found
[main] DEBUG freemarker.cache  - TemplateLoader.findTemplateSource("v3html/test-view/v3-html-test-view-charts.ftl"): Found
[main] DEBUG freemarker.cache  - Loading template for "v3html/test-view/v3-html-test-view-charts.ftl"("en", UTF-8, parsed) from "jar:file:/C:/Users/racheeka.ORADEV/.m2/repository/com/aventstack/extentreports/4.0.9/extentreports-4.0.9.jar!/com/aventstack/extentreports/view/v3html/test-view/v3-html-test-view-charts.ftl"
[main] DEBUG freemarker.cache  - Couldn't find template in cache for "v3html/test-view/v3-html-standard.ftl"("en", UTF-8, parsed); will try to load it.
[main] DEBUG freemarker.cache  - TemplateLoader.findTemplateSource("v3html/test-view/v3-html-standard_en.ftl"): Not found
[main] DEBUG freemarker.cache  - TemplateLoader.findTemplateSource("v3html/test-view/v3-html-standard.ftl"): Found
[main] DEBUG freemarker.cache  - Loading template for "v3html/test-view/v3-html-standard.ftl"("en", UTF-8, parsed) from "jar:file:/C:/Users/racheeka.ORADEV/.m2/repository/com/aventstack/extentreports/4.0.9/extentreports-4.0.9.jar!/com/aventstack/extentreports/view/v3html/test-view/v3-html-standard.ftl"
[main] DEBUG freemarker.cache  - "v3html/test-view/v3-html-standard.ftl"("en", UTF-8, parsed) cached copy not yet stale; using cached.
[main] DEBUG freemarker.cache  - "v3html/test-view/v3-html-standard.ftl"("en", UTF-8, parsed) cached copy not yet stale; using cached.
[main] DEBUG freemarker.cache  - Couldn't find template in cache for "v3html/category-view/v3-html-category-view.ftl"("en", UTF-8, parsed); will try to load it.
[main] DEBUG freemarker.cache  - TemplateLoader.findTemplateSource("v3html/category-view/v3-html-category-view_en.ftl"): Not found
[main] DEBUG freemarker.cache  - TemplateLoader.findTemplateSource("v3html/category-view/v3-html-category-view.ftl"): Found
[main] DEBUG freemarker.cache  - Loading template for "v3html/category-view/v3-html-category-view.ftl"("en", UTF-8, parsed) from "jar:file:/C:/Users/racheeka.ORADEV/.m2/repository/com/aventstack/extentreports/4.0.9/extentreports-4.0.9.jar!/com/aventstack/extentreports/view/v3html/category-view/v3-html-category-view.ftl"
[main] DEBUG freemarker.cache  - Couldn't find template in cache for "v3html/exception-view/v3-html-exception-view.ftl"("en", UTF-8, parsed); will try to load it.
[main] DEBUG freemarker.cache  - TemplateLoader.findTemplateSource("v3html/exception-view/v3-html-exception-view_en.ftl"): Not found
[main] DEBUG freemarker.cache  - TemplateLoader.findTemplateSource("v3html/exception-view/v3-html-exception-view.ftl"): Found
[main] DEBUG freemarker.cache  - Loading template for "v3html/exception-view/v3-html-exception-view.ftl"("en", UTF-8, parsed) from "jar:file:/C:/Users/racheeka.ORADEV/.m2/repository/com/aventstack/extentreports/4.0.9/extentreports-4.0.9.jar!/com/aventstack/extentreports/view/v3html/exception-view/v3-html-exception-view.ftl"
[main] DEBUG freemarker.cache  - Couldn't find template in cache for "v3html/author-view/v3-html-author-view.ftl"("en", UTF-8, parsed); will try to load it.
[main] DEBUG freemarker.cache  - TemplateLoader.findTemplateSource("v3html/author-view/v3-html-author-view_en.ftl"): Not found
[main] DEBUG freemarker.cache  - TemplateLoader.findTemplateSource("v3html/author-view/v3-html-author-view.ftl"): Found
[main] DEBUG freemarker.cache  - Loading template for "v3html/author-view/v3-html-author-view.ftl"("en", UTF-8, parsed) from "jar:file:/C:/Users/racheeka.ORADEV/.m2/repository/com/aventstack/extentreports/4.0.9/extentreports-4.0.9.jar!/com/aventstack/extentreports/view/v3html/author-view/v3-html-author-view.ftl"
[main] DEBUG freemarker.cache  - Couldn't find template in cache for "v3html/dashboard-view/v3-html-dashboard-view.ftl"("en", UTF-8, parsed); will try to load it.
[main] DEBUG freemarker.cache  - TemplateLoader.findTemplateSource("v3html/dashboard-view/v3-html-dashboard-view_en.ftl"): Not found
[main] DEBUG freemarker.cache  - TemplateLoader.findTemplateSource("v3html/dashboard-view/v3-html-dashboard-view.ftl"): Found
[main] DEBUG freemarker.cache  - Loading template for "v3html/dashboard-view/v3-html-dashboard-view.ftl"("en", UTF-8, parsed) from "jar:file:/C:/Users/racheeka.ORADEV/.m2/repository/com/aventstack/extentreports/4.0.9/extentreports-4.0.9.jar!/com/aventstack/extentreports/view/v3html/dashboard-view/v3-html-dashboard-view.ftl"
[main] DEBUG freemarker.cache  - Couldn't find template in cache for "v3html/logs-view/v3-html-testrunner-logs-view.ftl"("en", UTF-8, parsed); will try to load it.
[main] DEBUG freemarker.cache  - TemplateLoader.findTemplateSource("v3html/logs-view/v3-html-testrunner-logs-view_en.ftl"): Not found
[main] DEBUG freemarker.cache  - TemplateLoader.findTemplateSource("v3html/logs-view/v3-html-testrunner-logs-view.ftl"): Found
[main] DEBUG freemarker.cache  - Loading template for "v3html/logs-view/v3-html-testrunner-logs-view.ftl"("en", UTF-8, parsed) from "jar:file:/C:/Users/racheeka.ORADEV/.m2/repository/com/aventstack/extentreports/4.0.9/extentreports-4.0.9.jar!/com/aventstack/extentreports/view/v3html/logs-view/v3-html-testrunner-logs-view.ftl"
[main] DEBUG pages.BasePage  - Checking if logs are displayed or not
[main] INFO  pages.BasePage  - Title of the Page is My Store
[main] INFO  pages.BasePage  - Title of the Page is My Store
[main] INFO  pages.BasePage  - Entered dress in the Serach
[main] INFO  pages.BasePage  - Title of the Page is Printed Summer Dress - My Store
[main] DEBUG pages.BasePage  - Checking if logs are displayed or not
[main] INFO  pages.BasePage  - Title of the Page is My Store
[main] INFO  pages.BasePage  - Title of the Page is My Store
[main] INFO  pages.BasePage  - Entered dress in the Serach
[main] INFO  pages.BasePage  - Title of the Page is Printed Summer Dress - My Store
[main] INFO  pages.BasePage  - Entered dress in the Serach
[main] INFO  pages.BasePage  - Entered dress in the Serach
[main] INFO  pages.BasePage  - Entered dress in the Serach
[main] DEBUG pages.BasePage  - Checking if logs are displayed or not
[main] INFO  pages.BasePage  - Title of the Page is My Store
[main] INFO  pages.BasePage  - Title of the Page is My Store
[main] INFO  pages.BasePage  - Entered dress in the Serach
[main] DEBUG freemarker.cache  - Couldn't find template in cache for "v3html/v3-html-index.ftl"("en", UTF-8, parsed); will try to load it.
[main] DEBUG freemarker.cache  - TemplateLoader.findTemplateSource("v3html/v3-html-index_en.ftl"): Not found
[main] DEBUG freemarker.cache  - TemplateLoader.findTemplateSource("v3html/v3-html-index.ftl"): Found
[main] DEBUG freemarker.cache  - Loading template for "v3html/v3-html-index.ftl"("en", UTF-8, parsed) from "jar:file:/C:/Users/racheeka.ORADEV/.m2/repository/com/aventstack/extentreports/4.0.9/extentreports-4.0.9.jar!/com/aventstack/extentreports/view/v3html/v3-html-index.ftl"
[main] DEBUG freemarker.cache  - Couldn't find template in cache for "v3html/v3-html-head.ftl"("en", UTF-8, parsed); will try to load it.
[main] DEBUG freemarker.cache  - TemplateLoader.findTemplateSource("v3html/v3-html-head_en.ftl"): Not found
[main] DEBUG freemarker.cache  - TemplateLoader.findTemplateSource("v3html/v3-html-head.ftl"): Found
[main] DEBUG freemarker.cache  - Loading template for "v3html/v3-html-head.ftl"("en", UTF-8, parsed) from "jar:file:/C:/Users/racheeka.ORADEV/.m2/repository/com/aventstack/extentreports/4.0.9/extentreports-4.0.9.jar!/com/aventstack/extentreports/view/v3html/v3-html-head.ftl"
[main] DEBUG freemarker.cache  - Couldn't find template in cache for "v3html/v3-html-nav.ftl"("en", UTF-8, parsed); will try to load it.
[main] DEBUG freemarker.cache  - TemplateLoader.findTemplateSource("v3html/v3-html-nav_en.ftl"): Not found
[main] DEBUG freemarker.cache  - TemplateLoader.findTemplateSource("v3html/v3-html-nav.ftl"): Found
[main] DEBUG freemarker.cache  - Loading template for "v3html/v3-html-nav.ftl"("en", UTF-8, parsed) from "jar:file:/C:/Users/racheeka.ORADEV/.m2/repository/com/aventstack/extentreports/4.0.9/extentreports-4.0.9.jar!/com/aventstack/extentreports/view/v3html/v3-html-nav.ftl"
[main] DEBUG freemarker.cache  - Couldn't find template in cache for "v3html/test-view/v3-html-test-view.ftl"("en", UTF-8, parsed); will try to load it.
[main] DEBUG freemarker.cache  - TemplateLoader.findTemplateSource("v3html/test-view/v3-html-test-view_en.ftl"): Not found
[main] DEBUG freemarker.cache  - TemplateLoader.findTemplateSource("v3html/test-view/v3-html-test-view.ftl"): Found
[main] DEBUG freemarker.cache  - Loading template for "v3html/test-view/v3-html-test-view.ftl"("en", UTF-8, parsed) from "jar:file:/C:/Users/racheeka.ORADEV/.m2/repository/com/aventstack/extentreports/4.0.9/extentreports-4.0.9.jar!/com/aventstack/extentreports/view/v3html/test-view/v3-html-test-view.ftl"
[main] DEBUG freemarker.cache  - Couldn't find template in cache for "v3html/test-view/v3-html-test-view-charts.ftl"("en", UTF-8, parsed); will try to load it.
[main] DEBUG freemarker.cache  - TemplateLoader.findTemplateSource("v3html/test-view/v3-html-test-view-charts_en.ftl"): Not found
[main] DEBUG freemarker.cache  - TemplateLoader.findTemplateSource("v3html/test-view/v3-html-test-view-charts.ftl"): Found
[main] DEBUG freemarker.cache  - Loading template for "v3html/test-view/v3-html-test-view-charts.ftl"("en", UTF-8, parsed) from "jar:file:/C:/Users/racheeka.ORADEV/.m2/repository/com/aventstack/extentreports/4.0.9/extentreports-4.0.9.jar!/com/aventstack/extentreports/view/v3html/test-view/v3-html-test-view-charts.ftl"
[main] DEBUG freemarker.cache  - Couldn't find template in cache for "v3html/test-view/v3-html-standard.ftl"("en", UTF-8, parsed); will try to load it.
[main] DEBUG freemarker.cache  - TemplateLoader.findTemplateSource("v3html/test-view/v3-html-standard_en.ftl"): Not found
[main] DEBUG freemarker.cache  - TemplateLoader.findTemplateSource("v3html/test-view/v3-html-standard.ftl"): Found
[main] DEBUG freemarker.cache  - Loading template for "v3html/test-view/v3-html-standard.ftl"("en", UTF-8, parsed) from "jar:file:/C:/Users/racheeka.ORADEV/.m2/repository/com/aventstack/extentreports/4.0.9/extentreports-4.0.9.jar!/com/aventstack/extentreports/view/v3html/test-view/v3-html-standard.ftl"
[main] DEBUG freemarker.cache  - "v3html/test-view/v3-html-standard.ftl"("en", UTF-8, parsed) cached copy not yet stale; using cached.
[main] DEBUG freemarker.cache  - "v3html/test-view/v3-html-standard.ftl"("en", UTF-8, parsed) cached copy not yet stale; using cached.
[main] DEBUG freemarker.cache  - Couldn't find template in cache for "v3html/category-view/v3-html-category-view.ftl"("en", UTF-8, parsed); will try to load it.
[main] DEBUG freemarker.cache  - TemplateLoader.findTemplateSource("v3html/category-view/v3-html-category-view_en.ftl"): Not found
[main] DEBUG freemarker.cache  - TemplateLoader.findTemplateSource("v3html/category-view/v3-html-category-view.ftl"): Found
[main] DEBUG freemarker.cache  - Loading template for "v3html/category-view/v3-html-category-view.ftl"("en", UTF-8, parsed) from "jar:file:/C:/Users/racheeka.ORADEV/.m2/repository/com/aventstack/extentreports/4.0.9/extentreports-4.0.9.jar!/com/aventstack/extentreports/view/v3html/category-view/v3-html-category-view.ftl"
[main] DEBUG freemarker.cache  - Couldn't find template in cache for "v3html/exception-view/v3-html-exception-view.ftl"("en", UTF-8, parsed); will try to load it.
[main] DEBUG freemarker.cache  - TemplateLoader.findTemplateSource("v3html/exception-view/v3-html-exception-view_en.ftl"): Not found
[main] DEBUG freemarker.cache  - TemplateLoader.findTemplateSource("v3html/exception-view/v3-html-exception-view.ftl"): Found
[main] DEBUG freemarker.cache  - Loading template for "v3html/exception-view/v3-html-exception-view.ftl"("en", UTF-8, parsed) from "jar:file:/C:/Users/racheeka.ORADEV/.m2/repository/com/aventstack/extentreports/4.0.9/extentreports-4.0.9.jar!/com/aventstack/extentreports/view/v3html/exception-view/v3-html-exception-view.ftl"
[main] DEBUG freemarker.cache  - Couldn't find template in cache for "v3html/author-view/v3-html-author-view.ftl"("en", UTF-8, parsed); will try to load it.
[main] DEBUG freemarker.cache  - TemplateLoader.findTemplateSource("v3html/author-view/v3-html-author-view_en.ftl"): Not found
[main] DEBUG freemarker.cache  - TemplateLoader.findTemplateSource("v3html/author-view/v3-html-author-view.ftl"): Found
[main] DEBUG freemarker.cache  - Loading template for "v3html/author-view/v3-html-author-view.ftl"("en", UTF-8, parsed) from "jar:file:/C:/Users/racheeka.ORADEV/.m2/repository/com/aventstack/extentreports/4.0.9/extentreports-4.0.9.jar!/com/aventstack/extentreports/view/v3html/author-view/v3-html-author-view.ftl"
[main] DEBUG freemarker.cache  - Couldn't find template in cache for "v3html/dashboard-view/v3-html-dashboard-view.ftl"("en", UTF-8, parsed); will try to load it.
[main] DEBUG freemarker.cache  - TemplateLoader.findTemplateSource("v3html/dashboard-view/v3-html-dashboard-view_en.ftl"): Not found
[main] DEBUG freemarker.cache  - TemplateLoader.findTemplateSource("v3html/dashboard-view/v3-html-dashboard-view.ftl"): Found
[main] DEBUG freemarker.cache  - Loading template for "v3html/dashboard-view/v3-html-dashboard-view.ftl"("en", UTF-8, parsed) from "jar:file:/C:/Users/racheeka.ORADEV/.m2/repository/com/aventstack/extentreports/4.0.9/extentreports-4.0.9.jar!/com/aventstack/extentreports/view/v3html/dashboard-view/v3-html-dashboard-view.ftl"
[main] DEBUG freemarker.cache  - Couldn't find template in cache for "v3html/logs-view/v3-html-testrunner-logs-view.ftl"("en", UTF-8, parsed); will try to load it.
[main] DEBUG freemarker.cache  - TemplateLoader.findTemplateSource("v3html/logs-view/v3-html-testrunner-logs-view_en.ftl"): Not found
[main] DEBUG freemarker.cache  - TemplateLoader.findTemplateSource("v3html/logs-view/v3-html-testrunner-logs-view.ftl"): Found
[main] DEBUG freemarker.cache  - Loading template for "v3html/logs-view/v3-html-testrunner-logs-view.ftl"("en", UTF-8, parsed) from "jar:file:/C:/Users/racheeka.ORADEV/.m2/repository/com/aventstack/extentreports/4.0.9/extentreports-4.0.9.jar!/com/aventstack/extentreports/view/v3html/logs-view/v3-html-testrunner-logs-view.ftl"
[main] DEBUG pages.BasePage  - Checking if logs are displayed or not
[main] DEBUG pages.BasePage  - Checking if logs are displayed or not
[main] DEBUG pages.BasePage  - Checking if logs are displayed or not
[main] INFO  pages.BasePage  - Title of the Page is My Store
[main] INFO  pages.BasePage  - Title of the Page is My Store
[main] INFO  pages.BasePage  - Entered dress in the Serach
[main] INFO  pages.BasePage  - Title of the Page is Printed Summer Dress - My Store
[main] DEBUG pages.BasePage  - Checking if logs are displayed or not
[main] INFO  pages.BasePage  - Title of the Page is My Store
[main] INFO  pages.BasePage  - Title of the Page is My Store
[main] INFO  pages.BasePage  - Entered dress in the Serach
[main] INFO  pages.BasePage  - Title of the Page is Printed Summer Dress - My Store
[main] DEBUG pages.BasePage  - Checking if logs are displayed or not
[main] INFO  pages.BasePage  - Title of the Page is My Store
[main] INFO  pages.BasePage  - Title of the Page is My Store
[main] INFO  pages.BasePage  - Entered dress in the Serach
[main] DEBUG freemarker.cache  - Couldn't find template in cache for "v3html/v3-html-index.ftl"("en", UTF-8, parsed); will try to load it.
[main] DEBUG freemarker.cache  - TemplateLoader.findTemplateSource("v3html/v3-html-index_en.ftl"): Not found
[main] DEBUG freemarker.cache  - TemplateLoader.findTemplateSource("v3html/v3-html-index.ftl"): Found
[main] DEBUG freemarker.cache  - Loading template for "v3html/v3-html-index.ftl"("en", UTF-8, parsed) from "jar:file:/C:/Users/Karan/.m2/repository/com/aventstack/extentreports/4.0.9/extentreports-4.0.9.jar!/com/aventstack/extentreports/view/v3html/v3-html-index.ftl"
[main] DEBUG freemarker.cache  - Couldn't find template in cache for "v3html/v3-html-head.ftl"("en", UTF-8, parsed); will try to load it.
[main] DEBUG freemarker.cache  - TemplateLoader.findTemplateSource("v3html/v3-html-head_en.ftl"): Not found
[main] DEBUG freemarker.cache  - TemplateLoader.findTemplateSource("v3html/v3-html-head.ftl"): Found
[main] DEBUG freemarker.cache  - Loading template for "v3html/v3-html-head.ftl"("en", UTF-8, parsed) from "jar:file:/C:/Users/Karan/.m2/repository/com/aventstack/extentreports/4.0.9/extentreports-4.0.9.jar!/com/aventstack/extentreports/view/v3html/v3-html-head.ftl"
[main] DEBUG freemarker.cache  - Couldn't find template in cache for "v3html/v3-html-nav.ftl"("en", UTF-8, parsed); will try to load it.
[main] DEBUG freemarker.cache  - TemplateLoader.findTemplateSource("v3html/v3-html-nav_en.ftl"): Not found
[main] DEBUG freemarker.cache  - TemplateLoader.findTemplateSource("v3html/v3-html-nav.ftl"): Found
[main] DEBUG freemarker.cache  - Loading template for "v3html/v3-html-nav.ftl"("en", UTF-8, parsed) from "jar:file:/C:/Users/Karan/.m2/repository/com/aventstack/extentreports/4.0.9/extentreports-4.0.9.jar!/com/aventstack/extentreports/view/v3html/v3-html-nav.ftl"
[main] DEBUG freemarker.cache  - Couldn't find template in cache for "v3html/test-view/v3-html-test-view.ftl"("en", UTF-8, parsed); will try to load it.
[main] DEBUG freemarker.cache  - TemplateLoader.findTemplateSource("v3html/test-view/v3-html-test-view_en.ftl"): Not found
[main] DEBUG freemarker.cache  - TemplateLoader.findTemplateSource("v3html/test-view/v3-html-test-view.ftl"): Found
[main] DEBUG freemarker.cache  - Loading template for "v3html/test-view/v3-html-test-view.ftl"("en", UTF-8, parsed) from "jar:file:/C:/Users/Karan/.m2/repository/com/aventstack/extentreports/4.0.9/extentreports-4.0.9.jar!/com/aventstack/extentreports/view/v3html/test-view/v3-html-test-view.ftl"
[main] DEBUG freemarker.cache  - Couldn't find template in cache for "v3html/test-view/v3-html-test-view-charts.ftl"("en", UTF-8, parsed); will try to load it.
[main] DEBUG freemarker.cache  - TemplateLoader.findTemplateSource("v3html/test-view/v3-html-test-view-charts_en.ftl"): Not found
[main] DEBUG freemarker.cache  - TemplateLoader.findTemplateSource("v3html/test-view/v3-html-test-view-charts.ftl"): Found
[main] DEBUG freemarker.cache  - Loading template for "v3html/test-view/v3-html-test-view-charts.ftl"("en", UTF-8, parsed) from "jar:file:/C:/Users/Karan/.m2/repository/com/aventstack/extentreports/4.0.9/extentreports-4.0.9.jar!/com/aventstack/extentreports/view/v3html/test-view/v3-html-test-view-charts.ftl"
[main] DEBUG freemarker.cache  - Couldn't find template in cache for "v3html/test-view/v3-html-standard.ftl"("en", UTF-8, parsed); will try to load it.
[main] DEBUG freemarker.cache  - TemplateLoader.findTemplateSource("v3html/test-view/v3-html-standard_en.ftl"): Not found
[main] DEBUG freemarker.cache  - TemplateLoader.findTemplateSource("v3html/test-view/v3-html-standard.ftl"): Found
[main] DEBUG freemarker.cache  - Loading template for "v3html/test-view/v3-html-standard.ftl"("en", UTF-8, parsed) from "jar:file:/C:/Users/Karan/.m2/repository/com/aventstack/extentreports/4.0.9/extentreports-4.0.9.jar!/com/aventstack/extentreports/view/v3html/test-view/v3-html-standard.ftl"
[main] DEBUG freemarker.cache  - "v3html/test-view/v3-html-standard.ftl"("en", UTF-8, parsed) cached copy not yet stale; using cached.
[main] DEBUG freemarker.cache  - "v3html/test-view/v3-html-standard.ftl"("en", UTF-8, parsed) cached copy not yet stale; using cached.
[main] DEBUG freemarker.cache  - Couldn't find template in cache for "v3html/category-view/v3-html-category-view.ftl"("en", UTF-8, parsed); will try to load it.
[main] DEBUG freemarker.cache  - TemplateLoader.findTemplateSource("v3html/category-view/v3-html-category-view_en.ftl"): Not found
[main] DEBUG freemarker.cache  - TemplateLoader.findTemplateSource("v3html/category-view/v3-html-category-view.ftl"): Found
[main] DEBUG freemarker.cache  - Loading template for "v3html/category-view/v3-html-category-view.ftl"("en", UTF-8, parsed) from "jar:file:/C:/Users/Karan/.m2/repository/com/aventstack/extentreports/4.0.9/extentreports-4.0.9.jar!/com/aventstack/extentreports/view/v3html/category-view/v3-html-category-view.ftl"
[main] DEBUG freemarker.cache  - Couldn't find template in cache for "v3html/exception-view/v3-html-exception-view.ftl"("en", UTF-8, parsed); will try to load it.
[main] DEBUG freemarker.cache  - TemplateLoader.findTemplateSource("v3html/exception-view/v3-html-exception-view_en.ftl"): Not found
[main] DEBUG freemarker.cache  - TemplateLoader.findTemplateSource("v3html/exception-view/v3-html-exception-view.ftl"): Found
[main] DEBUG freemarker.cache  - Loading template for "v3html/exception-view/v3-html-exception-view.ftl"("en", UTF-8, parsed) from "jar:file:/C:/Users/Karan/.m2/repository/com/aventstack/extentreports/4.0.9/extentreports-4.0.9.jar!/com/aventstack/extentreports/view/v3html/exception-view/v3-html-exception-view.ftl"
[main] DEBUG freemarker.cache  - Couldn't find template in cache for "v3html/author-view/v3-html-author-view.ftl"("en", UTF-8, parsed); will try to load it.
[main] DEBUG freemarker.cache  - TemplateLoader.findTemplateSource("v3html/author-view/v3-html-author-view_en.ftl"): Not found
[main] DEBUG freemarker.cache  - TemplateLoader.findTemplateSource("v3html/author-view/v3-html-author-view.ftl"): Found
[main] DEBUG freemarker.cache  - Loading template for "v3html/author-view/v3-html-author-view.ftl"("en", UTF-8, parsed) from "jar:file:/C:/Users/Karan/.m2/repository/com/aventstack/extentreports/4.0.9/extentreports-4.0.9.jar!/com/aventstack/extentreports/view/v3html/author-view/v3-html-author-view.ftl"
[main] DEBUG freemarker.cache  - Couldn't find template in cache for "v3html/dashboard-view/v3-html-dashboard-view.ftl"("en", UTF-8, parsed); will try to load it.
[main] DEBUG freemarker.cache  - TemplateLoader.findTemplateSource("v3html/dashboard-view/v3-html-dashboard-view_en.ftl"): Not found
[main] DEBUG freemarker.cache  - TemplateLoader.findTemplateSource("v3html/dashboard-view/v3-html-dashboard-view.ftl"): Found
[main] DEBUG freemarker.cache  - Loading template for "v3html/dashboard-view/v3-html-dashboard-view.ftl"("en", UTF-8, parsed) from "jar:file:/C:/Users/Karan/.m2/repository/com/aventstack/extentreports/4.0.9/extentreports-4.0.9.jar!/com/aventstack/extentreports/view/v3html/dashboard-view/v3-html-dashboard-view.ftl"
[main] DEBUG freemarker.cache  - Couldn't find template in cache for "v3html/logs-view/v3-html-testrunner-logs-view.ftl"("en", UTF-8, parsed); will try to load it.
[main] DEBUG freemarker.cache  - TemplateLoader.findTemplateSource("v3html/logs-view/v3-html-testrunner-logs-view_en.ftl"): Not found
[main] DEBUG freemarker.cache  - TemplateLoader.findTemplateSource("v3html/logs-view/v3-html-testrunner-logs-view.ftl"): Found
[main] DEBUG freemarker.cache  - Loading template for "v3html/logs-view/v3-html-testrunner-logs-view.ftl"("en", UTF-8, parsed) from "jar:file:/C:/Users/Karan/.m2/repository/com/aventstack/extentreports/4.0.9/extentreports-4.0.9.jar!/com/aventstack/extentreports/view/v3html/logs-view/v3-html-testrunner-logs-view.ftl"
[main] DEBUG pages.BasePage  - Checking if logs are displayed or not
[main] INFO  pages.BasePage  - Title of the Page is My Store
[main] INFO  pages.BasePage  - Title of the Page is My Store
[main] INFO  pages.BasePage  - Entered dress in the Serach
[main] INFO  pages.BasePage  - Title of the Page is Printed Summer Dress - My Store
[main] DEBUG pages.BasePage  - Checking if logs are displayed or not
[main] INFO  pages.BasePage  - Title of the Page is My Store
[main] INFO  pages.BasePage  - Title of the Page is My Store
[main] INFO  pages.BasePage  - Entered dress in the Serach
[main] INFO  pages.BasePage  - Title of the Page is Printed Summer Dress - My Store
[main] DEBUG pages.BasePage  - Checking if logs are displayed or not
[main] INFO  pages.BasePage  - Title of the Page is My Store
[main] INFO  pages.BasePage  - Title of the Page is My Store
[main] INFO  pages.BasePage  - Entered dress in the Serach
[main] DEBUG freemarker.cache  - Couldn't find template in cache for "v3html/v3-html-index.ftl"("en", UTF-8, parsed); will try to load it.
[main] DEBUG freemarker.cache  - TemplateLoader.findTemplateSource("v3html/v3-html-index_en.ftl"): Not found
[main] DEBUG freemarker.cache  - TemplateLoader.findTemplateSource("v3html/v3-html-index.ftl"): Found
[main] DEBUG freemarker.cache  - Loading template for "v3html/v3-html-index.ftl"("en", UTF-8, parsed) from "jar:file:/C:/Users/Karan/.m2/repository/com/aventstack/extentreports/4.0.9/extentreports-4.0.9.jar!/com/aventstack/extentreports/view/v3html/v3-html-index.ftl"
[main] DEBUG freemarker.cache  - Couldn't find template in cache for "v3html/v3-html-head.ftl"("en", UTF-8, parsed); will try to load it.
[main] DEBUG freemarker.cache  - TemplateLoader.findTemplateSource("v3html/v3-html-head_en.ftl"): Not found
[main] DEBUG freemarker.cache  - TemplateLoader.findTemplateSource("v3html/v3-html-head.ftl"): Found
[main] DEBUG freemarker.cache  - Loading template for "v3html/v3-html-head.ftl"("en", UTF-8, parsed) from "jar:file:/C:/Users/Karan/.m2/repository/com/aventstack/extentreports/4.0.9/extentreports-4.0.9.jar!/com/aventstack/extentreports/view/v3html/v3-html-head.ftl"
[main] DEBUG freemarker.cache  - Couldn't find template in cache for "v3html/v3-html-nav.ftl"("en", UTF-8, parsed); will try to load it.
[main] DEBUG freemarker.cache  - TemplateLoader.findTemplateSource("v3html/v3-html-nav_en.ftl"): Not found
[main] DEBUG freemarker.cache  - TemplateLoader.findTemplateSource("v3html/v3-html-nav.ftl"): Found
[main] DEBUG freemarker.cache  - Loading template for "v3html/v3-html-nav.ftl"("en", UTF-8, parsed) from "jar:file:/C:/Users/Karan/.m2/repository/com/aventstack/extentreports/4.0.9/extentreports-4.0.9.jar!/com/aventstack/extentreports/view/v3html/v3-html-nav.ftl"
[main] DEBUG freemarker.cache  - Couldn't find template in cache for "v3html/test-view/v3-html-test-view.ftl"("en", UTF-8, parsed); will try to load it.
[main] DEBUG freemarker.cache  - TemplateLoader.findTemplateSource("v3html/test-view/v3-html-test-view_en.ftl"): Not found
[main] DEBUG freemarker.cache  - TemplateLoader.findTemplateSource("v3html/test-view/v3-html-test-view.ftl"): Found
[main] DEBUG freemarker.cache  - Loading template for "v3html/test-view/v3-html-test-view.ftl"("en", UTF-8, parsed) from "jar:file:/C:/Users/Karan/.m2/repository/com/aventstack/extentreports/4.0.9/extentreports-4.0.9.jar!/com/aventstack/extentreports/view/v3html/test-view/v3-html-test-view.ftl"
[main] DEBUG freemarker.cache  - Couldn't find template in cache for "v3html/test-view/v3-html-test-view-charts.ftl"("en", UTF-8, parsed); will try to load it.
[main] DEBUG freemarker.cache  - TemplateLoader.findTemplateSource("v3html/test-view/v3-html-test-view-charts_en.ftl"): Not found
[main] DEBUG freemarker.cache  - TemplateLoader.findTemplateSource("v3html/test-view/v3-html-test-view-charts.ftl"): Found
[main] DEBUG freemarker.cache  - Loading template for "v3html/test-view/v3-html-test-view-charts.ftl"("en", UTF-8, parsed) from "jar:file:/C:/Users/Karan/.m2/repository/com/aventstack/extentreports/4.0.9/extentreports-4.0.9.jar!/com/aventstack/extentreports/view/v3html/test-view/v3-html-test-view-charts.ftl"
[main] DEBUG freemarker.cache  - Couldn't find template in cache for "v3html/test-view/v3-html-standard.ftl"("en", UTF-8, parsed); will try to load it.
[main] DEBUG freemarker.cache  - TemplateLoader.findTemplateSource("v3html/test-view/v3-html-standard_en.ftl"): Not found
[main] DEBUG freemarker.cache  - TemplateLoader.findTemplateSource("v3html/test-view/v3-html-standard.ftl"): Found
[main] DEBUG freemarker.cache  - Loading template for "v3html/test-view/v3-html-standard.ftl"("en", UTF-8, parsed) from "jar:file:/C:/Users/Karan/.m2/repository/com/aventstack/extentreports/4.0.9/extentreports-4.0.9.jar!/com/aventstack/extentreports/view/v3html/test-view/v3-html-standard.ftl"
[main] DEBUG freemarker.cache  - "v3html/test-view/v3-html-standard.ftl"("en", UTF-8, parsed) cached copy not yet stale; using cached.
[main] DEBUG freemarker.cache  - "v3html/test-view/v3-html-standard.ftl"("en", UTF-8, parsed) cached copy not yet stale; using cached.
[main] DEBUG freemarker.cache  - Couldn't find template in cache for "v3html/category-view/v3-html-category-view.ftl"("en", UTF-8, parsed); will try to load it.
[main] DEBUG freemarker.cache  - TemplateLoader.findTemplateSource("v3html/category-view/v3-html-category-view_en.ftl"): Not found
[main] DEBUG freemarker.cache  - TemplateLoader.findTemplateSource("v3html/category-view/v3-html-category-view.ftl"): Found
[main] DEBUG freemarker.cache  - Loading template for "v3html/category-view/v3-html-category-view.ftl"("en", UTF-8, parsed) from "jar:file:/C:/Users/Karan/.m2/repository/com/aventstack/extentreports/4.0.9/extentreports-4.0.9.jar!/com/aventstack/extentreports/view/v3html/category-view/v3-html-category-view.ftl"
[main] DEBUG freemarker.cache  - Couldn't find template in cache for "v3html/exception-view/v3-html-exception-view.ftl"("en", UTF-8, parsed); will try to load it.
[main] DEBUG freemarker.cache  - TemplateLoader.findTemplateSource("v3html/exception-view/v3-html-exception-view_en.ftl"): Not found
[main] DEBUG freemarker.cache  - TemplateLoader.findTemplateSource("v3html/exception-view/v3-html-exception-view.ftl"): Found
[main] DEBUG freemarker.cache  - Loading template for "v3html/exception-view/v3-html-exception-view.ftl"("en", UTF-8, parsed) from "jar:file:/C:/Users/Karan/.m2/repository/com/aventstack/extentreports/4.0.9/extentreports-4.0.9.jar!/com/aventstack/extentreports/view/v3html/exception-view/v3-html-exception-view.ftl"
[main] DEBUG freemarker.cache  - Couldn't find template in cache for "v3html/author-view/v3-html-author-view.ftl"("en", UTF-8, parsed); will try to load it.
[main] DEBUG freemarker.cache  - TemplateLoader.findTemplateSource("v3html/author-view/v3-html-author-view_en.ftl"): Not found
[main] DEBUG freemarker.cache  - TemplateLoader.findTemplateSource("v3html/author-view/v3-html-author-view.ftl"): Found
[main] DEBUG freemarker.cache  - Loading template for "v3html/author-view/v3-html-author-view.ftl"("en", UTF-8, parsed) from "jar:file:/C:/Users/Karan/.m2/repository/com/aventstack/extentreports/4.0.9/extentreports-4.0.9.jar!/com/aventstack/extentreports/view/v3html/author-view/v3-html-author-view.ftl"
[main] DEBUG freemarker.cache  - Couldn't find template in cache for "v3html/dashboard-view/v3-html-dashboard-view.ftl"("en", UTF-8, parsed); will try to load it.
[main] DEBUG freemarker.cache  - TemplateLoader.findTemplateSource("v3html/dashboard-view/v3-html-dashboard-view_en.ftl"): Not found
[main] DEBUG freemarker.cache  - TemplateLoader.findTemplateSource("v3html/dashboard-view/v3-html-dashboard-view.ftl"): Found
[main] DEBUG freemarker.cache  - Loading template for "v3html/dashboard-view/v3-html-dashboard-view.ftl"("en", UTF-8, parsed) from "jar:file:/C:/Users/Karan/.m2/repository/com/aventstack/extentreports/4.0.9/extentreports-4.0.9.jar!/com/aventstack/extentreports/view/v3html/dashboard-view/v3-html-dashboard-view.ftl"
[main] DEBUG freemarker.cache  - Couldn't find template in cache for "v3html/logs-view/v3-html-testrunner-logs-view.ftl"("en", UTF-8, parsed); will try to load it.
[main] DEBUG freemarker.cache  - TemplateLoader.findTemplateSource("v3html/logs-view/v3-html-testrunner-logs-view_en.ftl"): Not found
[main] DEBUG freemarker.cache  - TemplateLoader.findTemplateSource("v3html/logs-view/v3-html-testrunner-logs-view.ftl"): Found
[main] DEBUG freemarker.cache  - Loading template for "v3html/logs-view/v3-html-testrunner-logs-view.ftl"("en", UTF-8, parsed) from "jar:file:/C:/Users/Karan/.m2/repository/com/aventstack/extentreports/4.0.9/extentreports-4.0.9.jar!/com/aventstack/extentreports/view/v3html/logs-view/v3-html-testrunner-logs-view.ftl"
[main] DEBUG pages.BasePage  - Checking if logs are displayed or not
[main] INFO  pages.BasePage  - Title of the Page is My Store
[main] INFO  pages.BasePage  - Title of the Page is My Store
[main] INFO  pages.BasePage  - Entered dress in the Serach
[main] INFO  pages.BasePage  - Title of the Page is Printed Summer Dress - My Store
[main] DEBUG pages.BasePage  - Checking if logs are displayed or not
[main] INFO  pages.BasePage  - Title of the Page is My Store
[main] INFO  pages.BasePage  - Title of the Page is My Store
[main] INFO  pages.BasePage  - Entered dress in the Serach
[main] INFO  pages.BasePage  - Title of the Page is Printed Summer Dress - My Store
[main] DEBUG pages.BasePage  - Checking if logs are displayed or not
[main] INFO  pages.BasePage  - Title of the Page is My Store
[main] INFO  pages.BasePage  - Title of the Page is My Store
[main] INFO  pages.BasePage  - Entered dress in the Serach
[main] DEBUG freemarker.cache  - Couldn't find template in cache for "v3html/v3-html-index.ftl"("en", UTF-8, parsed); will try to load it.
[main] DEBUG freemarker.cache  - TemplateLoader.findTemplateSource("v3html/v3-html-index_en.ftl"): Not found
[main] DEBUG freemarker.cache  - TemplateLoader.findTemplateSource("v3html/v3-html-index.ftl"): Found
[main] DEBUG freemarker.cache  - Loading template for "v3html/v3-html-index.ftl"("en", UTF-8, parsed) from "jar:file:/C:/Users/Karan/.m2/repository/com/aventstack/extentreports/4.0.9/extentreports-4.0.9.jar!/com/aventstack/extentreports/view/v3html/v3-html-index.ftl"
[main] DEBUG freemarker.cache  - Couldn't find template in cache for "v3html/v3-html-head.ftl"("en", UTF-8, parsed); will try to load it.
[main] DEBUG freemarker.cache  - TemplateLoader.findTemplateSource("v3html/v3-html-head_en.ftl"): Not found
[main] DEBUG freemarker.cache  - TemplateLoader.findTemplateSource("v3html/v3-html-head.ftl"): Found
[main] DEBUG freemarker.cache  - Loading template for "v3html/v3-html-head.ftl"("en", UTF-8, parsed) from "jar:file:/C:/Users/Karan/.m2/repository/com/aventstack/extentreports/4.0.9/extentreports-4.0.9.jar!/com/aventstack/extentreports/view/v3html/v3-html-head.ftl"
[main] DEBUG freemarker.cache  - Couldn't find template in cache for "v3html/v3-html-nav.ftl"("en", UTF-8, parsed); will try to load it.
[main] DEBUG freemarker.cache  - TemplateLoader.findTemplateSource("v3html/v3-html-nav_en.ftl"): Not found
[main] DEBUG freemarker.cache  - TemplateLoader.findTemplateSource("v3html/v3-html-nav.ftl"): Found
[main] DEBUG freemarker.cache  - Loading template for "v3html/v3-html-nav.ftl"("en", UTF-8, parsed) from "jar:file:/C:/Users/Karan/.m2/repository/com/aventstack/extentreports/4.0.9/extentreports-4.0.9.jar!/com/aventstack/extentreports/view/v3html/v3-html-nav.ftl"
[main] DEBUG freemarker.cache  - Couldn't find template in cache for "v3html/test-view/v3-html-test-view.ftl"("en", UTF-8, parsed); will try to load it.
[main] DEBUG freemarker.cache  - TemplateLoader.findTemplateSource("v3html/test-view/v3-html-test-view_en.ftl"): Not found
[main] DEBUG freemarker.cache  - TemplateLoader.findTemplateSource("v3html/test-view/v3-html-test-view.ftl"): Found
[main] DEBUG freemarker.cache  - Loading template for "v3html/test-view/v3-html-test-view.ftl"("en", UTF-8, parsed) from "jar:file:/C:/Users/Karan/.m2/repository/com/aventstack/extentreports/4.0.9/extentreports-4.0.9.jar!/com/aventstack/extentreports/view/v3html/test-view/v3-html-test-view.ftl"
[main] DEBUG freemarker.cache  - Couldn't find template in cache for "v3html/test-view/v3-html-test-view-charts.ftl"("en", UTF-8, parsed); will try to load it.
[main] DEBUG freemarker.cache  - TemplateLoader.findTemplateSource("v3html/test-view/v3-html-test-view-charts_en.ftl"): Not found
[main] DEBUG freemarker.cache  - TemplateLoader.findTemplateSource("v3html/test-view/v3-html-test-view-charts.ftl"): Found
[main] DEBUG freemarker.cache  - Loading template for "v3html/test-view/v3-html-test-view-charts.ftl"("en", UTF-8, parsed) from "jar:file:/C:/Users/Karan/.m2/repository/com/aventstack/extentreports/4.0.9/extentreports-4.0.9.jar!/com/aventstack/extentreports/view/v3html/test-view/v3-html-test-view-charts.ftl"
[main] DEBUG freemarker.cache  - Couldn't find template in cache for "v3html/test-view/v3-html-standard.ftl"("en", UTF-8, parsed); will try to load it.
[main] DEBUG freemarker.cache  - TemplateLoader.findTemplateSource("v3html/test-view/v3-html-standard_en.ftl"): Not found
[main] DEBUG freemarker.cache  - TemplateLoader.findTemplateSource("v3html/test-view/v3-html-standard.ftl"): Found
[main] DEBUG freemarker.cache  - Loading template for "v3html/test-view/v3-html-standard.ftl"("en", UTF-8, parsed) from "jar:file:/C:/Users/Karan/.m2/repository/com/aventstack/extentreports/4.0.9/extentreports-4.0.9.jar!/com/aventstack/extentreports/view/v3html/test-view/v3-html-standard.ftl"
[main] DEBUG freemarker.cache  - "v3html/test-view/v3-html-standard.ftl"("en", UTF-8, parsed) cached copy not yet stale; using cached.
[main] DEBUG freemarker.cache  - "v3html/test-view/v3-html-standard.ftl"("en", UTF-8, parsed) cached copy not yet stale; using cached.
[main] DEBUG freemarker.cache  - Couldn't find template in cache for "v3html/category-view/v3-html-category-view.ftl"("en", UTF-8, parsed); will try to load it.
[main] DEBUG freemarker.cache  - TemplateLoader.findTemplateSource("v3html/category-view/v3-html-category-view_en.ftl"): Not found
[main] DEBUG freemarker.cache  - TemplateLoader.findTemplateSource("v3html/category-view/v3-html-category-view.ftl"): Found
[main] DEBUG freemarker.cache  - Loading template for "v3html/category-view/v3-html-category-view.ftl"("en", UTF-8, parsed) from "jar:file:/C:/Users/Karan/.m2/repository/com/aventstack/extentreports/4.0.9/extentreports-4.0.9.jar!/com/aventstack/extentreports/view/v3html/category-view/v3-html-category-view.ftl"
[main] DEBUG freemarker.cache  - Couldn't find template in cache for "v3html/exception-view/v3-html-exception-view.ftl"("en", UTF-8, parsed); will try to load it.
[main] DEBUG freemarker.cache  - TemplateLoader.findTemplateSource("v3html/exception-view/v3-html-exception-view_en.ftl"): Not found
[main] DEBUG freemarker.cache  - TemplateLoader.findTemplateSource("v3html/exception-view/v3-html-exception-view.ftl"): Found
[main] DEBUG freemarker.cache  - Loading template for "v3html/exception-view/v3-html-exception-view.ftl"("en", UTF-8, parsed) from "jar:file:/C:/Users/Karan/.m2/repository/com/aventstack/extentreports/4.0.9/extentreports-4.0.9.jar!/com/aventstack/extentreports/view/v3html/exception-view/v3-html-exception-view.ftl"
[main] DEBUG freemarker.cache  - Couldn't find template in cache for "v3html/author-view/v3-html-author-view.ftl"("en", UTF-8, parsed); will try to load it.
[main] DEBUG freemarker.cache  - TemplateLoader.findTemplateSource("v3html/author-view/v3-html-author-view_en.ftl"): Not found
[main] DEBUG freemarker.cache  - TemplateLoader.findTemplateSource("v3html/author-view/v3-html-author-view.ftl"): Found
[main] DEBUG freemarker.cache  - Loading template for "v3html/author-view/v3-html-author-view.ftl"("en", UTF-8, parsed) from "jar:file:/C:/Users/Karan/.m2/repository/com/aventstack/extentreports/4.0.9/extentreports-4.0.9.jar!/com/aventstack/extentreports/view/v3html/author-view/v3-html-author-view.ftl"
[main] DEBUG freemarker.cache  - Couldn't find template in cache for "v3html/dashboard-view/v3-html-dashboard-view.ftl"("en", UTF-8, parsed); will try to load it.
[main] DEBUG freemarker.cache  - TemplateLoader.findTemplateSource("v3html/dashboard-view/v3-html-dashboard-view_en.ftl"): Not found
[main] DEBUG freemarker.cache  - TemplateLoader.findTemplateSource("v3html/dashboard-view/v3-html-dashboard-view.ftl"): Found
[main] DEBUG freemarker.cache  - Loading template for "v3html/dashboard-view/v3-html-dashboard-view.ftl"("en", UTF-8, parsed) from "jar:file:/C:/Users/Karan/.m2/repository/com/aventstack/extentreports/4.0.9/extentreports-4.0.9.jar!/com/aventstack/extentreports/view/v3html/dashboard-view/v3-html-dashboard-view.ftl"
[main] DEBUG freemarker.cache  - Couldn't find template in cache for "v3html/logs-view/v3-html-testrunner-logs-view.ftl"("en", UTF-8, parsed); will try to load it.
[main] DEBUG freemarker.cache  - TemplateLoader.findTemplateSource("v3html/logs-view/v3-html-testrunner-logs-view_en.ftl"): Not found
[main] DEBUG freemarker.cache  - TemplateLoader.findTemplateSource("v3html/logs-view/v3-html-testrunner-logs-view.ftl"): Found
[main] DEBUG freemarker.cache  - Loading template for "v3html/logs-view/v3-html-testrunner-logs-view.ftl"("en", UTF-8, parsed) from "jar:file:/C:/Users/Karan/.m2/repository/com/aventstack/extentreports/4.0.9/extentreports-4.0.9.jar!/com/aventstack/extentreports/view/v3html/logs-view/v3-html-testrunner-logs-view.ftl"
[main] DEBUG pages.BasePage  - Checking if logs are displayed or not
[main] INFO  pages.BasePage  - Title of the Page is My Store
[main] INFO  pages.BasePage  - Title of the Page is My Store
[main] INFO  pages.BasePage  - Entered dress in the Serach
[main] INFO  pages.BasePage  - Title of the Page is Printed Summer Dress - My Store
[main] DEBUG pages.BasePage  - Checking if logs are displayed or not
[main] INFO  pages.BasePage  - Title of the Page is My Store
[main] INFO  pages.BasePage  - Title of the Page is My Store
[main] INFO  pages.BasePage  - Entered dress in the Serach
[main] INFO  pages.BasePage  - Title of the Page is Printed Summer Dress - My Store
[main] DEBUG pages.BasePage  - Checking if logs are displayed or not
[main] INFO  pages.BasePage  - Title of the Page is My Store
[main] INFO  pages.BasePage  - Title of the Page is My Store
[main] INFO  pages.BasePage  - Entered dress in the Serach
[main] DEBUG freemarker.cache  - Couldn't find template in cache for "v3html/v3-html-index.ftl"("en", UTF-8, parsed); will try to load it.
[main] DEBUG freemarker.cache  - TemplateLoader.findTemplateSource("v3html/v3-html-index_en.ftl"): Not found
[main] DEBUG freemarker.cache  - TemplateLoader.findTemplateSource("v3html/v3-html-index.ftl"): Found
[main] DEBUG freemarker.cache  - Loading template for "v3html/v3-html-index.ftl"("en", UTF-8, parsed) from "jar:file:/C:/Users/Karan/.m2/repository/com/aventstack/extentreports/4.0.9/extentreports-4.0.9.jar!/com/aventstack/extentreports/view/v3html/v3-html-index.ftl"
[main] DEBUG freemarker.cache  - Couldn't find template in cache for "v3html/v3-html-head.ftl"("en", UTF-8, parsed); will try to load it.
[main] DEBUG freemarker.cache  - TemplateLoader.findTemplateSource("v3html/v3-html-head_en.ftl"): Not found
[main] DEBUG freemarker.cache  - TemplateLoader.findTemplateSource("v3html/v3-html-head.ftl"): Found
[main] DEBUG freemarker.cache  - Loading template for "v3html/v3-html-head.ftl"("en", UTF-8, parsed) from "jar:file:/C:/Users/Karan/.m2/repository/com/aventstack/extentreports/4.0.9/extentreports-4.0.9.jar!/com/aventstack/extentreports/view/v3html/v3-html-head.ftl"
[main] DEBUG freemarker.cache  - Couldn't find template in cache for "v3html/v3-html-nav.ftl"("en", UTF-8, parsed); will try to load it.
[main] DEBUG freemarker.cache  - TemplateLoader.findTemplateSource("v3html/v3-html-nav_en.ftl"): Not found
[main] DEBUG freemarker.cache  - TemplateLoader.findTemplateSource("v3html/v3-html-nav.ftl"): Found
[main] DEBUG freemarker.cache  - Loading template for "v3html/v3-html-nav.ftl"("en", UTF-8, parsed) from "jar:file:/C:/Users/Karan/.m2/repository/com/aventstack/extentreports/4.0.9/extentreports-4.0.9.jar!/com/aventstack/extentreports/view/v3html/v3-html-nav.ftl"
[main] DEBUG freemarker.cache  - Couldn't find template in cache for "v3html/test-view/v3-html-test-view.ftl"("en", UTF-8, parsed); will try to load it.
[main] DEBUG freemarker.cache  - TemplateLoader.findTemplateSource("v3html/test-view/v3-html-test-view_en.ftl"): Not found
[main] DEBUG freemarker.cache  - TemplateLoader.findTemplateSource("v3html/test-view/v3-html-test-view.ftl"): Found
[main] DEBUG freemarker.cache  - Loading template for "v3html/test-view/v3-html-test-view.ftl"("en", UTF-8, parsed) from "jar:file:/C:/Users/Karan/.m2/repository/com/aventstack/extentreports/4.0.9/extentreports-4.0.9.jar!/com/aventstack/extentreports/view/v3html/test-view/v3-html-test-view.ftl"
[main] DEBUG freemarker.cache  - Couldn't find template in cache for "v3html/test-view/v3-html-test-view-charts.ftl"("en", UTF-8, parsed); will try to load it.
[main] DEBUG freemarker.cache  - TemplateLoader.findTemplateSource("v3html/test-view/v3-html-test-view-charts_en.ftl"): Not found
[main] DEBUG freemarker.cache  - TemplateLoader.findTemplateSource("v3html/test-view/v3-html-test-view-charts.ftl"): Found
[main] DEBUG freemarker.cache  - Loading template for "v3html/test-view/v3-html-test-view-charts.ftl"("en", UTF-8, parsed) from "jar:file:/C:/Users/Karan/.m2/repository/com/aventstack/extentreports/4.0.9/extentreports-4.0.9.jar!/com/aventstack/extentreports/view/v3html/test-view/v3-html-test-view-charts.ftl"
[main] DEBUG freemarker.cache  - Couldn't find template in cache for "v3html/test-view/v3-html-standard.ftl"("en", UTF-8, parsed); will try to load it.
[main] DEBUG freemarker.cache  - TemplateLoader.findTemplateSource("v3html/test-view/v3-html-standard_en.ftl"): Not found
[main] DEBUG freemarker.cache  - TemplateLoader.findTemplateSource("v3html/test-view/v3-html-standard.ftl"): Found
[main] DEBUG freemarker.cache  - Loading template for "v3html/test-view/v3-html-standard.ftl"("en", UTF-8, parsed) from "jar:file:/C:/Users/Karan/.m2/repository/com/aventstack/extentreports/4.0.9/extentreports-4.0.9.jar!/com/aventstack/extentreports/view/v3html/test-view/v3-html-standard.ftl"
[main] DEBUG freemarker.cache  - "v3html/test-view/v3-html-standard.ftl"("en", UTF-8, parsed) cached copy not yet stale; using cached.
[main] DEBUG freemarker.cache  - "v3html/test-view/v3-html-standard.ftl"("en", UTF-8, parsed) cached copy not yet stale; using cached.
[main] DEBUG freemarker.cache  - Couldn't find template in cache for "v3html/category-view/v3-html-category-view.ftl"("en", UTF-8, parsed); will try to load it.
[main] DEBUG freemarker.cache  - TemplateLoader.findTemplateSource("v3html/category-view/v3-html-category-view_en.ftl"): Not found
[main] DEBUG freemarker.cache  - TemplateLoader.findTemplateSource("v3html/category-view/v3-html-category-view.ftl"): Found
[main] DEBUG freemarker.cache  - Loading template for "v3html/category-view/v3-html-category-view.ftl"("en", UTF-8, parsed) from "jar:file:/C:/Users/Karan/.m2/repository/com/aventstack/extentreports/4.0.9/extentreports-4.0.9.jar!/com/aventstack/extentreports/view/v3html/category-view/v3-html-category-view.ftl"
[main] DEBUG freemarker.cache  - Couldn't find template in cache for "v3html/exception-view/v3-html-exception-view.ftl"("en", UTF-8, parsed); will try to load it.
[main] DEBUG freemarker.cache  - TemplateLoader.findTemplateSource("v3html/exception-view/v3-html-exception-view_en.ftl"): Not found
[main] DEBUG freemarker.cache  - TemplateLoader.findTemplateSource("v3html/exception-view/v3-html-exception-view.ftl"): Found
[main] DEBUG freemarker.cache  - Loading template for "v3html/exception-view/v3-html-exception-view.ftl"("en", UTF-8, parsed) from "jar:file:/C:/Users/Karan/.m2/repository/com/aventstack/extentreports/4.0.9/extentreports-4.0.9.jar!/com/aventstack/extentreports/view/v3html/exception-view/v3-html-exception-view.ftl"
[main] DEBUG freemarker.cache  - Couldn't find template in cache for "v3html/author-view/v3-html-author-view.ftl"("en", UTF-8, parsed); will try to load it.
[main] DEBUG freemarker.cache  - TemplateLoader.findTemplateSource("v3html/author-view/v3-html-author-view_en.ftl"): Not found
[main] DEBUG freemarker.cache  - TemplateLoader.findTemplateSource("v3html/author-view/v3-html-author-view.ftl"): Found
[main] DEBUG freemarker.cache  - Loading template for "v3html/author-view/v3-html-author-view.ftl"("en", UTF-8, parsed) from "jar:file:/C:/Users/Karan/.m2/repository/com/aventstack/extentreports/4.0.9/extentreports-4.0.9.jar!/com/aventstack/extentreports/view/v3html/author-view/v3-html-author-view.ftl"
[main] DEBUG freemarker.cache  - Couldn't find template in cache for "v3html/dashboard-view/v3-html-dashboard-view.ftl"("en", UTF-8, parsed); will try to load it.
[main] DEBUG freemarker.cache  - TemplateLoader.findTemplateSource("v3html/dashboard-view/v3-html-dashboard-view_en.ftl"): Not found
[main] DEBUG freemarker.cache  - TemplateLoader.findTemplateSource("v3html/dashboard-view/v3-html-dashboard-view.ftl"): Found
[main] DEBUG freemarker.cache  - Loading template for "v3html/dashboard-view/v3-html-dashboard-view.ftl"("en", UTF-8, parsed) from "jar:file:/C:/Users/Karan/.m2/repository/com/aventstack/extentreports/4.0.9/extentreports-4.0.9.jar!/com/aventstack/extentreports/view/v3html/dashboard-view/v3-html-dashboard-view.ftl"
[main] DEBUG freemarker.cache  - Couldn't find template in cache for "v3html/logs-view/v3-html-testrunner-logs-view.ftl"("en", UTF-8, parsed); will try to load it.
[main] DEBUG freemarker.cache  - TemplateLoader.findTemplateSource("v3html/logs-view/v3-html-testrunner-logs-view_en.ftl"): Not found
[main] DEBUG freemarker.cache  - TemplateLoader.findTemplateSource("v3html/logs-view/v3-html-testrunner-logs-view.ftl"): Found
[main] DEBUG freemarker.cache  - Loading template for "v3html/logs-view/v3-html-testrunner-logs-view.ftl"("en", UTF-8, parsed) from "jar:file:/C:/Users/Karan/.m2/repository/com/aventstack/extentreports/4.0.9/extentreports-4.0.9.jar!/com/aventstack/extentreports/view/v3html/logs-view/v3-html-testrunner-logs-view.ftl"
[main] DEBUG pages.BasePage  - Checking if logs are displayed or not
[main] INFO  pages.BasePage  - Title of the Page is My Store
[main] INFO  pages.BasePage  - Title of the Page is My Store
[main] INFO  pages.BasePage  - Entered dress in the Serach
[main] INFO  pages.BasePage  - Title of the Page is Printed Summer Dress - My Store
[main] DEBUG freemarker.cache  - Couldn't find template in cache for "v3html/v3-html-index.ftl"("en", UTF-8, parsed); will try to load it.
[main] DEBUG freemarker.cache  - TemplateLoader.findTemplateSource("v3html/v3-html-index_en.ftl"): Not found
[main] DEBUG freemarker.cache  - TemplateLoader.findTemplateSource("v3html/v3-html-index.ftl"): Found
[main] DEBUG freemarker.cache  - Loading template for "v3html/v3-html-index.ftl"("en", UTF-8, parsed) from "jar:file:/C:/Users/Karan/.m2/repository/com/aventstack/extentreports/4.0.9/extentreports-4.0.9.jar!/com/aventstack/extentreports/view/v3html/v3-html-index.ftl"
[main] DEBUG freemarker.cache  - Couldn't find template in cache for "v3html/v3-html-head.ftl"("en", UTF-8, parsed); will try to load it.
[main] DEBUG freemarker.cache  - TemplateLoader.findTemplateSource("v3html/v3-html-head_en.ftl"): Not found
[main] DEBUG freemarker.cache  - TemplateLoader.findTemplateSource("v3html/v3-html-head.ftl"): Found
[main] DEBUG freemarker.cache  - Loading template for "v3html/v3-html-head.ftl"("en", UTF-8, parsed) from "jar:file:/C:/Users/Karan/.m2/repository/com/aventstack/extentreports/4.0.9/extentreports-4.0.9.jar!/com/aventstack/extentreports/view/v3html/v3-html-head.ftl"
[main] DEBUG freemarker.cache  - Couldn't find template in cache for "v3html/v3-html-nav.ftl"("en", UTF-8, parsed); will try to load it.
[main] DEBUG freemarker.cache  - TemplateLoader.findTemplateSource("v3html/v3-html-nav_en.ftl"): Not found
[main] DEBUG freemarker.cache  - TemplateLoader.findTemplateSource("v3html/v3-html-nav.ftl"): Found
[main] DEBUG freemarker.cache  - Loading template for "v3html/v3-html-nav.ftl"("en", UTF-8, parsed) from "jar:file:/C:/Users/Karan/.m2/repository/com/aventstack/extentreports/4.0.9/extentreports-4.0.9.jar!/com/aventstack/extentreports/view/v3html/v3-html-nav.ftl"
[main] DEBUG freemarker.cache  - Couldn't find template in cache for "v3html/test-view/v3-html-test-view.ftl"("en", UTF-8, parsed); will try to load it.
[main] DEBUG freemarker.cache  - TemplateLoader.findTemplateSource("v3html/test-view/v3-html-test-view_en.ftl"): Not found
[main] DEBUG freemarker.cache  - TemplateLoader.findTemplateSource("v3html/test-view/v3-html-test-view.ftl"): Found
[main] DEBUG freemarker.cache  - Loading template for "v3html/test-view/v3-html-test-view.ftl"("en", UTF-8, parsed) from "jar:file:/C:/Users/Karan/.m2/repository/com/aventstack/extentreports/4.0.9/extentreports-4.0.9.jar!/com/aventstack/extentreports/view/v3html/test-view/v3-html-test-view.ftl"
[main] DEBUG freemarker.cache  - Couldn't find template in cache for "v3html/test-view/v3-html-test-view-charts.ftl"("en", UTF-8, parsed); will try to load it.
[main] DEBUG freemarker.cache  - TemplateLoader.findTemplateSource("v3html/test-view/v3-html-test-view-charts_en.ftl"): Not found
[main] DEBUG freemarker.cache  - TemplateLoader.findTemplateSource("v3html/test-view/v3-html-test-view-charts.ftl"): Found
[main] DEBUG freemarker.cache  - Loading template for "v3html/test-view/v3-html-test-view-charts.ftl"("en", UTF-8, parsed) from "jar:file:/C:/Users/Karan/.m2/repository/com/aventstack/extentreports/4.0.9/extentreports-4.0.9.jar!/com/aventstack/extentreports/view/v3html/test-view/v3-html-test-view-charts.ftl"
[main] DEBUG freemarker.cache  - Couldn't find template in cache for "v3html/test-view/v3-html-standard.ftl"("en", UTF-8, parsed); will try to load it.
[main] DEBUG freemarker.cache  - TemplateLoader.findTemplateSource("v3html/test-view/v3-html-standard_en.ftl"): Not found
[main] DEBUG freemarker.cache  - TemplateLoader.findTemplateSource("v3html/test-view/v3-html-standard.ftl"): Found
[main] DEBUG freemarker.cache  - Loading template for "v3html/test-view/v3-html-standard.ftl"("en", UTF-8, parsed) from "jar:file:/C:/Users/Karan/.m2/repository/com/aventstack/extentreports/4.0.9/extentreports-4.0.9.jar!/com/aventstack/extentreports/view/v3html/test-view/v3-html-standard.ftl"
[main] DEBUG freemarker.cache  - Couldn't find template in cache for "v3html/category-view/v3-html-category-view.ftl"("en", UTF-8, parsed); will try to load it.
[main] DEBUG freemarker.cache  - TemplateLoader.findTemplateSource("v3html/category-view/v3-html-category-view_en.ftl"): Not found
[main] DEBUG freemarker.cache  - TemplateLoader.findTemplateSource("v3html/category-view/v3-html-category-view.ftl"): Found
[main] DEBUG freemarker.cache  - Loading template for "v3html/category-view/v3-html-category-view.ftl"("en", UTF-8, parsed) from "jar:file:/C:/Users/Karan/.m2/repository/com/aventstack/extentreports/4.0.9/extentreports-4.0.9.jar!/com/aventstack/extentreports/view/v3html/category-view/v3-html-category-view.ftl"
[main] DEBUG freemarker.cache  - Couldn't find template in cache for "v3html/exception-view/v3-html-exception-view.ftl"("en", UTF-8, parsed); will try to load it.
[main] DEBUG freemarker.cache  - TemplateLoader.findTemplateSource("v3html/exception-view/v3-html-exception-view_en.ftl"): Not found
[main] DEBUG freemarker.cache  - TemplateLoader.findTemplateSource("v3html/exception-view/v3-html-exception-view.ftl"): Found
[main] DEBUG freemarker.cache  - Loading template for "v3html/exception-view/v3-html-exception-view.ftl"("en", UTF-8, parsed) from "jar:file:/C:/Users/Karan/.m2/repository/com/aventstack/extentreports/4.0.9/extentreports-4.0.9.jar!/com/aventstack/extentreports/view/v3html/exception-view/v3-html-exception-view.ftl"
[main] DEBUG freemarker.cache  - Couldn't find template in cache for "v3html/author-view/v3-html-author-view.ftl"("en", UTF-8, parsed); will try to load it.
[main] DEBUG freemarker.cache  - TemplateLoader.findTemplateSource("v3html/author-view/v3-html-author-view_en.ftl"): Not found
[main] DEBUG freemarker.cache  - TemplateLoader.findTemplateSource("v3html/author-view/v3-html-author-view.ftl"): Found
[main] DEBUG freemarker.cache  - Loading template for "v3html/author-view/v3-html-author-view.ftl"("en", UTF-8, parsed) from "jar:file:/C:/Users/Karan/.m2/repository/com/aventstack/extentreports/4.0.9/extentreports-4.0.9.jar!/com/aventstack/extentreports/view/v3html/author-view/v3-html-author-view.ftl"
[main] DEBUG freemarker.cache  - Couldn't find template in cache for "v3html/dashboard-view/v3-html-dashboard-view.ftl"("en", UTF-8, parsed); will try to load it.
[main] DEBUG freemarker.cache  - TemplateLoader.findTemplateSource("v3html/dashboard-view/v3-html-dashboard-view_en.ftl"): Not found
[main] DEBUG freemarker.cache  - TemplateLoader.findTemplateSource("v3html/dashboard-view/v3-html-dashboard-view.ftl"): Found
[main] DEBUG freemarker.cache  - Loading template for "v3html/dashboard-view/v3-html-dashboard-view.ftl"("en", UTF-8, parsed) from "jar:file:/C:/Users/Karan/.m2/repository/com/aventstack/extentreports/4.0.9/extentreports-4.0.9.jar!/com/aventstack/extentreports/view/v3html/dashboard-view/v3-html-dashboard-view.ftl"
[main] DEBUG freemarker.cache  - Couldn't find template in cache for "v3html/logs-view/v3-html-testrunner-logs-view.ftl"("en", UTF-8, parsed); will try to load it.
[main] DEBUG freemarker.cache  - TemplateLoader.findTemplateSource("v3html/logs-view/v3-html-testrunner-logs-view_en.ftl"): Not found
[main] DEBUG freemarker.cache  - TemplateLoader.findTemplateSource("v3html/logs-view/v3-html-testrunner-logs-view.ftl"): Found
[main] DEBUG freemarker.cache  - Loading template for "v3html/logs-view/v3-html-testrunner-logs-view.ftl"("en", UTF-8, parsed) from "jar:file:/C:/Users/Karan/.m2/repository/com/aventstack/extentreports/4.0.9/extentreports-4.0.9.jar!/com/aventstack/extentreports/view/v3html/logs-view/v3-html-testrunner-logs-view.ftl"
[main] DEBUG pages.BasePage  - Checking if logs are displayed or not
[main] INFO  pages.BasePage  - Title of the Page is My Store
[main] INFO  pages.BasePage  - Title of the Page is My Store
[main] INFO  pages.BasePage  - Entered dress in the Serach
[main] INFO  pages.BasePage  - Title of the Page is Printed Summer Dress - My Store
[main] DEBUG freemarker.cache  - Couldn't find template in cache for "v3html/v3-html-index.ftl"("en", UTF-8, parsed); will try to load it.
[main] DEBUG freemarker.cache  - TemplateLoader.findTemplateSource("v3html/v3-html-index_en.ftl"): Not found
[main] DEBUG freemarker.cache  - TemplateLoader.findTemplateSource("v3html/v3-html-index.ftl"): Found
[main] DEBUG freemarker.cache  - Loading template for "v3html/v3-html-index.ftl"("en", UTF-8, parsed) from "jar:file:/C:/Users/Karan/.m2/repository/com/aventstack/extentreports/4.0.9/extentreports-4.0.9.jar!/com/aventstack/extentreports/view/v3html/v3-html-index.ftl"
[main] DEBUG freemarker.cache  - Couldn't find template in cache for "v3html/v3-html-head.ftl"("en", UTF-8, parsed); will try to load it.
[main] DEBUG freemarker.cache  - TemplateLoader.findTemplateSource("v3html/v3-html-head_en.ftl"): Not found
[main] DEBUG freemarker.cache  - TemplateLoader.findTemplateSource("v3html/v3-html-head.ftl"): Found
[main] DEBUG freemarker.cache  - Loading template for "v3html/v3-html-head.ftl"("en", UTF-8, parsed) from "jar:file:/C:/Users/Karan/.m2/repository/com/aventstack/extentreports/4.0.9/extentreports-4.0.9.jar!/com/aventstack/extentreports/view/v3html/v3-html-head.ftl"
[main] DEBUG freemarker.cache  - Couldn't find template in cache for "v3html/v3-html-nav.ftl"("en", UTF-8, parsed); will try to load it.
[main] DEBUG freemarker.cache  - TemplateLoader.findTemplateSource("v3html/v3-html-nav_en.ftl"): Not found
[main] DEBUG freemarker.cache  - TemplateLoader.findTemplateSource("v3html/v3-html-nav.ftl"): Found
[main] DEBUG freemarker.cache  - Loading template for "v3html/v3-html-nav.ftl"("en", UTF-8, parsed) from "jar:file:/C:/Users/Karan/.m2/repository/com/aventstack/extentreports/4.0.9/extentreports-4.0.9.jar!/com/aventstack/extentreports/view/v3html/v3-html-nav.ftl"
[main] DEBUG freemarker.cache  - Couldn't find template in cache for "v3html/test-view/v3-html-test-view.ftl"("en", UTF-8, parsed); will try to load it.
[main] DEBUG freemarker.cache  - TemplateLoader.findTemplateSource("v3html/test-view/v3-html-test-view_en.ftl"): Not found
[main] DEBUG freemarker.cache  - TemplateLoader.findTemplateSource("v3html/test-view/v3-html-test-view.ftl"): Found
[main] DEBUG freemarker.cache  - Loading template for "v3html/test-view/v3-html-test-view.ftl"("en", UTF-8, parsed) from "jar:file:/C:/Users/Karan/.m2/repository/com/aventstack/extentreports/4.0.9/extentreports-4.0.9.jar!/com/aventstack/extentreports/view/v3html/test-view/v3-html-test-view.ftl"
[main] DEBUG freemarker.cache  - Couldn't find template in cache for "v3html/test-view/v3-html-test-view-charts.ftl"("en", UTF-8, parsed); will try to load it.
[main] DEBUG freemarker.cache  - TemplateLoader.findTemplateSource("v3html/test-view/v3-html-test-view-charts_en.ftl"): Not found
[main] DEBUG freemarker.cache  - TemplateLoader.findTemplateSource("v3html/test-view/v3-html-test-view-charts.ftl"): Found
[main] DEBUG freemarker.cache  - Loading template for "v3html/test-view/v3-html-test-view-charts.ftl"("en", UTF-8, parsed) from "jar:file:/C:/Users/Karan/.m2/repository/com/aventstack/extentreports/4.0.9/extentreports-4.0.9.jar!/com/aventstack/extentreports/view/v3html/test-view/v3-html-test-view-charts.ftl"
[main] DEBUG freemarker.cache  - Couldn't find template in cache for "v3html/test-view/v3-html-standard.ftl"("en", UTF-8, parsed); will try to load it.
[main] DEBUG freemarker.cache  - TemplateLoader.findTemplateSource("v3html/test-view/v3-html-standard_en.ftl"): Not found
[main] DEBUG freemarker.cache  - TemplateLoader.findTemplateSource("v3html/test-view/v3-html-standard.ftl"): Found
[main] DEBUG freemarker.cache  - Loading template for "v3html/test-view/v3-html-standard.ftl"("en", UTF-8, parsed) from "jar:file:/C:/Users/Karan/.m2/repository/com/aventstack/extentreports/4.0.9/extentreports-4.0.9.jar!/com/aventstack/extentreports/view/v3html/test-view/v3-html-standard.ftl"
[main] DEBUG freemarker.cache  - Couldn't find template in cache for "v3html/category-view/v3-html-category-view.ftl"("en", UTF-8, parsed); will try to load it.
[main] DEBUG freemarker.cache  - TemplateLoader.findTemplateSource("v3html/category-view/v3-html-category-view_en.ftl"): Not found
[main] DEBUG freemarker.cache  - TemplateLoader.findTemplateSource("v3html/category-view/v3-html-category-view.ftl"): Found
[main] DEBUG freemarker.cache  - Loading template for "v3html/category-view/v3-html-category-view.ftl"("en", UTF-8, parsed) from "jar:file:/C:/Users/Karan/.m2/repository/com/aventstack/extentreports/4.0.9/extentreports-4.0.9.jar!/com/aventstack/extentreports/view/v3html/category-view/v3-html-category-view.ftl"
[main] DEBUG freemarker.cache  - Couldn't find template in cache for "v3html/exception-view/v3-html-exception-view.ftl"("en", UTF-8, parsed); will try to load it.
[main] DEBUG freemarker.cache  - TemplateLoader.findTemplateSource("v3html/exception-view/v3-html-exception-view_en.ftl"): Not found
[main] DEBUG freemarker.cache  - TemplateLoader.findTemplateSource("v3html/exception-view/v3-html-exception-view.ftl"): Found
[main] DEBUG freemarker.cache  - Loading template for "v3html/exception-view/v3-html-exception-view.ftl"("en", UTF-8, parsed) from "jar:file:/C:/Users/Karan/.m2/repository/com/aventstack/extentreports/4.0.9/extentreports-4.0.9.jar!/com/aventstack/extentreports/view/v3html/exception-view/v3-html-exception-view.ftl"
[main] DEBUG freemarker.cache  - Couldn't find template in cache for "v3html/author-view/v3-html-author-view.ftl"("en", UTF-8, parsed); will try to load it.
[main] DEBUG freemarker.cache  - TemplateLoader.findTemplateSource("v3html/author-view/v3-html-author-view_en.ftl"): Not found
[main] DEBUG freemarker.cache  - TemplateLoader.findTemplateSource("v3html/author-view/v3-html-author-view.ftl"): Found
[main] DEBUG freemarker.cache  - Loading template for "v3html/author-view/v3-html-author-view.ftl"("en", UTF-8, parsed) from "jar:file:/C:/Users/Karan/.m2/repository/com/aventstack/extentreports/4.0.9/extentreports-4.0.9.jar!/com/aventstack/extentreports/view/v3html/author-view/v3-html-author-view.ftl"
[main] DEBUG freemarker.cache  - Couldn't find template in cache for "v3html/dashboard-view/v3-html-dashboard-view.ftl"("en", UTF-8, parsed); will try to load it.
[main] DEBUG freemarker.cache  - TemplateLoader.findTemplateSource("v3html/dashboard-view/v3-html-dashboard-view_en.ftl"): Not found
[main] DEBUG freemarker.cache  - TemplateLoader.findTemplateSource("v3html/dashboard-view/v3-html-dashboard-view.ftl"): Found
[main] DEBUG freemarker.cache  - Loading template for "v3html/dashboard-view/v3-html-dashboard-view.ftl"("en", UTF-8, parsed) from "jar:file:/C:/Users/Karan/.m2/repository/com/aventstack/extentreports/4.0.9/extentreports-4.0.9.jar!/com/aventstack/extentreports/view/v3html/dashboard-view/v3-html-dashboard-view.ftl"
[main] DEBUG freemarker.cache  - Couldn't find template in cache for "v3html/logs-view/v3-html-testrunner-logs-view.ftl"("en", UTF-8, parsed); will try to load it.
[main] DEBUG freemarker.cache  - TemplateLoader.findTemplateSource("v3html/logs-view/v3-html-testrunner-logs-view_en.ftl"): Not found
[main] DEBUG freemarker.cache  - TemplateLoader.findTemplateSource("v3html/logs-view/v3-html-testrunner-logs-view.ftl"): Found
[main] DEBUG freemarker.cache  - Loading template for "v3html/logs-view/v3-html-testrunner-logs-view.ftl"("en", UTF-8, parsed) from "jar:file:/C:/Users/Karan/.m2/repository/com/aventstack/extentreports/4.0.9/extentreports-4.0.9.jar!/com/aventstack/extentreports/view/v3html/logs-view/v3-html-testrunner-logs-view.ftl"
[main] DEBUG pages.BasePage  - Checking if logs are displayed or not
[main] INFO  pages.BasePage  - Title of the Page is My Store
[main] INFO  pages.BasePage  - Title of the Page is My Store
[main] INFO  pages.BasePage  - Entered dress in the Serach
[main] INFO  pages.BasePage  - Title of the Page is Printed Summer Dress - My Store
[main] INFO  pages.BasePage  - Entered dress in the Serach
[main] INFO  pages.BasePage  - Entered dress in the Serach
[main] INFO  pages.BasePage  - Entered dress in the Serach
[main] DEBUG freemarker.cache  - Couldn't find template in cache for "v3html/v3-html-index.ftl"("en", UTF-8, parsed); will try to load it.
[main] DEBUG freemarker.cache  - TemplateLoader.findTemplateSource("v3html/v3-html-index_en.ftl"): Not found
[main] DEBUG freemarker.cache  - TemplateLoader.findTemplateSource("v3html/v3-html-index.ftl"): Found
[main] DEBUG freemarker.cache  - Loading template for "v3html/v3-html-index.ftl"("en", UTF-8, parsed) from "jar:file:/C:/Users/Karan/.m2/repository/com/aventstack/extentreports/4.0.9/extentreports-4.0.9.jar!/com/aventstack/extentreports/view/v3html/v3-html-index.ftl"
[main] DEBUG freemarker.cache  - Couldn't find template in cache for "v3html/v3-html-head.ftl"("en", UTF-8, parsed); will try to load it.
[main] DEBUG freemarker.cache  - TemplateLoader.findTemplateSource("v3html/v3-html-head_en.ftl"): Not found
[main] DEBUG freemarker.cache  - TemplateLoader.findTemplateSource("v3html/v3-html-head.ftl"): Found
[main] DEBUG freemarker.cache  - Loading template for "v3html/v3-html-head.ftl"("en", UTF-8, parsed) from "jar:file:/C:/Users/Karan/.m2/repository/com/aventstack/extentreports/4.0.9/extentreports-4.0.9.jar!/com/aventstack/extentreports/view/v3html/v3-html-head.ftl"
[main] DEBUG freemarker.cache  - Couldn't find template in cache for "v3html/v3-html-nav.ftl"("en", UTF-8, parsed); will try to load it.
[main] DEBUG freemarker.cache  - TemplateLoader.findTemplateSource("v3html/v3-html-nav_en.ftl"): Not found
[main] DEBUG freemarker.cache  - TemplateLoader.findTemplateSource("v3html/v3-html-nav.ftl"): Found
[main] DEBUG freemarker.cache  - Loading template for "v3html/v3-html-nav.ftl"("en", UTF-8, parsed) from "jar:file:/C:/Users/Karan/.m2/repository/com/aventstack/extentreports/4.0.9/extentreports-4.0.9.jar!/com/aventstack/extentreports/view/v3html/v3-html-nav.ftl"
[main] DEBUG freemarker.cache  - Couldn't find template in cache for "v3html/test-view/v3-html-test-view.ftl"("en", UTF-8, parsed); will try to load it.
[main] DEBUG freemarker.cache  - TemplateLoader.findTemplateSource("v3html/test-view/v3-html-test-view_en.ftl"): Not found
[main] DEBUG freemarker.cache  - TemplateLoader.findTemplateSource("v3html/test-view/v3-html-test-view.ftl"): Found
[main] DEBUG freemarker.cache  - Loading template for "v3html/test-view/v3-html-test-view.ftl"("en", UTF-8, parsed) from "jar:file:/C:/Users/Karan/.m2/repository/com/aventstack/extentreports/4.0.9/extentreports-4.0.9.jar!/com/aventstack/extentreports/view/v3html/test-view/v3-html-test-view.ftl"
[main] DEBUG freemarker.cache  - Couldn't find template in cache for "v3html/test-view/v3-html-test-view-charts.ftl"("en", UTF-8, parsed); will try to load it.
[main] DEBUG freemarker.cache  - TemplateLoader.findTemplateSource("v3html/test-view/v3-html-test-view-charts_en.ftl"): Not found
[main] DEBUG freemarker.cache  - TemplateLoader.findTemplateSource("v3html/test-view/v3-html-test-view-charts.ftl"): Found
[main] DEBUG freemarker.cache  - Loading template for "v3html/test-view/v3-html-test-view-charts.ftl"("en", UTF-8, parsed) from "jar:file:/C:/Users/Karan/.m2/repository/com/aventstack/extentreports/4.0.9/extentreports-4.0.9.jar!/com/aventstack/extentreports/view/v3html/test-view/v3-html-test-view-charts.ftl"
[main] DEBUG freemarker.cache  - Couldn't find template in cache for "v3html/test-view/v3-html-standard.ftl"("en", UTF-8, parsed); will try to load it.
[main] DEBUG freemarker.cache  - TemplateLoader.findTemplateSource("v3html/test-view/v3-html-standard_en.ftl"): Not found
[main] DEBUG freemarker.cache  - TemplateLoader.findTemplateSource("v3html/test-view/v3-html-standard.ftl"): Found
[main] DEBUG freemarker.cache  - Loading template for "v3html/test-view/v3-html-standard.ftl"("en", UTF-8, parsed) from "jar:file:/C:/Users/Karan/.m2/repository/com/aventstack/extentreports/4.0.9/extentreports-4.0.9.jar!/com/aventstack/extentreports/view/v3html/test-view/v3-html-standard.ftl"
[main] DEBUG freemarker.cache  - Couldn't find template in cache for "v3html/category-view/v3-html-category-view.ftl"("en", UTF-8, parsed); will try to load it.
[main] DEBUG freemarker.cache  - TemplateLoader.findTemplateSource("v3html/category-view/v3-html-category-view_en.ftl"): Not found
[main] DEBUG freemarker.cache  - TemplateLoader.findTemplateSource("v3html/category-view/v3-html-category-view.ftl"): Found
[main] DEBUG freemarker.cache  - Loading template for "v3html/category-view/v3-html-category-view.ftl"("en", UTF-8, parsed) from "jar:file:/C:/Users/Karan/.m2/repository/com/aventstack/extentreports/4.0.9/extentreports-4.0.9.jar!/com/aventstack/extentreports/view/v3html/category-view/v3-html-category-view.ftl"
[main] DEBUG freemarker.cache  - Couldn't find template in cache for "v3html/exception-view/v3-html-exception-view.ftl"("en", UTF-8, parsed); will try to load it.
[main] DEBUG freemarker.cache  - TemplateLoader.findTemplateSource("v3html/exception-view/v3-html-exception-view_en.ftl"): Not found
[main] DEBUG freemarker.cache  - TemplateLoader.findTemplateSource("v3html/exception-view/v3-html-exception-view.ftl"): Found
[main] DEBUG freemarker.cache  - Loading template for "v3html/exception-view/v3-html-exception-view.ftl"("en", UTF-8, parsed) from "jar:file:/C:/Users/Karan/.m2/repository/com/aventstack/extentreports/4.0.9/extentreports-4.0.9.jar!/com/aventstack/extentreports/view/v3html/exception-view/v3-html-exception-view.ftl"
[main] DEBUG freemarker.cache  - Couldn't find template in cache for "v3html/author-view/v3-html-author-view.ftl"("en", UTF-8, parsed); will try to load it.
[main] DEBUG freemarker.cache  - TemplateLoader.findTemplateSource("v3html/author-view/v3-html-author-view_en.ftl"): Not found
[main] DEBUG freemarker.cache  - TemplateLoader.findTemplateSource("v3html/author-view/v3-html-author-view.ftl"): Found
[main] DEBUG freemarker.cache  - Loading template for "v3html/author-view/v3-html-author-view.ftl"("en", UTF-8, parsed) from "jar:file:/C:/Users/Karan/.m2/repository/com/aventstack/extentreports/4.0.9/extentreports-4.0.9.jar!/com/aventstack/extentreports/view/v3html/author-view/v3-html-author-view.ftl"
[main] DEBUG freemarker.cache  - Couldn't find template in cache for "v3html/dashboard-view/v3-html-dashboard-view.ftl"("en", UTF-8, parsed); will try to load it.
[main] DEBUG freemarker.cache  - TemplateLoader.findTemplateSource("v3html/dashboard-view/v3-html-dashboard-view_en.ftl"): Not found
[main] DEBUG freemarker.cache  - TemplateLoader.findTemplateSource("v3html/dashboard-view/v3-html-dashboard-view.ftl"): Found
[main] DEBUG freemarker.cache  - Loading template for "v3html/dashboard-view/v3-html-dashboard-view.ftl"("en", UTF-8, parsed) from "jar:file:/C:/Users/Karan/.m2/repository/com/aventstack/extentreports/4.0.9/extentreports-4.0.9.jar!/com/aventstack/extentreports/view/v3html/dashboard-view/v3-html-dashboard-view.ftl"
[main] DEBUG freemarker.cache  - Couldn't find template in cache for "v3html/logs-view/v3-html-testrunner-logs-view.ftl"("en", UTF-8, parsed); will try to load it.
[main] DEBUG freemarker.cache  - TemplateLoader.findTemplateSource("v3html/logs-view/v3-html-testrunner-logs-view_en.ftl"): Not found
[main] DEBUG freemarker.cache  - TemplateLoader.findTemplateSource("v3html/logs-view/v3-html-testrunner-logs-view.ftl"): Found
[main] DEBUG freemarker.cache  - Loading template for "v3html/logs-view/v3-html-testrunner-logs-view.ftl"("en", UTF-8, parsed) from "jar:file:/C:/Users/Karan/.m2/repository/com/aventstack/extentreports/4.0.9/extentreports-4.0.9.jar!/com/aventstack/extentreports/view/v3html/logs-view/v3-html-testrunner-logs-view.ftl"
[main] DEBUG pages.BasePage  - Checking if logs are displayed or not
[main] INFO  pages.BasePage  - Title of the Page is My Store
[main] INFO  pages.BasePage  - Title of the Page is My Store
[main] INFO  pages.BasePage  - Entered dress in the Serach
[main] INFO  pages.BasePage  - Title of the Page is Printed Summer Dress - My Store
[main] DEBUG pages.BasePage  - Checking if logs are displayed or not
[main] INFO  pages.BasePage  - Title of the Page is My Store
[main] INFO  pages.BasePage  - Title of the Page is My Store
[main] INFO  pages.BasePage  - Entered dress in the Serach
[main] INFO  pages.BasePage  - Title of the Page is Printed Summer Dress - My Store
[main] INFO  pages.BasePage  - Entered dress in the Serach
[main] INFO  pages.BasePage  - Entered dress in the Serach
[main] INFO  pages.BasePage  - Entered dress in the Serach
[main] DEBUG pages.BasePage  - Checking if logs are displayed or not
[main] INFO  pages.BasePage  - Title of the Page is My Store
[main] INFO  pages.BasePage  - Title of the Page is My Store
[main] INFO  pages.BasePage  - Entered dress in the Serach
[main] DEBUG freemarker.cache  - Couldn't find template in cache for "v3html/v3-html-index.ftl"("en", UTF-8, parsed); will try to load it.
[main] DEBUG freemarker.cache  - TemplateLoader.findTemplateSource("v3html/v3-html-index_en.ftl"): Not found
[main] DEBUG freemarker.cache  - TemplateLoader.findTemplateSource("v3html/v3-html-index.ftl"): Found
[main] DEBUG freemarker.cache  - Loading template for "v3html/v3-html-index.ftl"("en", UTF-8, parsed) from "jar:file:/C:/Users/Karan/.m2/repository/com/aventstack/extentreports/4.0.9/extentreports-4.0.9.jar!/com/aventstack/extentreports/view/v3html/v3-html-index.ftl"
[main] DEBUG freemarker.cache  - Couldn't find template in cache for "v3html/v3-html-head.ftl"("en", UTF-8, parsed); will try to load it.
[main] DEBUG freemarker.cache  - TemplateLoader.findTemplateSource("v3html/v3-html-head_en.ftl"): Not found
[main] DEBUG freemarker.cache  - TemplateLoader.findTemplateSource("v3html/v3-html-head.ftl"): Found
[main] DEBUG freemarker.cache  - Loading template for "v3html/v3-html-head.ftl"("en", UTF-8, parsed) from "jar:file:/C:/Users/Karan/.m2/repository/com/aventstack/extentreports/4.0.9/extentreports-4.0.9.jar!/com/aventstack/extentreports/view/v3html/v3-html-head.ftl"
[main] DEBUG freemarker.cache  - Couldn't find template in cache for "v3html/v3-html-nav.ftl"("en", UTF-8, parsed); will try to load it.
[main] DEBUG freemarker.cache  - TemplateLoader.findTemplateSource("v3html/v3-html-nav_en.ftl"): Not found
[main] DEBUG freemarker.cache  - TemplateLoader.findTemplateSource("v3html/v3-html-nav.ftl"): Found
[main] DEBUG freemarker.cache  - Loading template for "v3html/v3-html-nav.ftl"("en", UTF-8, parsed) from "jar:file:/C:/Users/Karan/.m2/repository/com/aventstack/extentreports/4.0.9/extentreports-4.0.9.jar!/com/aventstack/extentreports/view/v3html/v3-html-nav.ftl"
[main] DEBUG freemarker.cache  - Couldn't find template in cache for "v3html/test-view/v3-html-test-view.ftl"("en", UTF-8, parsed); will try to load it.
[main] DEBUG freemarker.cache  - TemplateLoader.findTemplateSource("v3html/test-view/v3-html-test-view_en.ftl"): Not found
[main] DEBUG freemarker.cache  - TemplateLoader.findTemplateSource("v3html/test-view/v3-html-test-view.ftl"): Found
[main] DEBUG freemarker.cache  - Loading template for "v3html/test-view/v3-html-test-view.ftl"("en", UTF-8, parsed) from "jar:file:/C:/Users/Karan/.m2/repository/com/aventstack/extentreports/4.0.9/extentreports-4.0.9.jar!/com/aventstack/extentreports/view/v3html/test-view/v3-html-test-view.ftl"
[main] DEBUG freemarker.cache  - Couldn't find template in cache for "v3html/test-view/v3-html-test-view-charts.ftl"("en", UTF-8, parsed); will try to load it.
[main] DEBUG freemarker.cache  - TemplateLoader.findTemplateSource("v3html/test-view/v3-html-test-view-charts_en.ftl"): Not found
[main] DEBUG freemarker.cache  - TemplateLoader.findTemplateSource("v3html/test-view/v3-html-test-view-charts.ftl"): Found
[main] DEBUG freemarker.cache  - Loading template for "v3html/test-view/v3-html-test-view-charts.ftl"("en", UTF-8, parsed) from "jar:file:/C:/Users/Karan/.m2/repository/com/aventstack/extentreports/4.0.9/extentreports-4.0.9.jar!/com/aventstack/extentreports/view/v3html/test-view/v3-html-test-view-charts.ftl"
[main] DEBUG freemarker.cache  - Couldn't find template in cache for "v3html/test-view/v3-html-standard.ftl"("en", UTF-8, parsed); will try to load it.
[main] DEBUG freemarker.cache  - TemplateLoader.findTemplateSource("v3html/test-view/v3-html-standard_en.ftl"): Not found
[main] DEBUG freemarker.cache  - TemplateLoader.findTemplateSource("v3html/test-view/v3-html-standard.ftl"): Found
[main] DEBUG freemarker.cache  - Loading template for "v3html/test-view/v3-html-standard.ftl"("en", UTF-8, parsed) from "jar:file:/C:/Users/Karan/.m2/repository/com/aventstack/extentreports/4.0.9/extentreports-4.0.9.jar!/com/aventstack/extentreports/view/v3html/test-view/v3-html-standard.ftl"
[main] DEBUG freemarker.cache  - "v3html/test-view/v3-html-standard.ftl"("en", UTF-8, parsed) cached copy not yet stale; using cached.
[main] DEBUG freemarker.cache  - "v3html/test-view/v3-html-standard.ftl"("en", UTF-8, parsed) cached copy not yet stale; using cached.
[main] DEBUG freemarker.cache  - Couldn't find template in cache for "v3html/category-view/v3-html-category-view.ftl"("en", UTF-8, parsed); will try to load it.
[main] DEBUG freemarker.cache  - TemplateLoader.findTemplateSource("v3html/category-view/v3-html-category-view_en.ftl"): Not found
[main] DEBUG freemarker.cache  - TemplateLoader.findTemplateSource("v3html/category-view/v3-html-category-view.ftl"): Found
[main] DEBUG freemarker.cache  - Loading template for "v3html/category-view/v3-html-category-view.ftl"("en", UTF-8, parsed) from "jar:file:/C:/Users/Karan/.m2/repository/com/aventstack/extentreports/4.0.9/extentreports-4.0.9.jar!/com/aventstack/extentreports/view/v3html/category-view/v3-html-category-view.ftl"
[main] DEBUG freemarker.cache  - Couldn't find template in cache for "v3html/exception-view/v3-html-exception-view.ftl"("en", UTF-8, parsed); will try to load it.
[main] DEBUG freemarker.cache  - TemplateLoader.findTemplateSource("v3html/exception-view/v3-html-exception-view_en.ftl"): Not found
[main] DEBUG freemarker.cache  - TemplateLoader.findTemplateSource("v3html/exception-view/v3-html-exception-view.ftl"): Found
[main] DEBUG freemarker.cache  - Loading template for "v3html/exception-view/v3-html-exception-view.ftl"("en", UTF-8, parsed) from "jar:file:/C:/Users/Karan/.m2/repository/com/aventstack/extentreports/4.0.9/extentreports-4.0.9.jar!/com/aventstack/extentreports/view/v3html/exception-view/v3-html-exception-view.ftl"
[main] DEBUG freemarker.cache  - Couldn't find template in cache for "v3html/author-view/v3-html-author-view.ftl"("en", UTF-8, parsed); will try to load it.
[main] DEBUG freemarker.cache  - TemplateLoader.findTemplateSource("v3html/author-view/v3-html-author-view_en.ftl"): Not found
[main] DEBUG freemarker.cache  - TemplateLoader.findTemplateSource("v3html/author-view/v3-html-author-view.ftl"): Found
[main] DEBUG freemarker.cache  - Loading template for "v3html/author-view/v3-html-author-view.ftl"("en", UTF-8, parsed) from "jar:file:/C:/Users/Karan/.m2/repository/com/aventstack/extentreports/4.0.9/extentreports-4.0.9.jar!/com/aventstack/extentreports/view/v3html/author-view/v3-html-author-view.ftl"
[main] DEBUG freemarker.cache  - Couldn't find template in cache for "v3html/dashboard-view/v3-html-dashboard-view.ftl"("en", UTF-8, parsed); will try to load it.
[main] DEBUG freemarker.cache  - TemplateLoader.findTemplateSource("v3html/dashboard-view/v3-html-dashboard-view_en.ftl"): Not found
[main] DEBUG freemarker.cache  - TemplateLoader.findTemplateSource("v3html/dashboard-view/v3-html-dashboard-view.ftl"): Found
[main] DEBUG freemarker.cache  - Loading template for "v3html/dashboard-view/v3-html-dashboard-view.ftl"("en", UTF-8, parsed) from "jar:file:/C:/Users/Karan/.m2/repository/com/aventstack/extentreports/4.0.9/extentreports-4.0.9.jar!/com/aventstack/extentreports/view/v3html/dashboard-view/v3-html-dashboard-view.ftl"
[main] DEBUG freemarker.cache  - Couldn't find template in cache for "v3html/logs-view/v3-html-testrunner-logs-view.ftl"("en", UTF-8, parsed); will try to load it.
[main] DEBUG freemarker.cache  - TemplateLoader.findTemplateSource("v3html/logs-view/v3-html-testrunner-logs-view_en.ftl"): Not found
[main] DEBUG freemarker.cache  - TemplateLoader.findTemplateSource("v3html/logs-view/v3-html-testrunner-logs-view.ftl"): Found
[main] DEBUG freemarker.cache  - Loading template for "v3html/logs-view/v3-html-testrunner-logs-view.ftl"("en", UTF-8, parsed) from "jar:file:/C:/Users/Karan/.m2/repository/com/aventstack/extentreports/4.0.9/extentreports-4.0.9.jar!/com/aventstack/extentreports/view/v3html/logs-view/v3-html-testrunner-logs-view.ftl"
